Component: ARM Compiler 5.06 update 7 (build 960) Tool: armlink [4d3601]

==============================================================================

Section Cross References

    startup_stm32f407xx.o(STACK) refers (Special) to heapauxi.o(.text) for __use_two_region_memory
    startup_stm32f407xx.o(HEAP) refers (Special) to heapauxi.o(.text) for __use_two_region_memory
    startup_stm32f407xx.o(RESET) refers (Special) to heapauxi.o(.text) for __use_two_region_memory
    startup_stm32f407xx.o(RESET) refers to startup_stm32f407xx.o(STACK) for __initial_sp
    startup_stm32f407xx.o(RESET) refers to startup_stm32f407xx.o(.text) for Reset_Handler
    startup_stm32f407xx.o(RESET) refers to stm32f4xx_it.o(i.NMI_Handler) for NMI_Handler
    startup_stm32f407xx.o(RESET) refers to stm32f4xx_it.o(i.HardFault_Handler) for HardFault_Handler
    startup_stm32f407xx.o(RESET) refers to stm32f4xx_it.o(i.MemManage_Handler) for MemManage_Handler
    startup_stm32f407xx.o(RESET) refers to stm32f4xx_it.o(i.BusFault_Handler) for BusFault_Handler
    startup_stm32f407xx.o(RESET) refers to stm32f4xx_it.o(i.UsageFault_Handler) for UsageFault_Handler
    startup_stm32f407xx.o(RESET) refers to port.o(.emb_text) for SVC_Handler
    startup_stm32f407xx.o(RESET) refers to stm32f4xx_it.o(i.DebugMon_Handler) for DebugMon_Handler
    startup_stm32f407xx.o(RESET) refers to port.o(i.SysTick_Handler) for SysTick_Handler
    startup_stm32f407xx.o(RESET) refers to stm32f4xx_it.o(i.EXTI3_IRQHandler) for EXTI3_IRQHandler
    startup_stm32f407xx.o(RESET) refers to stm32f4xx_it.o(i.EXTI4_IRQHandler) for EXTI4_IRQHandler
    startup_stm32f407xx.o(RESET) refers to stm32f4xx_it.o(i.DMA1_Stream1_IRQHandler) for DMA1_Stream1_IRQHandler
    startup_stm32f407xx.o(RESET) refers to stm32f4xx_it.o(i.DMA1_Stream3_IRQHandler) for DMA1_Stream3_IRQHandler
    startup_stm32f407xx.o(RESET) refers to stm32f4xx_it.o(i.CAN1_TX_IRQHandler) for CAN1_TX_IRQHandler
    startup_stm32f407xx.o(RESET) refers to stm32f4xx_it.o(i.CAN1_RX0_IRQHandler) for CAN1_RX0_IRQHandler
    startup_stm32f407xx.o(RESET) refers to stm32f4xx_it.o(i.EXTI9_5_IRQHandler) for EXTI9_5_IRQHandler
    startup_stm32f407xx.o(RESET) refers to stm32f4xx_it.o(i.TIM1_BRK_TIM9_IRQHandler) for TIM1_BRK_TIM9_IRQHandler
    startup_stm32f407xx.o(RESET) refers to stm32f4xx_it.o(i.TIM2_IRQHandler) for TIM2_IRQHandler
    startup_stm32f407xx.o(RESET) refers to stm32f4xx_it.o(i.TIM3_IRQHandler) for TIM3_IRQHandler
    startup_stm32f407xx.o(RESET) refers to stm32f4xx_it.o(i.TIM4_IRQHandler) for TIM4_IRQHandler
    startup_stm32f407xx.o(RESET) refers to stm32f4xx_it.o(i.SPI1_IRQHandler) for SPI1_IRQHandler
    startup_stm32f407xx.o(RESET) refers to stm32f4xx_it.o(i.USART1_IRQHandler) for USART1_IRQHandler
    startup_stm32f407xx.o(RESET) refers to stm32f4xx_it.o(i.USART3_IRQHandler) for USART3_IRQHandler
    startup_stm32f407xx.o(RESET) refers to stm32f4xx_it.o(i.TIM8_BRK_TIM12_IRQHandler) for TIM8_BRK_TIM12_IRQHandler
    startup_stm32f407xx.o(RESET) refers to stm32f4xx_it.o(i.TIM8_UP_TIM13_IRQHandler) for TIM8_UP_TIM13_IRQHandler
    startup_stm32f407xx.o(RESET) refers to stm32f4xx_it.o(i.DMA2_Stream0_IRQHandler) for DMA2_Stream0_IRQHandler
    startup_stm32f407xx.o(RESET) refers to stm32f4xx_it.o(i.DMA2_Stream1_IRQHandler) for DMA2_Stream1_IRQHandler
    startup_stm32f407xx.o(RESET) refers to stm32f4xx_it.o(i.DMA2_Stream2_IRQHandler) for DMA2_Stream2_IRQHandler
    startup_stm32f407xx.o(RESET) refers to stm32f4xx_it.o(i.DMA2_Stream3_IRQHandler) for DMA2_Stream3_IRQHandler
    startup_stm32f407xx.o(RESET) refers to stm32f4xx_it.o(i.CAN2_TX_IRQHandler) for CAN2_TX_IRQHandler
    startup_stm32f407xx.o(RESET) refers to stm32f4xx_it.o(i.CAN2_RX0_IRQHandler) for CAN2_RX0_IRQHandler
    startup_stm32f407xx.o(RESET) refers to stm32f4xx_it.o(i.DMA2_Stream6_IRQHandler) for DMA2_Stream6_IRQHandler
    startup_stm32f407xx.o(RESET) refers to stm32f4xx_it.o(i.DMA2_Stream7_IRQHandler) for DMA2_Stream7_IRQHandler
    startup_stm32f407xx.o(RESET) refers to stm32f4xx_it.o(i.USART6_IRQHandler) for USART6_IRQHandler
    startup_stm32f407xx.o(.text) refers (Special) to heapauxi.o(.text) for __use_two_region_memory
    startup_stm32f407xx.o(.text) refers to system_stm32f4xx.o(i.SystemInit) for SystemInit
    startup_stm32f407xx.o(.text) refers to __main.o(!!!main) for __main
    startup_stm32f407xx.o(.text) refers to startup_stm32f407xx.o(HEAP) for Heap_Mem
    startup_stm32f407xx.o(.text) refers to startup_stm32f407xx.o(STACK) for Stack_Mem
    main.o(i.HAL_TIM_PeriodElapsedCallback) refers to stm32f4xx_hal.o(i.HAL_IncTick) for HAL_IncTick
    main.o(i.HAL_UART_RxCpltCallback) refers to stm32f4xx_hal_uart.o(i.HAL_UART_DMAStop) for HAL_UART_DMAStop
    main.o(i.HAL_UART_RxCpltCallback) refers to stm32f4xx_hal_uart.o(i.HAL_UART_Transmit_DMA) for HAL_UART_Transmit_DMA
    main.o(i.HAL_UART_RxCpltCallback) refers to stm32f4xx_hal_uart.o(i.HAL_UART_Receive_DMA) for HAL_UART_Receive_DMA
[...]
    i.Verify_CRC16_Check_Sum                 0x0800477c   Section        0  crc.o(i.Verify_CRC16_Check_Sum)
    i.Verify_CRC8_Check_Sum                  0x080047b8   Section        0  crc.o(i.Verify_CRC8_Check_Sum)
    i.__NVIC_SetPriority                     0x080047de   Section        0  stm32f4xx_hal_cortex.o(i.__NVIC_SetPriority)
    __NVIC_SetPriority                       0x080047df   Thumb Code    32  stm32f4xx_hal_cortex.o(i.__NVIC_SetPriority)
    i.can_remote                             0x08004800   Section        0  drv_can.o(i.can_remote)
    i.dma_m0_rxcplt_callback                 0x08004824   Section        0  drv_usart.o(i.dma_m0_rxcplt_callback)
    dma_m0_rxcplt_callback                   0x08004825   Thumb Code    54  drv_usart.o(i.dma_m0_rxcplt_callback)
    i.dma_m1_rxcplt_callback                 0x08004870   Section        0  drv_usart.o(i.dma_m1_rxcplt_callback)
    dma_m1_rxcplt_callback                   0x08004871   Thumb Code    56  drv_usart.o(i.dma_m1_rxcplt_callback)
    i.main                                   0x080048b8   Section        0  main.o(i.main)
    i.prvResetNextTaskUnblockTime            0x08004980   Section        0  tasks.o(i.prvResetNextTaskUnblockTime)
    prvResetNextTaskUnblockTime              0x08004981   Thumb Code    26  tasks.o(i.prvResetNextTaskUnblockTime)
    i.uart_rx_idle_callback                  0x080049a0   Section        0  drv_usart.o(i.uart_rx_idle_callback)
    uart_rx_idle_callback                    0x080049a1   Thumb Code   142  drv_usart.o(i.uart_rx_idle_callback)
    i.uxListRemove                           0x08004a3c   Section        0  list.o(i.uxListRemove)
    i.vListInsertEnd                         0x08004a62   Section        0  list.o(i.vListInsertEnd)
    i.vTaskSwitchContext                     0x08004a7c   Section        0  tasks.o(i.vTaskSwitchContext)
    i.xTaskIncrementTick                     0x08004ad8   Section        0  tasks.o(i.xTaskIncrementTick)
    x$fpl$fpinit                             0x08004ba4   Section       10  fpinit.o(x$fpl$fpinit)
    $v0                                      0x08004ba4   Number         0  fpinit.o(x$fpl$fpinit)
    .constdata                               0x08004bae   Section        8  stm32f4xx_hal_dma.o(.constdata)
    flagBitshiftOffset                       0x08004bae   Data           8  stm32f4xx_hal_dma.o(.constdata)
    .constdata                               0x08004bb6   Section       16  system_stm32f4xx.o(.constdata)
    .constdata                               0x08004bc6   Section        8  system_stm32f4xx.o(.constdata)
    .constdata                               0x08004bce   Section      768  crc.o(.constdata)
    .data                                    0x20000000   Section        3  main.o(.data)
    .data                                    0x20000004   Section        4  can.o(.data)
    HAL_RCC_CAN1_CLK_ENABLED                 0x20000004   Data           4  can.o(.data)
    .data                                    0x20000008   Section        8  stm32f4xx_it.o(.data)
    .data                                    0x20000010   Section       12  stm32f4xx_hal.o(.data)
    .data                                    0x2000001c   Section        4  system_stm32f4xx.o(.data)
    .data                                    0x20000020   Section       60  tasks.o(.data)
    uxDeletedTasksWaitingCleanUp             0x20000024   Data           4  tasks.o(.data)
    uxCurrentNumberOfTasks                   0x20000028   Data           4  tasks.o(.data)
    xTickCount                               0x2000002c   Data           4  tasks.o(.data)
    uxTopReadyPriority                       0x20000030   Data           4  tasks.o(.data)
    xSchedulerRunning                        0x20000034   Data           4  tasks.o(.data)
    xPendedTicks                             0x20000038   Data           4  tasks.o(.data)
    xYieldPending                            0x2000003c   Data           4  tasks.o(.data)
    xNumOfOverflows                          0x20000040   Data           4  tasks.o(.data)
    uxTaskNumber                             0x20000044   Data           4  tasks.o(.data)
    xNextTaskUnblockTime                     0x20000048   Data           4  tasks.o(.data)
    xIdleTaskHandle                          0x2000004c   Data           4  tasks.o(.data)
    uxSchedulerSuspended                     0x20000050   Data           4  tasks.o(.data)
    pxDelayedTaskList                        0x20000054   Data           4  tasks.o(.data)
    pxOverflowDelayedTaskList                0x20000058   Data           4  tasks.o(.data)
    .data                                    0x20000060   Section      132  chassis_task.o(.data)
    Scaling1                                 0x200000a8   Data           8  chassis_task.o(.data)
    Scaling2                                 0x200000b0   Data           8  chassis_task.o(.data)
    Scaling3                                 0x200000b8   Data           8  chassis_task.o(.data)
    Scaling4                                 0x200000c0   Data           8  chassis_task.o(.data)
    .data                                    0x200000e4   Section        1  chassis_task.o(.data)
    .data                                    0x200000e5   Section        1  chassis_task.o(.data)
    .data                                    0x200000e6   Section        2  drv_can.o(.data)
    .data                                    0x200000e8   Section        1  drv_usart.o(.data)
    .data                                    0x200000ec   Section       20  judge.o(.data)
    .data                                    0x20000100   Section       44  rc_potocal.o(.data)
    .data                                    0x2000012c   Section        2  crc.o(.data)
    .bss                                     0x20000130   Section      152  main.o(.bss)
    .bss                                     0x200001c8   Section       80  can.o(.bss)
    .bss                                     0x20000218   Section       84  i2c.o(.bss)
    .bss                                     0x2000026c   Section      280  spi.o(.bss)
    .bss                                     0x20000384   Section      432  tim.o(.bss)
    .bss                                     0x20000534   Section      780  usart.o(.bss)
    .bss                                     0x20000840   Section       72  stm32f4xx_hal_timebase_tim.o(.bss)
    .bss                                     0x20000888   Section      240  tasks.o(.bss)
    pxReadyTasksLists                        0x20000888   Data         140  tasks.o(.bss)
    xDelayedTaskList1                        0x20000914   Data          20  tasks.o(.bss)
    xDelayedTaskList2                        0x20000928   Data          20  tasks.o(.bss)
    xPendingReadyList                        0x2000093c   Data          20  tasks.o(.bss)
    xTasksWaitingTermination                 0x20000950   Data          20  tasks.o(.bss)
    xSuspendedTaskList                       0x20000964   Data          20  tasks.o(.bss)
    .bss                                     0x20000978   Section      164  ins_task.o(.bss)
    .bss                                     0x20000a1c   Section      368  chassis_task.o(.bss)
    .bss                                     0x20000b8c   Section      448  drv_usart.o(.bss)
    .bss                                     0x20000d4c   Section      158  judge.o(.bss)
    .bss                                     0x20000dea   Section       22  rc_potocal.o(.bss)
    .bss                                     0x20000e00   Section       96  libspace.o(.bss)
    HEAP                                     0x20000e60   Section      512  startup_stm32f407xx.o(HEAP)
    Heap_Mem                                 0x20000e60   Data         512  startup_stm32f407xx.o(HEAP)
    STACK                                    0x20001060   Section     1024  startup_stm32f407xx.o(STACK)
    Stack_Mem                                0x20001060   Data        1024  startup_stm32f407xx.o(STACK)
    __initial_sp                             0x20001460   Data           0  startup_stm32f407xx.o(STACK)

    Global Symbols

    Symbol Name                              Value     Ov Type        Size  Object(Section)

    BuildAttributes$$THM_ISAv4$E$P$D$K$B$S$7EM$VFPi3$EXTD16$VFPS$VFMA$PE$A:L22UL41UL21$X:L11$S22US41US21$IEEE1$IW$USESV6$~STKCKD$USESV7$~SHL$OTIME$ROPI$IEEEX$EBA8$UX$STANDARDLIB$REQ8$PRES8$EABIv2 0x00000000   Number         0  anon$$obj.o ABSOLUTE
    __ARM_use_no_argv                        0x00000000   Number         0  main.o ABSOLUTE
    __ARM_exceptions_init                     - Undefined Weak Reference
    __alloca_initialize                       - Undefined Weak Reference
    __arm_fini_                               - Undefined Weak Reference
    __arm_preinit_                            - Undefined Weak Reference
    __cpp_initialize__aeabi_                  - Undefined Weak Reference
    __cxa_finalize                            - Undefined Weak Reference
    __rt_locale                               - Undefined Weak Reference
    __sigvec_lookup                           - Undefined Weak Reference
    _atexit_init                              - Undefined Weak Reference
    _call_atexit_fns                          - Undefined Weak Reference
    _clock_init                               - Undefined Weak Reference
    _fp_trap_init                             - Undefined Weak Reference
    _fp_trap_shutdown                         - Undefined Weak Reference
    _get_lc_collate                           - Undefined Weak Reference
    _get_lc_ctype                             - Undefined Weak Reference
    _get_lc_monetary                          - Undefined Weak Reference
    _get_lc_numeric                           - Undefined Weak Reference
    _get_lc_time                              - Undefined Weak Reference
    _getenv_init                              - Undefined Weak Reference
    _handle_redirection                       - Undefined Weak Reference
    _init_alloc                               - Undefined Weak Reference
    _init_user_alloc                          - Undefined Weak Reference
    _initio                                   - Undefined Weak Reference
    _rand_init                                - Undefined Weak Reference
    _signal_finish                            - Undefined Weak Reference
    _signal_init                              - Undefined Weak Reference
    _terminate_alloc                          - Undefined Weak Reference
    _terminate_user_alloc                     - Undefined Weak Reference
    _terminateio                              - Undefined Weak Reference
    __Vectors_Size                           0x00000188   Number         0  startup_stm32f407xx.o ABSOLUTE
    __Vectors                                0x08000000   Data           4  startup_stm32f407xx.o(RESET)
    __Vectors_End                            0x08000188   Data           0  startup_stm32f407xx.o(RESET)
    __main                                   0x08000189   Thumb Code     8  __main.o(!!!main)
    __scatterload                            0x08000191   Thumb Code     0  __scatter.o(!!!scatter)
    __scatterload_rt2                        0x08000191   Thumb Code    44  __scatter.o(!!!scatter)
    __scatterload_rt2_thumb_only             0x08000191   Thumb Code     0  __scatter.o(!!!scatter)
    __scatterload_null                       0x0800019f   Thumb Code     0  __scatter.o(!!!scatter)
    __decompress                             0x080001c5   Thumb Code    58  __dczerorl.o(!!dczerorl)
    __decompress0                            0x080001c5   Thumb Code     0  __dczerorl.o(!!dczerorl)
    __scatterload_zeroinit                   0x08000201   Thumb Code    28  __scatter_zi.o(!!handler_zi)
    __rt_lib_init                            0x0800021d   Thumb Code     0  libinit.o(.ARM.Collect$$libinit$$00000000)
    __rt_lib_init_fp_1                       0x0800021f   Thumb Code     0  libinit2.o(.ARM.Collect$$libinit$$00000001)
    __rt_lib_init_alloca_1                   0x08000223   Thumb Code     0  libinit2.o(.ARM.Collect$$libinit$$0000002E)
    __rt_lib_init_argv_1                     0x08000223   Thumb Code     0  libinit2.o(.ARM.Collect$$libinit$$0000002C)
    __rt_lib_init_atexit_1                   0x08000223   Thumb Code     0  libinit2.o(.ARM.Collect$$libinit$$0000001B)
    __rt_lib_init_clock_1                    0x08000223   Thumb Code     0  libinit2.o(.ARM.Collect$$libinit$$00000021)
    __rt_lib_init_cpp_1                      0x08000223   Thumb Code     0  libinit2.o(.ARM.Collect$$libinit$$00000032)
    __rt_lib_init_exceptions_1               0x08000223   Thumb Code     0  libinit2.o(.ARM.Collect$$libinit$$00000030)
    __rt_lib_init_fp_trap_1                  0x08000223   Thumb Code     0  libinit2.o(.ARM.Collect$$libinit$$0000001F)
    __rt_lib_init_getenv_1                   0x08000223   Thumb Code     0  libinit2.o(.ARM.Collect$$libinit$$00000023)
    __rt_lib_init_heap_1                     0x08000223   Thumb Code     0  libinit2.o(.ARM.Collect$$libinit$$0000000A)
    __rt_lib_init_lc_collate_1               0x08000223   Thumb Code     0  libinit2.o(.ARM.Collect$$libinit$$00000011)
    __rt_lib_init_lc_ctype_1                 0x08000223   Thumb Code     0  libinit2.o(.ARM.Collect$$libinit$$00000013)
    __rt_lib_init_lc_monetary_1              0x08000223   Thumb Code     0  libinit2.o(.ARM.Collect$$libinit$$00000015)
    __rt_lib_init_lc_numeric_1               0x08000223   Thumb Code     0  libinit2.o(.ARM.Collect$$libinit$$00000017)
    __rt_lib_init_lc_time_1                  0x08000223   Thumb Code     0  libinit2.o(.ARM.Collect$$libinit$$00000019)
    __rt_lib_init_preinit_1                  0x08000223   Thumb Code     0  libinit2.o(.ARM.Collect$$libinit$$00000004)
    __rt_lib_init_rand_1                     0x08000223   Thumb Code     0  libinit2.o(.ARM.Collect$$libinit$$0000000E)
    __rt_lib_init_return                     0x08000223   Thumb Code     0  libinit2.o(.ARM.Collect$$libinit$$00000033)
    __rt_lib_init_signal_1                   0x08000223   Thumb Code     0  libinit2.o(.ARM.Collect$$libinit$$0000001D)
    __rt_lib_init_stdio_1                    0x08000223   Thumb Code     0  libinit2.o(.ARM.Collect$$libinit$$00000025)
    __rt_lib_init_user_alloc_1               0x08000223   Thumb Code     0  libinit2.o(.ARM.Collect$$libinit$$0000000C)
    __rt_lib_shutdown                        0x08000225   Thumb Code     0  libshutdown.o(.ARM.Collect$$libshutdown$$00000000)
    __rt_lib_shutdown_cpp_1                  0x08000227   Thumb Code     0  libshutdown2.o(.ARM.Collect$$libshutdown$$00000004)
    __rt_lib_shutdown_fini_1                 0x08000227   Thumb Code     0  libshutdown2.o(.ARM.Collect$$libshutdown$$00000002)
    __rt_lib_shutdown_fp_trap_1              0x08000227   Thumb Code     0  libshutdown2.o(.ARM.Collect$$libshutdown$$00000009)
    __rt_lib_shutdown_heap_1                 0x08000227   Thumb Code     0  libshutdown2.o(.ARM.Collect$$libshutdown$$00000011)
    __rt_lib_shutdown_return                 0x08000227   Thumb Code     0  libshutdown2.o(.ARM.Collect$$libshutdown$$00000012)
    __rt_lib_shutdown_signal_1               0x08000227   Thumb Code     0  libshutdown2.o(.ARM.Collect$$libshutdown$$0000000C)
    __rt_lib_shutdown_stdio_1                0x08000227   Thumb Code     0  libshutdown2.o(.ARM.Collect$$libshutdown$$00000006)
    __rt_lib_shutdown_user_alloc_1           0x08000227   Thumb Code     0  libshutdown2.o(.ARM.Collect$$libshutdown$$0000000E)
    __rt_entry                               0x08000229   Thumb Code     0  __rtentry.o(.ARM.Collect$$rtentry$$00000000)
    __rt_entry_presh_1                       0x08000229   Thumb Code     0  __rtentry2.o(.ARM.Collect$$rtentry$$00000002)
    __rt_entry_sh                            0x08000229   Thumb Code     0  __rtentry4.o(.ARM.Collect$$rtentry$$00000004)
    __rt_entry_li                            0x0800022f   Thumb Code     0  __rtentry2.o(.ARM.Collect$$rtentry$$0000000A)
    __rt_entry_postsh_1                      0x0800022f   Thumb Code     0  __rtentry2.o(.ARM.Collect$$rtentry$$00000009)
    __rt_entry_main                          0x08000233   Thumb Code     0  __rtentry2.o(.ARM.Collect$$rtentry$$0000000D)
    __rt_entry_postli_1                      0x08000233   Thumb Code     0  __rtentry2.o(.ARM.Collect$$rtentry$$0000000C)
    __rt_exit                                0x0800023b   Thumb Code     0  rtexit.o(.ARM.Collect$$rtexit$$00000000)
    __rt_exit_ls                             0x0800023d   Thumb Code     0  rtexit2.o(.ARM.Collect$$rtexit$$00000003)
    __rt_exit_prels_1                        0x0800023d   Thumb Code     0  rtexit2.o(.ARM.Collect$$rtexit$$00000002)
    __rt_exit_exit                           0x08000241   Thumb Code     0  rtexit2.o(.ARM.Collect$$rtexit$$00000004)
    SVC_Handler                              0x08000249   Thumb Code    28  port.o(.emb_text)
    __asm___6_port_c_39a90d8d__prvStartFirstTask 0x08000269   Thumb Code    36  port.o(.emb_text)
    __asm___6_port_c_39a90d8d__prvEnableVFP  0x08000291   Thumb Code    16  port.o(.emb_text)
    PendSV_Handler                           0x080002a5   Thumb Code    88  port.o(.emb_text)
    vPortGetIPSR                             0x08000301   Thumb Code     6  port.o(.emb_text)
    Reset_Handler                            0x08000309   Thumb Code     8  startup_stm32f407xx.o(.text)
    ADC_IRQHandler                           0x08000323   Thumb Code     0  startup_stm32f407xx.o(.text)
    CAN1_RX1_IRQHandler                      0x08000323   Thumb Code     0  startup_stm32f407xx.o(.text)
    CAN1_SCE_IRQHandler                      0x08000323   Thumb Code     0  startup_stm32f407xx.o(.text)
    CAN2_RX1_IRQHandler                      0x08000323   Thumb Code     0  startup_stm32f407xx.o(.text)
    CAN2_SCE_IRQHandler                      0x08000323   Thumb Code     0  startup_stm32f407xx.o(.text)
    DCMI_IRQHandler                          0x08000323   Thumb Code     0  startup_stm32f407xx.o(.text)
    DMA1_Stream0_IRQHandler                  0x08000323   Thumb Code     0  startup_stm32f407xx.o(.text)
    DMA1_Stream2_IRQHandler                  0x08000323   Thumb Code     0  startup_stm32f407xx.o(.text)
    DMA1_Stream4_IRQHandler                  0x08000323   Thumb Code     0  startup_stm32f407xx.o(.text)
    DMA1_Stream5_IRQHandler                  0x08000323   Thumb Code     0  startup_stm32f407xx.o(.text)
    DMA1_Stream6_IRQHandler                  0x08000323   Thumb Code     0  startup_stm32f407xx.o(.text)
    DMA1_Stream7_IRQHandler                  0x08000323   Thumb Code     0  startup_stm32f407xx.o(.text)
    DMA2_Stream4_IRQHandler                  0x08000323   Thumb Code     0  startup_stm32f407xx.o(.text)
    DMA2_Stream5_IRQHandler                  0x08000323   Thumb Code     0  startup_stm32f407xx.o(.text)
    ETH_IRQHandler                           0x08000323   Thumb Code     0  startup_stm32f407xx.o(.text)
    ETH_WKUP_IRQHandler                      0x08000323   Thumb Code     0  startup_stm32f407xx.o(.text)
    EXTI0_IRQHandler                         0x08000323   Thumb Code     0  startup_stm32f407xx.o(.text)
    EXTI15_10_IRQHandler                     0x08000323   Thumb Code     0  startup_stm32f407xx.o(.text)
    EXTI1_IRQHandler                         0x08000323   Thumb Code     0  startup_stm32f407xx.o(.text)
    EXTI2_IRQHandler                         0x08000323   Thumb Code     0  startup_stm32f407xx.o(.text)
    FLASH_IRQHandler                         0x08000323   Thumb Code     0  startup_stm32f407xx.o(.text)
    FMC_IRQHandler                           0x08000323   Thumb Code     0  startup_stm32f407xx.o(.text)
    FPU_IRQHandler                           0x08000323   Thumb Code     0  startup_stm32f407xx.o(.text)
    HASH_RNG_IRQHandler                      0x08000323   Thumb Code     0  startup_stm32f407xx.o(.text)
    I2C1_ER_IRQHandler                       0x08000323   Thumb Code     0  startup_stm32f407xx.o(.text)
    I2C1_EV_IRQHandler                       0x08000323   Thumb Code     0  startup_stm32f407xx.o(.text)
    I2C2_ER_IRQHandler                       0x08000323   Thumb Code     0  startup_stm32f407xx.o(.text)
    I2C2_EV_IRQHandler                       0x08000323   Thumb Code     0  startup_stm32f407xx.o(.text)
    I2C3_ER_IRQHandler                       0x08000323   Thumb Code     0  startup_stm32f407xx.o(.text)
    I2C3_EV_IRQHandler                       0x08000323   Thumb Code     0  startup_stm32f407xx.o(.text)
    OTG_FS_IRQHandler                        0x08000323   Thumb Code     0  startup_stm32f407xx.o(.text)
    OTG_FS_WKUP_IRQHandler                   0x08000323   Thumb Code     0  startup_stm32f407xx.o(.text)
    OTG_HS_EP1_IN_IRQHandler                 0x08000323   Thumb Code     0  startup_stm32f407xx.o(.text)
    OTG_HS_EP1_OUT_IRQHandler                0x08000323   Thumb Code     0  startup_stm32f407xx.o(.text)
    OTG_HS_IRQHandler                        0x08000323   Thumb Code     0  startup_stm32f407xx.o(.text)
    OTG_HS_WKUP_IRQHandler                   0x08000323   Thumb Code     0  startup_stm32f407xx.o(.text)
    PVD_IRQHandler                           0x08000323   Thumb Code     0  startup_stm32f407xx.o(.text)
    RCC_IRQHandler                           0x08000323   Thumb Code     0  startup_stm32f407xx.o(.text)
    RTC_Alarm_IRQHandler                     0x08000323   Thumb Code     0  startup_stm32f407xx.o(.text)
    RTC_WKUP_IRQHandler                      0x08000323   Thumb Code     0  startup_stm32f407xx.o(.text)
    SDIO_IRQHandler                          0x08000323   Thumb Code     0  startup_stm32f407xx.o(.text)
    SPI2_IRQHandler                          0x08000323   Thumb Code     0  startup_stm32f407xx.o(.text)
    SPI3_IRQHandler                          0x08000323   Thumb Code     0  startup_stm32f407xx.o(.text)
    TAMP_STAMP_IRQHandler                    0x08000323   Thumb Code     0  startup_stm32f407xx.o(.text)
    TIM1_CC_IRQHandler                       0x08000323   Thumb Code     0  startup_stm32f407xx.o(.text)
    TIM1_TRG_COM_TIM11_IRQHandler            0x08000323   Thumb Code     0  startup_stm32f407xx.o(.text)
    TIM1_UP_TIM10_IRQHandler                 0x08000323   Thumb Code     0  startup_stm32f407xx.o(.text)
    TIM5_IRQHandler                          0x08000323   Thumb Code     0  startup_stm32f407xx.o(.text)
    TIM6_DAC_IRQHandler                      0x08000323   Thumb Code     0  startup_stm32f407xx.o(.text)
    TIM7_IRQHandler                          0x08000323   Thumb Code     0  startup_stm32f407xx.o(.text)
    TIM8_CC_IRQHandler                       0x08000323   Thumb Code     0  startup_stm32f407xx.o(.text)
    TIM8_TRG_COM_TIM14_IRQHandler            0x08000323   Thumb Code     0  startup_stm32f407xx.o(.text)
    UART4_IRQHandler                         0x08000323   Thumb Code     0  startup_stm32f407xx.o(.text)
    UART5_IRQHandler                         0x08000323   Thumb Code     0  startup_stm32f407xx.o(.text)
    USART2_IRQHandler                        0x08000323   Thumb Code     0  startup_stm32f407xx.o(.text)
    WWDG_IRQHandler                          0x08000323   Thumb Code     0  startup_stm32f407xx.o(.text)
    __user_initial_stackheap                 0x08000325   Thumb Code     0  startup_stm32f407xx.o(.text)
    __aeabi_uldivmod                         0x08000349   Thumb Code     0  lludivv7m.o(.text)
    _ll_udiv                                 0x08000349   Thumb Code   238  lludivv7m.o(.text)
    __aeabi_memcpy                           0x08000437   Thumb Code     0  rt_memcpy_v6.o(.text)
    __rt_memcpy                              0x08000437   Thumb Code   138  rt_memcpy_v6.o(.text)
    _memcpy_lastbytes                        0x0800049d   Thumb Code     0  rt_memcpy_v6.o(.text)
    __aeabi_memcpy4                          0x080004c1   Thumb Code     0  rt_memcpy_w.o(.text)
    __aeabi_memcpy8                          0x080004c1   Thumb Code     0  rt_memcpy_w.o(.text)
    __rt_memcpy_w                            0x080004c1   Thumb Code   100  rt_memcpy_w.o(.text)
    _memcpy_lastbytes_aligned                0x08000509   Thumb Code     0  rt_memcpy_w.o(.text)
    __aeabi_memclr4                          0x08000525   Thumb Code     0  rt_memclr_w.o(.text)
    __aeabi_memclr8                          0x08000525   Thumb Code     0  rt_memclr_w.o(.text)
    __rt_memclr_w                            0x08000525   Thumb Code    78  rt_memclr_w.o(.text)
    _memset_w                                0x08000529   Thumb Code     0  rt_memclr_w.o(.text)
    __use_two_region_memory                  0x08000573   Thumb Code     2  heapauxi.o(.text)
    __rt_heap_escrow$2region                 0x08000575   Thumb Code     2  heapauxi.o(.text)
    __rt_heap_expand$2region                 0x08000577   Thumb Code     2  heapauxi.o(.text)
    __user_libspace                          0x08000579   Thumb Code     8  libspace.o(.text)
    __user_perproc_libspace                  0x08000579   Thumb Code     0  libspace.o(.text)
    __user_perthread_libspace                0x08000579   Thumb Code     0  libspace.o(.text)
    __user_setup_stackheap                   0x08000581   Thumb Code    74  sys_stackheap_outer.o(.text)
    exit                                     0x080005cb   Thumb Code    18  exit.o(.text)
    _sys_exit                                0x080005dd   Thumb Code     8  sys_exit.o(.text)
    __I$use$semihosting                      0x080005e9   Thumb Code     0  use_no_semi.o(.text)
    __use_no_semihosting_swi                 0x080005e9   Thumb Code     2  use_no_semi.o(.text)
    BusFault_Handler                         0x080005eb   Thumb Code     2  stm32f4xx_it.o(i.BusFault_Handler)
    __semihosting_library_function           0x080005eb   Thumb Code     0  indicate_semi.o(.text)
    CAN1_Init                                0x080005ed   Thumb Code    56  drv_can.o(i.CAN1_Init)
    CAN1_RX0_IRQHandler                      0x08000629   Thumb Code     6  stm32f4xx_it.o(i.CAN1_RX0_IRQHandler)
    CAN1_TX_IRQHandler                       0x08000635   Thumb Code     6  stm32f4xx_it.o(i.CAN1_TX_IRQHandler)
    CAN2_Init                                0x08000641   Thumb Code    56  drv_can.o(i.CAN2_Init)
    CAN2_RX0_IRQHandler                      0x0800067d   Thumb Code     6  stm32f4xx_it.o(i.CAN2_RX0_IRQHandler)
    CAN2_TX_IRQHandler                       0x08000689   Thumb Code     6  stm32f4xx_it.o(i.CAN2_TX_IRQHandler)
    DMA1_Stream1_IRQHandler                  0x08000695   Thumb Code     6  stm32f4xx_it.o(i.DMA1_Stream1_IRQHandler)
    DMA1_Stream3_IRQHandler                  0x080006a1   Thumb Code     6  stm32f4xx_it.o(i.DMA1_Stream3_IRQHandler)
    DMA2_Stream0_IRQHandler                  0x080006ad   Thumb Code     6  stm32f4xx_it.o(i.DMA2_Stream0_IRQHandler)
    DMA2_Stream1_IRQHandler                  0x080006b9   Thumb Code     6  stm32f4xx_it.o(i.DMA2_Stream1_IRQHandler)
    DMA2_Stream2_IRQHandler                  0x080006c5   Thumb Code     6  stm32f4xx_it.o(i.DMA2_Stream2_IRQHandler)
    DMA2_Stream3_IRQHandler                  0x080006d1   Thumb Code     6  stm32f4xx_it.o(i.DMA2_Stream3_IRQHandler)
    DMA2_Stream6_IRQHandler                  0x080006dd   Thumb Code     6  stm32f4xx_it.o(i.DMA2_Stream6_IRQHandler)
    DMA2_Stream7_IRQHandler                  0x080006e9   Thumb Code     6  stm32f4xx_it.o(i.DMA2_Stream7_IRQHandler)
    DRV_USART3_IRQHandler                    0x080009dd   Thumb Code    20  drv_usart.o(i.DRV_USART3_IRQHandler)
    DRV_USART6_IRQHandler                    0x080009f1   Thumb Code    20  drv_usart.o(i.DRV_USART6_IRQHandler)
    DebugMon_Handler                         0x08000a05   Thumb Code     2  stm32f4xx_it.o(i.DebugMon_Handler)
    EXTI3_IRQHandler                         0x08000a07   Thumb Code     6  stm32f4xx_it.o(i.EXTI3_IRQHandler)
    EXTI4_IRQHandler                         0x08000a0d   Thumb Code     6  stm32f4xx_it.o(i.EXTI4_IRQHandler)
    EXTI9_5_IRQHandler                       0x08000a15   Thumb Code    74  stm32f4xx_it.o(i.EXTI9_5_IRQHandler)
    Error_Handler                            0x08000a71   Thumb Code     4  main.o(i.Error_Handler)
    Get_CRC16_Check_Sum                      0x08000a75   Thumb Code    38  crc.o(i.Get_CRC16_Check_Sum)
    Get_CRC8_Check_Sum                       0x08000aa1   Thumb Code    24  crc.o(i.Get_CRC8_Check_Sum)
    HAL_CAN_ActivateNotification             0x08000abd   Thumb Code    36  stm32f4xx_hal_can.o(i.HAL_CAN_ActivateNotification)
    HAL_CAN_AddTxMessage                     0x08000ae1   Thumb Code   220  stm32f4xx_hal_can.o(i.HAL_CAN_AddTxMessage)
    HAL_CAN_ConfigFilter                     0x08000bbd   Thumb Code   262  stm32f4xx_hal_can.o(i.HAL_CAN_ConfigFilter)
    HAL_CAN_ErrorCallback                    0x08000cc9   Thumb Code     2  stm32f4xx_hal_can.o(i.HAL_CAN_ErrorCallback)
    HAL_CAN_GetRxMessage                     0x08000ccb   Thumb Code   232  stm32f4xx_hal_can.o(i.HAL_CAN_GetRxMessage)
    HAL_CAN_IRQHandler                       0x08000db3   Thumb Code   508  stm32f4xx_hal_can.o(i.HAL_CAN_IRQHandler)
    HAL_CAN_Init                             0x08000faf   Thumb Code   282  stm32f4xx_hal_can.o(i.HAL_CAN_Init)
    HAL_CAN_MspInit                          0x080010c9   Thumb Code   258  can.o(i.HAL_CAN_MspInit)
    HAL_CAN_RxFifo0FullCallback              0x080011e5   Thumb Code     2  stm32f4xx_hal_can.o(i.HAL_CAN_RxFifo0FullCallback)
    HAL_CAN_RxFifo0MsgPendingCallback        0x080011e9   Thumb Code   136  drv_can.o(i.HAL_CAN_RxFifo0MsgPendingCallback)
    HAL_CAN_RxFifo1FullCallback              0x08001285   Thumb Code     2  stm32f4xx_hal_can.o(i.HAL_CAN_RxFifo1FullCallback)
    HAL_CAN_RxFifo1MsgPendingCallback        0x08001287   Thumb Code     2  stm32f4xx_hal_can.o(i.HAL_CAN_RxFifo1MsgPendingCallback)
    HAL_CAN_SleepCallback                    0x08001289   Thumb Code     2  stm32f4xx_hal_can.o(i.HAL_CAN_SleepCallback)
    HAL_CAN_Start                            0x0800128d   Thumb Code    88  stm32f4xx_hal_can.o(i.HAL_CAN_Start)
    HAL_CAN_TxMailbox0AbortCallback          0x080012e5   Thumb Code     2  stm32f4xx_hal_can.o(i.HAL_CAN_TxMailbox0AbortCallback)
    HAL_CAN_TxMailbox0CompleteCallback       0x080012e7   Thumb Code     2  stm32f4xx_hal_can.o(i.HAL_CAN_TxMailbox0CompleteCallback)
    HAL_CAN_TxMailbox1AbortCallback          0x080012e9   Thumb Code     2  stm32f4xx_hal_can.o(i.HAL_CAN_TxMailbox1AbortCallback)
    HAL_CAN_TxMailbox1CompleteCallback       0x080012eb   Thumb Code     2  stm32f4xx_hal_can.o(i.HAL_CAN_TxMailbox1CompleteCallback)
    HAL_CAN_TxMailbox2AbortCallback          0x080012ed   Thumb Code     2  stm32f4xx_hal_can.o(i.HAL_CAN_TxMailbox2AbortCallback)
    HAL_CAN_TxMailbox2CompleteCallback       0x080012ef   Thumb Code     2  stm32f4xx_hal_can.o(i.HAL_CAN_TxMailbox2CompleteCallback)
    HAL_CAN_WakeUpFromRxMsgCallback          0x080012f1   Thumb Code     2  stm32f4xx_hal_can.o(i.HAL_CAN_WakeUpFromRxMsgCallback)
    HAL_DMA_Abort                            0x080012f3   Thumb Code   146  stm32f4xx_hal_dma.o(i.HAL_DMA_Abort)
    HAL_DMA_Abort_IT                         0x08001385   Thumb Code    36  stm32f4xx_hal_dma.o(i.HAL_DMA_Abort_IT)
    HAL_DMA_IRQHandler                       0x080013a9   Thumb Code   412  stm32f4xx_hal_dma.o(i.HAL_DMA_IRQHandler)
    HAL_DMA_Init                             0x08001549   Thumb Code   206  stm32f4xx_hal_dma.o(i.HAL_DMA_Init)
    HAL_DMA_Start_IT                         0x0800161d   Thumb Code   110  stm32f4xx_hal_dma.o(i.HAL_DMA_Start_IT)
    HAL_Delay                                0x0800168d   Thumb Code    32  stm32f4xx_hal.o(i.HAL_Delay)
    HAL_GPIO_EXTI_Callback                   0x080016b1   Thumb Code     2  stm32f4xx_hal_gpio.o(i.HAL_GPIO_EXTI_Callback)
    HAL_GPIO_EXTI_IRQHandler                 0x080016b5   Thumb Code    18  stm32f4xx_hal_gpio.o(i.HAL_GPIO_EXTI_IRQHandler)
    HAL_GPIO_Init                            0x080016cd   Thumb Code   450  stm32f4xx_hal_gpio.o(i.HAL_GPIO_Init)
    HAL_GPIO_WritePin                        0x080018bd   Thumb Code    10  stm32f4xx_hal_gpio.o(i.HAL_GPIO_WritePin)
    HAL_GetTick                              0x080018c9   Thumb Code     6  stm32f4xx_hal.o(i.HAL_GetTick)
    HAL_I2C_Init                             0x080018d5   Thumb Code   376  stm32f4xx_hal_i2c.o(i.HAL_I2C_Init)
    HAL_I2C_MspInit                          0x08001a5d   Thumb Code   130  i2c.o(i.HAL_I2C_MspInit)
    HAL_IncTick                              0x08001af1   Thumb Code    12  stm32f4xx_hal.o(i.HAL_IncTick)
    HAL_Init                                 0x08001b01   Thumb Code    48  stm32f4xx_hal.o(i.HAL_Init)
    HAL_InitTick                             0x08001b35   Thumb Code   132  stm32f4xx_hal_timebase_tim.o(i.HAL_InitTick)
    HAL_MspInit                              0x08001bcd   Thumb Code    52  stm32f4xx_hal_msp.o(i.HAL_MspInit)
    HAL_NVIC_EnableIRQ                       0x08001c05   Thumb Code    26  stm32f4xx_hal_cortex.o(i.HAL_NVIC_EnableIRQ)
    HAL_NVIC_SetPriority                     0x08001c21   Thumb Code    60  stm32f4xx_hal_cortex.o(i.HAL_NVIC_SetPriority)
    HAL_NVIC_SetPriorityGrouping             0x08001c61   Thumb Code    26  stm32f4xx_hal_cortex.o(i.HAL_NVIC_SetPriorityGrouping)
    HAL_RCC_ClockConfig                      0x08001c85   Thumb Code   288  stm32f4xx_hal_rcc.o(i.HAL_RCC_ClockConfig)
    HAL_RCC_GetClockConfig                   0x08001db9   Thumb Code    54  stm32f4xx_hal_rcc.o(i.HAL_RCC_GetClockConfig)
    HAL_RCC_GetPCLK1Freq                     0x08001df9   Thumb Code    20  stm32f4xx_hal_rcc.o(i.HAL_RCC_GetPCLK1Freq)
    HAL_RCC_GetPCLK2Freq                     0x08001e19   Thumb Code    20  stm32f4xx_hal_rcc.o(i.HAL_RCC_GetPCLK2Freq)
    HAL_RCC_GetSysClockFreq                  0x08001e39   Thumb Code    88  stm32f4xx_hal_rcc.o(i.HAL_RCC_GetSysClockFreq)
    HAL_RCC_OscConfig                        0x08001e9d   Thumb Code   856  stm32f4xx_hal_rcc.o(i.HAL_RCC_OscConfig)
    HAL_SPI_ErrorCallback                    0x08002209   Thumb Code     2  stm32f4xx_hal_spi.o(i.HAL_SPI_ErrorCallback)
    HAL_SPI_IRQHandler                       0x0800220d   Thumb Code   246  stm32f4xx_hal_spi.o(i.HAL_SPI_IRQHandler)
    HAL_SPI_Init                             0x08002309   Thumb Code   188  stm32f4xx_hal_spi.o(i.HAL_SPI_Init)
    HAL_SPI_MspInit                          0x080023c5   Thumb Code   244  spi.o(i.HAL_SPI_MspInit)
    HAL_TIMEx_BreakCallback                  0x080024d1   Thumb Code     2  stm32f4xx_hal_tim_ex.o(i.HAL_TIMEx_BreakCallback)
    HAL_TIMEx_CommutCallback                 0x080024d3   Thumb Code     2  stm32f4xx_hal_tim_ex.o(i.HAL_TIMEx_CommutCallback)
    HAL_TIMEx_MasterConfigSynchronization    0x080024d5   Thumb Code   116  stm32f4xx_hal_tim_ex.o(i.HAL_TIMEx_MasterConfigSynchronization)
    HAL_TIM_Base_Init                        0x08002565   Thumb Code    90  stm32f4xx_hal_tim.o(i.HAL_TIM_Base_Init)
    HAL_TIM_Base_MspInit                     0x080025c1   Thumb Code   222  tim.o(i.HAL_TIM_Base_MspInit)
    HAL_TIM_Base_Start_IT                    0x080026b9   Thumb Code   100  stm32f4xx_hal_tim.o(i.HAL_TIM_Base_Start_IT)
    HAL_TIM_Base_Stop_IT                     0x08002739   Thumb Code    48  stm32f4xx_hal_tim.o(i.HAL_TIM_Base_Stop_IT)
    HAL_TIM_ConfigClockSource                0x08002769   Thumb Code   220  stm32f4xx_hal_tim.o(i.HAL_TIM_ConfigClockSource)
    HAL_TIM_IC_CaptureCallback               0x08002845   Thumb Code     2  stm32f4xx_hal_tim.o(i.HAL_TIM_IC_CaptureCallback)
    HAL_TIM_IRQHandler                       0x08002847   Thumb Code   358  stm32f4xx_hal_tim.o(i.HAL_TIM_IRQHandler)
    HAL_TIM_MspPostInit                      0x080029ad   Thumb Code    70  tim.o(i.HAL_TIM_MspPostInit)
    HAL_TIM_OC_DelayElapsedCallback          0x08002a01   Thumb Code     2  stm32f4xx_hal_tim.o(i.HAL_TIM_OC_DelayElapsedCallback)
    HAL_TIM_PWM_ConfigChannel                0x08002a03   Thumb Code   204  stm32f4xx_hal_tim.o(i.HAL_TIM_PWM_ConfigChannel)
    HAL_TIM_PWM_Init                         0x08002acf   Thumb Code    90  stm32f4xx_hal_tim.o(i.HAL_TIM_PWM_Init)
    HAL_TIM_PWM_MspInit                      0x08002b29   Thumb Code     2  stm32f4xx_hal_tim.o(i.HAL_TIM_PWM_MspInit)
    HAL_TIM_PWM_PulseFinishedCallback        0x08002b2b   Thumb Code     2  stm32f4xx_hal_tim.o(i.HAL_TIM_PWM_PulseFinishedCallback)
    HAL_TIM_PWM_Start                        0x08002b2d   Thumb Code   172  stm32f4xx_hal_tim.o(i.HAL_TIM_PWM_Start)
    HAL_TIM_PeriodElapsedCallback            0x08002bf5   Thumb Code    14  main.o(i.HAL_TIM_PeriodElapsedCallback)
    HAL_TIM_TriggerCallback                  0x08002c09   Thumb Code     2  stm32f4xx_hal_tim.o(i.HAL_TIM_TriggerCallback)
    HAL_UARTEx_RxEventCallback               0x08002c0b   Thumb Code     2  stm32f4xx_hal_uart.o(i.HAL_UARTEx_RxEventCallback)
    HAL_UART_DMAStop                         0x08002c0d   Thumb Code   112  stm32f4xx_hal_uart.o(i.HAL_UART_DMAStop)
    HAL_UART_ErrorCallback                   0x08002c7d   Thumb Code     2  stm32f4xx_hal_uart.o(i.HAL_UART_ErrorCallback)
    HAL_UART_IRQHandler                      0x08002c81   Thumb Code   610  stm32f4xx_hal_uart.o(i.HAL_UART_IRQHandler)
    HAL_UART_Init                            0x08002ee9   Thumb Code    98  stm32f4xx_hal_uart.o(i.HAL_UART_Init)
    HAL_UART_MspInit                         0x08002f4d   Thumb Code   680  usart.o(i.HAL_UART_MspInit)
    HAL_UART_Receive_DMA                     0x08003225   Thumb Code    42  stm32f4xx_hal_uart.o(i.HAL_UART_Receive_DMA)
    HAL_UART_RxCpltCallback                  0x08003251   Thumb Code    94  main.o(i.HAL_UART_RxCpltCallback)
    HAL_UART_RxHalfCpltCallback              0x080032c5   Thumb Code     2  stm32f4xx_hal_uart.o(i.HAL_UART_RxHalfCpltCallback)
    HAL_UART_Transmit_DMA                    0x080032c9   Thumb Code   126  stm32f4xx_hal_uart.o(i.HAL_UART_Transmit_DMA)
    HAL_UART_Transmit_IT                     0x08003355   Thumb Code    62  stm32f4xx_hal_uart.o(i.HAL_UART_Transmit_IT)
    HAL_UART_TxCpltCallback                  0x08003393   Thumb Code     2  stm32f4xx_hal_uart.o(i.HAL_UART_TxCpltCallback)
    HAL_UART_TxHalfCpltCallback              0x08003395   Thumb Code     2  stm32f4xx_hal_uart.o(i.HAL_UART_TxHalfCpltCallback)
    HardFault_Handler                        0x08003397   Thumb Code     2  stm32f4xx_it.o(i.HardFault_Handler)
    JUDGE_Receive                            0x08003399   Thumb Code   416  judge.o(i.JUDGE_Receive)
    MX_CAN1_Init                             0x0800353d   Thumb Code    60  can.o(i.MX_CAN1_Init)
    MX_CAN2_Init                             0x08003581   Thumb Code    60  can.o(i.MX_CAN2_Init)
    MX_DMA_Init                              0x080035c5   Thumb Code   168  dma.o(i.MX_DMA_Init)
    MX_GPIO_Init                             0x08003671   Thumb Code   382  gpio.o(i.MX_GPIO_Init)
    MX_I2C3_Init                             0x0800380d   Thumb Code    50  i2c.o(i.MX_I2C3_Init)
    MX_SPI1_Init                             0x0800384d   Thumb Code    64  spi.o(i.MX_SPI1_Init)
    MX_TIM10_Init                            0x08003895   Thumb Code    92  tim.o(i.MX_TIM10_Init)
    MX_TIM1_Init                             0x080038f9   Thumb Code    96  tim.o(i.MX_TIM1_Init)
    MX_TIM2_Init                             0x08003961   Thumb Code    96  tim.o(i.MX_TIM2_Init)
    MX_TIM4_Init                             0x080039c5   Thumb Code    96  tim.o(i.MX_TIM4_Init)
    MX_TIM8_Init                             0x08003a2d   Thumb Code    96  tim.o(i.MX_TIM8_Init)
    MX_TIM9_Init                             0x08003a95   Thumb Code    68  tim.o(i.MX_TIM9_Init)
    MX_USART1_UART_Init                      0x08003ae1   Thumb Code    48  usart.o(i.MX_USART1_UART_Init)
    MX_USART3_UART_Init                      0x08003b19   Thumb Code    46  usart.o(i.MX_USART3_UART_Init)
    MX_USART6_UART_Init                      0x08003b55   Thumb Code    48  usart.o(i.MX_USART6_UART_Init)
    MemManage_Handler                        0x08003b8d   Thumb Code     2  stm32f4xx_it.o(i.MemManage_Handler)
    NMI_Handler                              0x08003b8f   Thumb Code     2  stm32f4xx_it.o(i.NMI_Handler)
    SPI1_IRQHandler                          0x08003b91   Thumb Code     6  stm32f4xx_it.o(i.SPI1_IRQHandler)
    SysTick_Handler                          0x08003bad   Thumb Code    38  port.o(i.SysTick_Handler)
    SystemClock_Config                       0x08003bd9   Thumb Code   140  main.o(i.SystemClock_Config)
    SystemInit                               0x08003c6d   Thumb Code    12  system_stm32f4xx.o(i.SystemInit)
    TIM1_BRK_TIM9_IRQHandler                 0x08003c7d   Thumb Code    18  stm32f4xx_it.o(i.TIM1_BRK_TIM9_IRQHandler)
    TIM2_IRQHandler                          0x08003c99   Thumb Code     6  stm32f4xx_it.o(i.TIM2_IRQHandler)
    TIM3_IRQHandler                          0x08003ca5   Thumb Code     6  stm32f4xx_it.o(i.TIM3_IRQHandler)
    TIM4_IRQHandler                          0x08003cb1   Thumb Code    22  stm32f4xx_it.o(i.TIM4_IRQHandler)
    TIM8_BRK_TIM12_IRQHandler                0x08003cd5   Thumb Code     6  stm32f4xx_it.o(i.TIM8_BRK_TIM12_IRQHandler)
    TIM8_UP_TIM13_IRQHandler                 0x08003ce1   Thumb Code    78  stm32f4xx_it.o(i.TIM8_UP_TIM13_IRQHandler)
    TIM_Base_SetConfig                       0x08003d45   Thumb Code   156  stm32f4xx_hal_tim.o(i.TIM_Base_SetConfig)
    TIM_CCxChannelCmd                        0x08003e0d   Thumb Code    26  stm32f4xx_hal_tim.o(i.TIM_CCxChannelCmd)
    TIM_ETR_SetConfig                        0x08003e27   Thumb Code    20  stm32f4xx_hal_tim.o(i.TIM_ETR_SetConfig)
    TIM_OC2_SetConfig                        0x08003ead   Thumb Code    98  stm32f4xx_hal_tim.o(i.TIM_OC2_SetConfig)
    UART_Start_Receive_DMA                   0x08004391   Thumb Code   134  stm32f4xx_hal_uart.o(i.UART_Start_Receive_DMA)
    USART1_IRQHandler                        0x08004425   Thumb Code    18  stm32f4xx_it.o(i.USART1_IRQHandler)
    USART3_IRQHandler                        0x0800443d   Thumb Code    18  stm32f4xx_it.o(i.USART3_IRQHandler)
    USART3_Init                              0x08004455   Thumb Code    52  drv_usart.o(i.USART3_Init)
    USART3_rxDataHandler                     0x08004491   Thumb Code   388  rc_potocal.o(i.USART3_rxDataHandler)
    USART6_IRQHandler                        0x08004625   Thumb Code    18  stm32f4xx_it.o(i.USART6_IRQHandler)
    USART6_Init                              0x0800463d   Thumb Code    52  drv_usart.o(i.USART6_Init)
    USER_UART_IRQHandler                     0x08004679   Thumb Code    38  stm32f4xx_it.o(i.USER_UART_IRQHandler)
    Update_data                              0x080046a9   Thumb Code   184  judge.o(i.Update_data)
    UsageFault_Handler                       0x08004779   Thumb Code     2  stm32f4xx_it.o(i.UsageFault_Handler)
    Verify_CRC16_Check_Sum                   0x0800477d   Thumb Code    54  crc.o(i.Verify_CRC16_Check_Sum)
    Verify_CRC8_Check_Sum                    0x080047b9   Thumb Code    38  crc.o(i.Verify_CRC8_Check_Sum)
    can_remote                               0x08004801   Thumb Code    32  drv_can.o(i.can_remote)
    main                                     0x080048b9   Thumb Code   182  main.o(i.main)
    uxListRemove                             0x08004a3d   Thumb Code    38  list.o(i.uxListRemove)
    vListInsertEnd                           0x08004a63   Thumb Code    24  list.o(i.vListInsertEnd)
    vTaskSwitchContext                       0x08004a7d   Thumb Code    82  tasks.o(i.vTaskSwitchContext)
    xTaskIncrementTick                       0x08004ad9   Thumb Code   194  tasks.o(i.xTaskIncrementTick)
    _fp_init                                 0x08004ba5   Thumb Code    10  fpinit.o(x$fpl$fpinit)
    __fplib_config_fpu_vfp                   0x08004bad   Thumb Code     0  fpinit.o(x$fpl$fpinit)
    __fplib_config_pureend_doubles           0x08004bad   Thumb Code     0  fpinit.o(x$fpl$fpinit)
    AHBPrescTable                            0x08004bb6   Data          16  system_stm32f4xx.o(.constdata)
    APBPrescTable                            0x08004bc6   Data           8  system_stm32f4xx.o(.constdata)
    CRC8_TAB                                 0x08004bce   Data         256  crc.o(.constdata)
    wCRC_Table                               0x08004cce   Data         512  crc.o(.constdata)
    Region$$Table$$Base                      0x08004ed0   Number         0  anon$$obj.o(Region$$Table)
    Region$$Table$$Limit                     0x08004ef0   Number         0  anon$$obj.o(Region$$Table)
    begin                                    0x20000000   Data           1  main.o(.data)
    temp                                     0x20000001   Data           1  main.o(.data)
    data_length                              0x20000002   Data           1  main.o(.data)
    first_count_x                            0x20000008   Data           2  stm32f4xx_it.o(.data)
    first_count_y                            0x2000000a   Data           2  stm32f4xx_it.o(.data)
    t                                        0x2000000c   Data           4  stm32f4xx_it.o(.data)
    uwTickFreq                               0x20000010   Data           1  stm32f4xx_hal.o(.data)
    uwTickPrio                               0x20000014   Data           4  stm32f4xx_hal.o(.data)
    uwTick                                   0x20000018   Data           4  stm32f4xx_hal.o(.data)
    SystemCoreClock                          0x2000001c   Data           4  system_stm32f4xx.o(.data)
    pxCurrentTCB                             0x20000020   Data           4  tasks.o(.data)
    Down_ins_yaw                             0x20000060   Data           2  chassis_task.o(.data)
    Down_ins_yaw_update                      0x20000062   Data           2  chassis_task.o(.data)
    Drifting_yaw                             0x20000064   Data           2  chassis_task.o(.data)
    Temp_Vx                                  0x20000066   Data           2  chassis_task.o(.data)
    Temp_Vy                                  0x20000068   Data           2  chassis_task.o(.data)
    Up_ins_yaw                               0x2000006a   Data           2  chassis_task.o(.data)
    Vx                                       0x2000006c   Data           4  chassis_task.o(.data)
    Vy                                       0x20000070   Data           4  chassis_task.o(.data)
    Wz                                       0x20000074   Data           4  chassis_task.o(.data)
    Klimit                                   0x20000078   Data           4  chassis_task.o(.data)
    Plimit                                   0x2000007c   Data           4  chassis_task.o(.data)
    Err_yaw                                  0x20000080   Data           4  chassis_task.o(.data)
    Err_yaw_hudu                             0x20000084   Data           4  chassis_task.o(.data)
    Down_ins_pitch                           0x20000088   Data           4  chassis_task.o(.data)
    Down_ins_row                             0x2000008c   Data           4  chassis_task.o(.data)
    sin_a                                    0x20000090   Data           4  chassis_task.o(.data)
    cos_a                                    0x20000094   Data           4  chassis_task.o(.data)
    Watch_Power_Max                          0x20000098   Data           4  chassis_task.o(.data)
    Watch_Power                              0x2000009c   Data           4  chassis_task.o(.data)
    Watch_Buffer                             0x200000a0   Data           4  chassis_task.o(.data)
    Chassis_pidout_max                       0x200000a4   Data           4  chassis_task.o(.data)
    motor_speed_target                       0x200000c8   Data           8  chassis_task.o(.data)
    Chassis_pidout                           0x200000d0   Data           8  chassis_task.o(.data)
    chassis_motor_pid                        0x200000d8   Data          12  chassis_task.o(.data)
    first_x                                  0x200000e4   Data           1  chassis_task.o(.data)
    first_y                                  0x200000e5   Data           1  chassis_task.o(.data)
    can_cnt_1                                0x200000e6   Data           2  drv_can.o(.data)
    judge_receive_length                     0x200000e8   Data           1  drv_usart.o(.data)
    Flag_judge                               0x200000ec   Data           1  judge.o(.data)
    Flag_first                               0x200000ed   Data           1  judge.o(.data)
    Hero_level                               0x200000ee   Data           1  judge.o(.data)
    Hero_id                                  0x200000ef   Data           1  judge.o(.data)
    Flag_progress                            0x200000f0   Data           1  judge.o(.data)
    Hero_42mm_speed_limit                    0x200000f2   Data           2  judge.o(.data)
    Hero_chassis_power_limit                 0x200000f4   Data           2  judge.o(.data)
    Hero_chassis_power_buffer                0x200000f6   Data           2  judge.o(.data)
    Hero_chassis_power                       0x200000f8   Data           4  judge.o(.data)
    Hero_42mm_speed                          0x200000fc   Data           4  judge.o(.data)
    press_left                               0x20000100   Data           1  rc_potocal.o(.data)
    press_right                              0x20000101   Data           1  rc_potocal.o(.data)
    Rotate_w                                 0x20000102   Data           2  rc_potocal.o(.data)
    w_flag                                   0x20000104   Data           2  rc_potocal.o(.data)
    s_flag                                   0x20000106   Data           2  rc_potocal.o(.data)
    a_flag                                   0x20000108   Data           2  rc_potocal.o(.data)
    d_flag                                   0x2000010a   Data           2  rc_potocal.o(.data)
    q_flag                                   0x2000010c   Data           2  rc_potocal.o(.data)
    e_flag                                   0x2000010e   Data           2  rc_potocal.o(.data)
    shift_flag                               0x20000110   Data           2  rc_potocal.o(.data)
    ctrl_flag                                0x20000112   Data           2  rc_potocal.o(.data)
    r_flag                                   0x20000114   Data           2  rc_potocal.o(.data)
    f_flag                                   0x20000116   Data           2  rc_potocal.o(.data)
    g_flag                                   0x20000118   Data           2  rc_potocal.o(.data)
    z_flag                                   0x2000011a   Data           2  rc_potocal.o(.data)
    x_flag                                   0x2000011c   Data           2  rc_potocal.o(.data)
    c_flag                                   0x2000011e   Data           2  rc_potocal.o(.data)
    v_flag                                   0x20000120   Data           2  rc_potocal.o(.data)
    b_flag                                   0x20000122   Data           2  rc_potocal.o(.data)
    temp_remote                              0x20000124   Data           8  rc_potocal.o(.data)
    CRC_INIT                                 0x2000012c   Data           2  crc.o(.data)
    Rx                                       0x20000130   Data         128  main.o(.bss)
    Tx                                       0x200001b0   Data          12  main.o(.bss)
    data                                     0x200001bc   Data          12  main.o(.bss)
    hcan1                                    0x200001c8   Data          40  can.o(.bss)
    hcan2                                    0x200001f0   Data          40  can.o(.bss)
    hi2c3                                    0x20000218   Data          84  i2c.o(.bss)
    hspi1                                    0x2000026c   Data          88  spi.o(.bss)
    hdma_spi1_rx                             0x200002c4   Data          96  spi.o(.bss)
    hdma_spi1_tx                             0x20000324   Data          96  spi.o(.bss)
    htim1                                    0x20000384   Data          72  tim.o(.bss)
    htim2                                    0x200003cc   Data          72  tim.o(.bss)
    htim4                                    0x20000414   Data          72  tim.o(.bss)
    htim8                                    0x2000045c   Data          72  tim.o(.bss)
    htim9                                    0x200004a4   Data          72  tim.o(.bss)
    htim10                                   0x200004ec   Data          72  tim.o(.bss)
    huart1                                   0x20000534   Data          68  usart.o(.bss)
    huart3                                   0x20000578   Data          68  usart.o(.bss)
    huart6                                   0x200005bc   Data          68  usart.o(.bss)
    hdma_usart1_rx                           0x20000600   Data          96  usart.o(.bss)
    hdma_usart1_tx                           0x20000660   Data          96  usart.o(.bss)
    hdma_usart3_rx                           0x200006c0   Data          96  usart.o(.bss)
    hdma_usart3_tx                           0x20000720   Data          96  usart.o(.bss)
    hdma_usart6_rx                           0x20000780   Data          96  usart.o(.bss)
    hdma_usart6_tx                           0x200007e0   Data          96  usart.o(.bss)
    htim3                                    0x20000840   Data          72  stm32f4xx_hal_timebase_tim.o(.bss)
    imu_temp_pid                             0x20000978   Data          72  ins_task.o(.bss)
    ins_data                                 0x200009c0   Data          80  ins_task.o(.bss)
    Accel                                    0x20000a10   Data          12  ins_task.o(.bss)
    motor_pid_chassis                        0x20000a1c   Data         272  chassis_task.o(.bss)
    motor_info_chassis                       0x20000b2c   Data          96  chassis_task.o(.bss)
    judge_dma_buffer                         0x20000b8c   Data         400  drv_usart.o(.bss)
    usart3_dma_rxbuf                         0x20000d1c   Data          48  drv_usart.o(.bss)
    Judge_Hero                               0x20000d4c   Data         158  judge.o(.bss)
    rc_ctrl                                  0x20000dea   Data          22  rc_potocal.o(.bss)
    __libspace_start                         0x20000e00   Data          96  libspace.o(.bss)
    __temporary_stack_top$libspace           0x20000e60   Data           0  libspace.o(.bss)



==============================================================================

Memory Map of the image

  Image Entry point : 0x08000189

  Load Region LR_IROM1 (Base: 0x08000000, Size: 0x00005020, Max: 0x00100000, ABSOLUTE, COMPRESSED[0x00004f10])

    Execution Region ER_IROM1 (Exec base: 0x08000000, Load base: 0x08000000, Size: 0x00004ef0, Max: 0x00100000, ABSOLUTE)

    Exec Addr    Load Addr    Size         Type   Attr      Idx    E Section Name        Object

    0x08000000   0x08000000   0x00000188   Data   RO            3    RESET               startup_stm32f407xx.o
    0x08000188   0x08000188   0x00000008   Code   RO         6562  * !!!main             c_w.l(__main.o)
    0x08000190   0x08000190   0x00000034   Code   RO         6913    !!!scatter          c_w.l(__scatter.o)
    0x080001c4   0x080001c4   0x0000003a   Code   RO         6911    !!dczerorl          c_w.l(__dczerorl.o)
    0x080001fe   0x080001fe   0x00000002   PAD
    0x08000200   0x08000200   0x0000001c   Code   RO         6915    !!handler_zi        c_w.l(__scatter_zi.o)
    0x0800021c   0x0800021c   0x00000002   Code   RO         6782    .ARM.Collect$$libinit$$00000000  c_w.l(libinit.o)
    0x0800021e   0x0800021e   0x00000004   Code   RO         6791    .ARM.Collect$$libinit$$00000001  c_w.l(libinit2.o)
    0x08000222   0x08000222   0x00000000   Code   RO         6794    .ARM.Collect$$libinit$$00000004  c_w.l(libinit2.o)
    0x08000222   0x08000222   0x00000000   Code   RO         6797    .ARM.Collect$$libinit$$0000000A  c_w.l(libinit2.o)
    0x08000222   0x08000222   0x00000000   Code   RO         6799    .ARM.Collect$$libinit$$0000000C  c_w.l(libinit2.o)
    0x08000222   0x08000222   0x00000000   Code   RO         6801    .ARM.Collect$$libinit$$0000000E  c_w.l(libinit2.o)
    0x08000222   0x08000222   0x00000000   Code   RO         6804    .ARM.Collect$$libinit$$00000011  c_w.l(libinit2.o)
    0x08000222   0x08000222   0x00000000   Code   RO         6806    .ARM.Collect$$libinit$$00000013  c_w.l(libinit2.o)
    0x08000222   0x08000222   0x00000000   Code   RO         6808    .ARM.Collect$$libinit$$00000015  c_w.l(libinit2.o)
    0x08000222   0x08000222   0x00000000   Code   RO         6810    .ARM.Collect$$libinit$$00000017  c_w.l(libinit2.o)
    0x08000222   0x08000222   0x00000000   Code   RO         6812    .ARM.Collect$$libinit$$00000019  c_w.l(libinit2.o)
    0x08000222   0x08000222   0x00000000   Code   RO         6814    .ARM.Collect$$libinit$$0000001B  c_w.l(libinit2.o)
    0x08000222   0x08000222   0x00000000   Code   RO         6816    .ARM.Collect$$libinit$$0000001D  c_w.l(libinit2.o)
    0x08000222   0x08000222   0x00000000   Code   RO         6818    .ARM.Collect$$libinit$$0000001F  c_w.l(libinit2.o)
    0x08000222   0x08000222   0x00000000   Code   RO         6820    .ARM.Collect$$libinit$$00000021  c_w.l(libinit2.o)
    0x08000222   0x08000222   0x00000000   Code   RO         6822    .ARM.Collect$$libinit$$00000023  c_w.l(libinit2.o)
    0x08000222   0x08000222   0x00000000   Code   RO         6824    .ARM.Collect$$libinit$$00000025  c_w.l(libinit2.o)
    0x08000222   0x08000222   0x00000000   Code   RO         6828    .ARM.Collect$$libinit$$0000002C  c_w.l(libinit2.o)
    0x08000222   0x08000222   0x00000000   Code   RO         6830    .ARM.Collect$$libinit$$0000002E  c_w.l(libinit2.o)
    0x08000222   0x08000222   0x00000000   Code   RO         6832    .ARM.Collect$$libinit$$00000030  c_w.l(libinit2.o)
    0x08000222   0x08000222   0x00000000   Code   RO         6834    .ARM.Collect$$libinit$$00000032  c_w.l(libinit2.o)
    0x08000222   0x08000222   0x00000002   Code   RO         6835    .ARM.Collect$$libinit$$00000033  c_w.l(libinit2.o)
    0x08000224   0x08000224   0x00000002   Code   RO         6866    .ARM.Collect$$libshutdown$$00000000  c_w.l(libshutdown.o)
    0x08000226   0x08000226   0x00000000   Code   RO         6892    .ARM.Collect$$libshutdown$$00000002  c_w.l(libshutdown2.o)
    0x08000226   0x08000226   0x00000000   Code   RO         6894    .ARM.Collect$$libshutdown$$00000004  c_w.l(libshutdown2.o)
    0x08000226   0x08000226   0x00000000   Code   RO         6896    .ARM.Collect$$libshutdown$$00000006  c_w.l(libshutdown2.o)
    0x08000226   0x08000226   0x00000000   Code   RO         6899    .ARM.Collect$$libshutdown$$00000009  c_w.l(libshutdown2.o)
    0x08000226   0x08000226   0x00000000   Code   RO         6902    .ARM.Collect$$libshutdown$$0000000C  c_w.l(libshutdown2.o)
    0x08000226   0x08000226   0x00000000   Code   RO         6904    .ARM.Collect$$libshutdown$$0000000E  c_w.l(libshutdown2.o)
    0x08000226   0x08000226   0x00000000   Code   RO         6907    .ARM.Collect$$libshutdown$$00000011  c_w.l(libshutdown2.o)
    0x08000226   0x08000226   0x00000002   Code   RO         6908    .ARM.Collect$$libshutdown$$00000012  c_w.l(libshutdown2.o)
    0x08000228   0x08000228   0x00000000   Code   RO         6658    .ARM.Collect$$rtentry$$00000000  c_w.l(__rtentry.o)
    0x08000228   0x08000228   0x00000000   Code   RO         6741    .ARM.Collect$$rtentry$$00000002  c_w.l(__rtentry2.o)
    0x08000228   0x08000228   0x00000006   Code   RO         6753    .ARM.Collect$$rtentry$$00000004  c_w.l(__rtentry4.o)
    0x0800022e   0x0800022e   0x00000000   Code   RO         6743    .ARM.Collect$$rtentry$$00000009  c_w.l(__rtentry2.o)
    0x0800022e   0x0800022e   0x00000004   Code   RO         6744    .ARM.Collect$$rtentry$$0000000A  c_w.l(__rtentry2.o)
    0x08000232   0x08000232   0x00000000   Code   RO         6746    .ARM.Collect$$rtentry$$0000000C  c_w.l(__rtentry2.o)
    0x08000232   0x08000232   0x00000008   Code   RO         6747    .ARM.Collect$$rtentry$$0000000D  c_w.l(__rtentry2.o)
    0x0800023a   0x0800023a   0x00000002   Code   RO         6783    .ARM.Collect$$rtexit$$00000000  c_w.l(rtexit.o)
    0x0800023c   0x0800023c   0x00000000   Code   RO         6839    .ARM.Collect$$rtexit$$00000002  c_w.l(rtexit2.o)
    0x0800023c   0x0800023c   0x00000004   Code   RO         6840    .ARM.Collect$$rtexit$$00000003  c_w.l(rtexit2.o)
    0x08000240   0x08000240   0x00000006   Code   RO         6841    .ARM.Collect$$rtexit$$00000004  c_w.l(rtexit2.o)
    0x08000246   0x08000246   0x00000002   PAD
    0x08000248   0x08000248   0x000000be   Code   RO         5721    .emb_text           port.o
    0x08000306   0x08000306   0x00000002   PAD
    0x08000308   0x08000308   0x00000040   Code   RO            4    .text               startup_stm32f407xx.o
    0x08000348   0x08000348   0x000000ee   Code   RO         6548    .text               c_w.l(lludivv7m.o)
    0x08000436   0x08000436   0x0000008a   Code   RO         6550    .text               c_w.l(rt_memcpy_v6.o)
    0x080004c0   0x080004c0   0x00000064   Code   RO         6552    .text               c_w.l(rt_memcpy_w.o)
    0x08000524   0x08000524   0x0000004e   Code   RO         6558    .text               c_w.l(rt_memclr_w.o)
    0x08000572   0x08000572   0x00000006   Code   RO         6560    .text               c_w.l(heapauxi.o)
    0x08000578   0x08000578   0x00000008   Code   RO         6766    .text               c_w.l(libspace.o)
    0x08000580   0x08000580   0x0000004a   Code   RO         6769    .text               c_w.l(sys_stackheap_outer.o)
    0x080005ca   0x080005ca   0x00000012   Code   RO         6771    .text               c_w.l(exit.o)
    0x080005dc   0x080005dc   0x0000000c   Code   RO         6836    .text               c_w.l(sys_exit.o)
    0x080005e8   0x080005e8   0x00000002   Code   RO         6855    .text               c_w.l(use_no_semi.o)
    0x080005ea   0x080005ea   0x00000000   Code   RO         6857    .text               c_w.l(indicate_semi.o)
    0x080005ea   0x080005ea   0x00000002   Code   RO          700    i.BusFault_Handler  stm32f4xx_it.o
    0x080005ec   0x080005ec   0x0000003c   Code   RO         6242    i.CAN1_Init         drv_can.o
    0x08000628   0x08000628   0x0000000c   Code   RO          701    i.CAN1_RX0_IRQHandler  stm32f4xx_it.o
    0x08000634   0x08000634   0x0000000c   Code   RO          702    i.CAN1_TX_IRQHandler  stm32f4xx_it.o
    0x08000640   0x08000640   0x0000003c   Code   RO         6243    i.CAN2_Init         drv_can.o
    0x0800067c   0x0800067c   0x0000000c   Code   RO          703    i.CAN2_RX0_IRQHandler  stm32f4xx_it.o
    0x08000688   0x08000688   0x0000000c   Code   RO          704    i.CAN2_TX_IRQHandler  stm32f4xx_it.o
    0x08000694   0x08000694   0x0000000c   Code   RO          705    i.DMA1_Stream1_IRQHandler  stm32f4xx_it.o
    0x080006a0   0x080006a0   0x0000000c   Code   RO          706    i.DMA1_Stream3_IRQHandler  stm32f4xx_it.o
    0x080006ac   0x080006ac   0x0000000c   Code   RO          707    i.DMA2_Stream0_IRQHandler  stm32f4xx_it.o
    0x080006b8   0x080006b8   0x0000000c   Code   RO          708    i.DMA2_Stream1_IRQHandler  stm32f4xx_it.o
    0x080006c4   0x080006c4   0x0000000c   Code   RO          709    i.DMA2_Stream2_IRQHandler  stm32f4xx_it.o
    0x080006d0   0x080006d0   0x0000000c   Code   RO          710    i.DMA2_Stream3_IRQHandler  stm32f4xx_it.o
    0x080006dc   0x080006dc   0x0000000c   Code   RO          711    i.DMA2_Stream6_IRQHandler  stm32f4xx_it.o
    0x080006e8   0x080006e8   0x0000000c   Code   RO          712    i.DMA2_Stream7_IRQHandler  stm32f4xx_it.o
    0x080006f4   0x080006f4   0x00000244   Code   RO         6305    i.DMAEx_MultiBufferStart_NoIT  drv_usart.o
    0x08000938   0x08000938   0x00000028   Code   RO         1685    i.DMA_CalcBaseAndBitshift  stm32f4xx_hal_dma.o
    0x08000960   0x08000960   0x00000054   Code   RO         1686    i.DMA_CheckFifoParam  stm32f4xx_hal_dma.o
    0x080009b4   0x080009b4   0x00000028   Code   RO         1687    i.DMA_SetConfig     stm32f4xx_hal_dma.o
    0x080009dc   0x080009dc   0x00000014   Code   RO         6306    i.DRV_USART3_IRQHandler  drv_usart.o
    0x080009f0   0x080009f0   0x00000014   Code   RO         6307    i.DRV_USART6_IRQHandler  drv_usart.o
    0x08000a04   0x08000a04   0x00000002   Code   RO          713    i.DebugMon_Handler  stm32f4xx_it.o
    0x08000a06   0x08000a06   0x00000006   Code   RO          714    i.EXTI3_IRQHandler  stm32f4xx_it.o
    0x08000a0c   0x08000a0c   0x00000006   Code   RO          715    i.EXTI4_IRQHandler  stm32f4xx_it.o
    0x08000a12   0x08000a12   0x00000002   PAD
    0x08000a14   0x08000a14   0x0000005c   Code   RO          716    i.EXTI9_5_IRQHandler  stm32f4xx_it.o
    0x08000a70   0x08000a70   0x00000004   Code   RO           13    i.Error_Handler     main.o
    0x08000a74   0x08000a74   0x0000002c   Code   RO         6457    i.Get_CRC16_Check_Sum  crc.o
    0x08000aa0   0x08000aa0   0x0000001c   Code   RO         6458    i.Get_CRC8_Check_Sum  crc.o
    0x08000abc   0x08000abc   0x00000024   Code   RO          993    i.HAL_CAN_ActivateNotification  stm32f4xx_hal_can.o
    0x08000ae0   0x08000ae0   0x000000dc   Code   RO          994    i.HAL_CAN_AddTxMessage  stm32f4xx_hal_can.o
    0x08000bbc   0x08000bbc   0x0000010c   Code   RO          995    i.HAL_CAN_ConfigFilter  stm32f4xx_hal_can.o
    0x08000cc8   0x08000cc8   0x00000002   Code   RO          998    i.HAL_CAN_ErrorCallback  stm32f4xx_hal_can.o
    0x08000cca   0x08000cca   0x000000e8   Code   RO         1001    i.HAL_CAN_GetRxMessage  stm32f4xx_hal_can.o
    0x08000db2   0x08000db2   0x000001fc   Code   RO         1005    i.HAL_CAN_IRQHandler  stm32f4xx_hal_can.o
    0x08000fae   0x08000fae   0x0000011a   Code   RO         1006    i.HAL_CAN_Init      stm32f4xx_hal_can.o
    0x080010c8   0x080010c8   0x0000011c   Code   RO          403    i.HAL_CAN_MspInit   can.o
    0x080011e4   0x080011e4   0x00000002   Code   RO         1013    i.HAL_CAN_RxFifo0FullCallback  stm32f4xx_hal_can.o
    0x080011e6   0x080011e6   0x00000002   PAD
    0x080011e8   0x080011e8   0x0000009c   Code   RO         6244    i.HAL_CAN_RxFifo0MsgPendingCallback  drv_can.o
    0x08001284   0x08001284   0x00000002   Code   RO         1015    i.HAL_CAN_RxFifo1FullCallback  stm32f4xx_hal_can.o
    0x08001286   0x08001286   0x00000002   Code   RO         1016    i.HAL_CAN_RxFifo1MsgPendingCallback  stm32f4xx_hal_can.o
    0x08001288   0x08001288   0x00000002   Code   RO         1017    i.HAL_CAN_SleepCallback  stm32f4xx_hal_can.o
    0x0800128a   0x0800128a   0x00000002   PAD
    0x0800128c   0x0800128c   0x00000058   Code   RO         1018    i.HAL_CAN_Start     stm32f4xx_hal_can.o
    0x080012e4   0x080012e4   0x00000002   Code   RO         1020    i.HAL_CAN_TxMailbox0AbortCallback  stm32f4xx_hal_can.o
    0x080012e6   0x080012e6   0x00000002   Code   RO         1021    i.HAL_CAN_TxMailbox0CompleteCallback  stm32f4xx_hal_can.o
    0x080012e8   0x080012e8   0x00000002   Code   RO         1022    i.HAL_CAN_TxMailbox1AbortCallback  stm32f4xx_hal_can.o
    0x080012ea   0x080012ea   0x00000002   Code   RO         1023    i.HAL_CAN_TxMailbox1CompleteCallback  stm32f4xx_hal_can.o
    0x080012ec   0x080012ec   0x00000002   Code   RO         1024    i.HAL_CAN_TxMailbox2AbortCallback  stm32f4xx_hal_can.o
    0x080012ee   0x080012ee   0x00000002   Code   RO         1025    i.HAL_CAN_TxMailbox2CompleteCallback  stm32f4xx_hal_can.o
    0x080012f0   0x080012f0   0x00000002   Code   RO         1027    i.HAL_CAN_WakeUpFromRxMsgCallback  stm32f4xx_hal_can.o
    0x080012f2   0x080012f2   0x00000092   Code   RO         1688    i.HAL_DMA_Abort     stm32f4xx_hal_dma.o
    0x08001384   0x08001384   0x00000024   Code   RO         1689    i.HAL_DMA_Abort_IT  stm32f4xx_hal_dma.o
    0x080013a8   0x080013a8   0x000001a0   Code   RO         1693    i.HAL_DMA_IRQHandler  stm32f4xx_hal_dma.o
    0x08001548   0x08001548   0x000000d4   Code   RO         1694    i.HAL_DMA_Init      stm32f4xx_hal_dma.o
    0x0800161c   0x0800161c   0x0000006e   Code   RO         1698    i.HAL_DMA_Start_IT  stm32f4xx_hal_dma.o
    0x0800168a   0x0800168a   0x00000002   PAD
    0x0800168c   0x0800168c   0x00000024   Code   RO         2107    i.HAL_Delay         stm32f4xx_hal.o
    0x080016b0   0x080016b0   0x00000002   Code   RO         1579    i.HAL_GPIO_EXTI_Callback  stm32f4xx_hal_gpio.o
    0x080016b2   0x080016b2   0x00000002   PAD
    0x080016b4   0x080016b4   0x00000018   Code   RO         1580    i.HAL_GPIO_EXTI_IRQHandler  stm32f4xx_hal_gpio.o
    0x080016cc   0x080016cc   0x000001f0   Code   RO         1581    i.HAL_GPIO_Init     stm32f4xx_hal_gpio.o
    0x080018bc   0x080018bc   0x0000000a   Code   RO         1585    i.HAL_GPIO_WritePin  stm32f4xx_hal_gpio.o
    0x080018c6   0x080018c6   0x00000002   PAD
    0x080018c8   0x080018c8   0x0000000c   Code   RO         2113    i.HAL_GetTick       stm32f4xx_hal.o
    0x080018d4   0x080018d4   0x00000188   Code   RO         2369    i.HAL_I2C_Init      stm32f4xx_hal_i2c.o
    0x08001a5c   0x08001a5c   0x00000094   Code   RO          477    i.HAL_I2C_MspInit   i2c.o
    0x08001af0   0x08001af0   0x00000010   Code   RO         2119    i.HAL_IncTick       stm32f4xx_hal.o
    0x08001b00   0x08001b00   0x00000034   Code   RO         2120    i.HAL_Init          stm32f4xx_hal.o
    0x08001b34   0x08001b34   0x00000098   Code   RO          953    i.HAL_InitTick      stm32f4xx_hal_timebase_tim.o
    0x08001bcc   0x08001bcc   0x00000038   Code   RO          929    i.HAL_MspInit       stm32f4xx_hal_msp.o
    0x08001c04   0x08001c04   0x0000001a   Code   RO         1970    i.HAL_NVIC_EnableIRQ  stm32f4xx_hal_cortex.o
    0x08001c1e   0x08001c1e   0x00000002   PAD
    0x08001c20   0x08001c20   0x00000040   Code   RO         1976    i.HAL_NVIC_SetPriority  stm32f4xx_hal_cortex.o
    0x08001c60   0x08001c60   0x00000024   Code   RO         1977    i.HAL_NVIC_SetPriorityGrouping  stm32f4xx_hal_cortex.o
    0x08001c84   0x08001c84   0x00000134   Code   RO         1227    i.HAL_RCC_ClockConfig  stm32f4xx_hal_rcc.o
    0x08001db8   0x08001db8   0x00000040   Code   RO         1231    i.HAL_RCC_GetClockConfig  stm32f4xx_hal_rcc.o
    0x08001df8   0x08001df8   0x00000020   Code   RO         1234    i.HAL_RCC_GetPCLK1Freq  stm32f4xx_hal_rcc.o
    0x08001e18   0x08001e18   0x00000020   Code   RO         1235    i.HAL_RCC_GetPCLK2Freq  stm32f4xx_hal_rcc.o
    0x08001e38   0x08001e38   0x00000064   Code   RO         1236    i.HAL_RCC_GetSysClockFreq  stm32f4xx_hal_rcc.o
    0x08001e9c   0x08001e9c   0x0000036c   Code   RO         1239    i.HAL_RCC_OscConfig  stm32f4xx_hal_rcc.o
    0x08002208   0x08002208   0x00000002   Code   RO         2815    i.HAL_SPI_ErrorCallback  stm32f4xx_hal_spi.o
    0x0800220a   0x0800220a   0x00000002   PAD
    0x0800220c   0x0800220c   0x000000fc   Code   RO         2818    i.HAL_SPI_IRQHandler  stm32f4xx_hal_spi.o
    0x08002308   0x08002308   0x000000bc   Code   RO         2819    i.HAL_SPI_Init      stm32f4xx_hal_spi.o
    0x080023c4   0x080023c4   0x0000010c   Code   RO          519    i.HAL_SPI_MspInit   spi.o
    0x080024d0   0x080024d0   0x00000002   Code   RO         3836    i.HAL_TIMEx_BreakCallback  stm32f4xx_hal_tim_ex.o
    0x080024d2   0x080024d2   0x00000002   Code   RO         3837    i.HAL_TIMEx_CommutCallback  stm32f4xx_hal_tim_ex.o
    0x080024d4   0x080024d4   0x00000090   Code   RO         3855    i.HAL_TIMEx_MasterConfigSynchronization  stm32f4xx_hal_tim_ex.o
    0x08002564   0x08002564   0x0000005a   Code   RO         3132    i.HAL_TIM_Base_Init  stm32f4xx_hal_tim.o
    0x080025be   0x080025be   0x00000002   PAD
    0x080025c0   0x080025c0   0x000000f8   Code   RO          561    i.HAL_TIM_Base_MspInit  tim.o
    0x080026b8   0x080026b8   0x00000080   Code   RO         3137    i.HAL_TIM_Base_Start_IT  stm32f4xx_hal_tim.o
    0x08002738   0x08002738   0x00000030   Code   RO         3140    i.HAL_TIM_Base_Stop_IT  stm32f4xx_hal_tim.o
    0x08002768   0x08002768   0x000000dc   Code   RO         3141    i.HAL_TIM_ConfigClockSource  stm32f4xx_hal_tim.o
    0x08002844   0x08002844   0x00000002   Code   RO         3166    i.HAL_TIM_IC_CaptureCallback  stm32f4xx_hal_tim.o
    0x08002846   0x08002846   0x00000166   Code   RO         3180    i.HAL_TIM_IRQHandler  stm32f4xx_hal_tim.o
    0x080029ac   0x080029ac   0x00000054   Code   RO          562    i.HAL_TIM_MspPostInit  tim.o
    0x08002a00   0x08002a00   0x00000002   Code   RO         3183    i.HAL_TIM_OC_DelayElapsedCallback  stm32f4xx_hal_tim.o
    0x08002a02   0x08002a02   0x000000cc   Code   RO         3204    i.HAL_TIM_PWM_ConfigChannel  stm32f4xx_hal_tim.o
    0x08002ace   0x08002ace   0x0000005a   Code   RO         3207    i.HAL_TIM_PWM_Init  stm32f4xx_hal_tim.o
    0x08002b28   0x08002b28   0x00000002   Code   RO         3209    i.HAL_TIM_PWM_MspInit  stm32f4xx_hal_tim.o
    0x08002b2a   0x08002b2a   0x00000002   Code   RO         3210    i.HAL_TIM_PWM_PulseFinishedCallback  stm32f4xx_hal_tim.o
    0x08002b2c   0x08002b2c   0x000000c8   Code   RO         3212    i.HAL_TIM_PWM_Start  stm32f4xx_hal_tim.o
    0x08002bf4   0x08002bf4   0x00000014   Code   RO           14    i.HAL_TIM_PeriodElapsedCallback  main.o
    0x08002c08   0x08002c08   0x00000002   Code   RO         3223    i.HAL_TIM_TriggerCallback  stm32f4xx_hal_tim.o
    0x08002c0a   0x08002c0a   0x00000002   Code   RO         4114    i.HAL_UARTEx_RxEventCallback  stm32f4xx_hal_uart.o
    0x08002c0c   0x08002c0c   0x00000070   Code   RO         4126    i.HAL_UART_DMAStop  stm32f4xx_hal_uart.o
    0x08002c7c   0x08002c7c   0x00000002   Code   RO         4128    i.HAL_UART_ErrorCallback  stm32f4xx_hal_uart.o
    0x08002c7e   0x08002c7e   0x00000002   PAD
    0x08002c80   0x08002c80   0x00000268   Code   RO         4131    i.HAL_UART_IRQHandler  stm32f4xx_hal_uart.o
    0x08002ee8   0x08002ee8   0x00000062   Code   RO         4132    i.HAL_UART_Init     stm32f4xx_hal_uart.o
    0x08002f4a   0x08002f4a   0x00000002   PAD
    0x08002f4c   0x08002f4c   0x000002d8   Code   RO          643    i.HAL_UART_MspInit  usart.o
    0x08003224   0x08003224   0x0000002a   Code   RO         4136    i.HAL_UART_Receive_DMA  stm32f4xx_hal_uart.o
    0x0800324e   0x0800324e   0x00000002   PAD
    0x08003250   0x08003250   0x00000074   Code   RO           15    i.HAL_UART_RxCpltCallback  main.o
    0x080032c4   0x080032c4   0x00000002   Code   RO         4139    i.HAL_UART_RxHalfCpltCallback  stm32f4xx_hal_uart.o
    0x080032c6   0x080032c6   0x00000002   PAD
    0x080032c8   0x080032c8   0x0000008c   Code   RO         4141    i.HAL_UART_Transmit_DMA  stm32f4xx_hal_uart.o
    0x08003354   0x08003354   0x0000003e   Code   RO         4142    i.HAL_UART_Transmit_IT  stm32f4xx_hal_uart.o
    0x08003392   0x08003392   0x00000002   Code   RO         4143    i.HAL_UART_TxCpltCallback  stm32f4xx_hal_uart.o
    0x08003394   0x08003394   0x00000002   Code   RO         4144    i.HAL_UART_TxHalfCpltCallback  stm32f4xx_hal_uart.o
    0x08003396   0x08003396   0x00000002   Code   RO          717    i.HardFault_Handler  stm32f4xx_it.o
    0x08003398   0x08003398   0x000001a4   Code   RO         6375    i.JUDGE_Receive     judge.o
    0x0800353c   0x0800353c   0x00000044   Code   RO          404    i.MX_CAN1_Init      can.o
    0x08003580   0x08003580   0x00000044   Code   RO          405    i.MX_CAN2_Init      can.o
    0x080035c4   0x080035c4   0x000000ac   Code   RO          452    i.MX_DMA_Init       dma.o
    0x08003670   0x08003670   0x0000019c   Code   RO          301    i.MX_GPIO_Init      gpio.o
    0x0800380c   0x0800380c   0x00000040   Code   RO          478    i.MX_I2C3_Init      i2c.o
    0x0800384c   0x0800384c   0x00000048   Code   RO          520    i.MX_SPI1_Init      spi.o
    0x08003894   0x08003894   0x00000064   Code   RO          563    i.MX_TIM10_Init     tim.o
    0x080038f8   0x080038f8   0x00000068   Code   RO          564    i.MX_TIM1_Init      tim.o
    0x08003960   0x08003960   0x00000064   Code   RO          565    i.MX_TIM2_Init      tim.o
    0x080039c4   0x080039c4   0x00000068   Code   RO          566    i.MX_TIM4_Init      tim.o
    0x08003a2c   0x08003a2c   0x00000068   Code   RO          567    i.MX_TIM8_Init      tim.o
    0x08003a94   0x08003a94   0x0000004c   Code   RO          568    i.MX_TIM9_Init      tim.o
    0x08003ae0   0x08003ae0   0x00000038   Code   RO          644    i.MX_USART1_UART_Init  usart.o
    0x08003b18   0x08003b18   0x0000003c   Code   RO          645    i.MX_USART3_UART_Init  usart.o
    0x08003b54   0x08003b54   0x00000038   Code   RO          646    i.MX_USART6_UART_Init  usart.o
    0x08003b8c   0x08003b8c   0x00000002   Code   RO          718    i.MemManage_Handler  stm32f4xx_it.o
    0x08003b8e   0x08003b8e   0x00000002   Code   RO          719    i.NMI_Handler       stm32f4xx_it.o
    0x08003b90   0x08003b90   0x0000000c   Code   RO          720    i.SPI1_IRQHandler   stm32f4xx_it.o
    0x08003b9c   0x08003b9c   0x00000010   Code   RO         2846    i.SPI_DMAAbortOnError  stm32f4xx_hal_spi.o
    0x08003bac   0x08003bac   0x0000002c   Code   RO         5722    i.SysTick_Handler   port.o
    0x08003bd8   0x08003bd8   0x00000094   Code   RO           16    i.SystemClock_Config  main.o
    0x08003c6c   0x08003c6c   0x00000010   Code   RO         4461    i.SystemInit        system_stm32f4xx.o
    0x08003c7c   0x08003c7c   0x0000001c   Code   RO          721    i.TIM1_BRK_TIM9_IRQHandler  stm32f4xx_it.o
    0x08003c98   0x08003c98   0x0000000c   Code   RO          722    i.TIM2_IRQHandler   stm32f4xx_it.o
    0x08003ca4   0x08003ca4   0x0000000c   Code   RO          723    i.TIM3_IRQHandler   stm32f4xx_it.o
    0x08003cb0   0x08003cb0   0x00000024   Code   RO          724    i.TIM4_IRQHandler   stm32f4xx_it.o
    0x08003cd4   0x08003cd4   0x0000000c   Code   RO          725    i.TIM8_BRK_TIM12_IRQHandler  stm32f4xx_it.o
    0x08003ce0   0x08003ce0   0x00000064   Code   RO          726    i.TIM8_UP_TIM13_IRQHandler  stm32f4xx_it.o
    0x08003d44   0x08003d44   0x000000c8   Code   RO         3225    i.TIM_Base_SetConfig  stm32f4xx_hal_tim.o
    0x08003e0c   0x08003e0c   0x0000001a   Code   RO         3226    i.TIM_CCxChannelCmd  stm32f4xx_hal_tim.o
    0x08003e26   0x08003e26   0x00000014   Code   RO         3236    i.TIM_ETR_SetConfig  stm32f4xx_hal_tim.o
    0x08003e3a   0x08003e3a   0x00000010   Code   RO         3237    i.TIM_ITRx_SetConfig  stm32f4xx_hal_tim.o
    0x08003e4a   0x08003e4a   0x00000002   PAD
    0x08003e4c   0x08003e4c   0x00000060   Code   RO         3238    i.TIM_OC1_SetConfig  stm32f4xx_hal_tim.o
    0x08003eac   0x08003eac   0x0000006c   Code   RO         3239    i.TIM_OC2_SetConfig  stm32f4xx_hal_tim.o
    0x08003f18   0x08003f18   0x00000068   Code   RO         3240    i.TIM_OC3_SetConfig  stm32f4xx_hal_tim.o
    0x08003f80   0x08003f80   0x00000050   Code   RO         3241    i.TIM_OC4_SetConfig  stm32f4xx_hal_tim.o
    0x08003fd0   0x08003fd0   0x00000022   Code   RO         3243    i.TIM_TI1_ConfigInputStage  stm32f4xx_hal_tim.o
    0x08003ff2   0x08003ff2   0x00000024   Code   RO         3245    i.TIM_TI2_ConfigInputStage  stm32f4xx_hal_tim.o
    0x08004016   0x08004016   0x00000010   Code   RO         4145    i.UART_DMAAbortOnError  stm32f4xx_hal_uart.o
    0x08004026   0x08004026   0x0000004a   Code   RO         4146    i.UART_DMAError     stm32f4xx_hal_uart.o
    0x08004070   0x08004070   0x00000082   Code   RO         4147    i.UART_DMAReceiveCplt  stm32f4xx_hal_uart.o
    0x080040f2   0x080040f2   0x0000001a   Code   RO         4149    i.UART_DMARxHalfCplt  stm32f4xx_hal_uart.o
    0x0800410c   0x0800410c   0x00000042   Code   RO         4151    i.UART_DMATransmitCplt  stm32f4xx_hal_uart.o
    0x0800414e   0x0800414e   0x0000000a   Code   RO         4153    i.UART_DMATxHalfCplt  stm32f4xx_hal_uart.o
    0x08004158   0x08004158   0x0000004e   Code   RO         4155    i.UART_EndRxTransfer  stm32f4xx_hal_uart.o
    0x080041a6   0x080041a6   0x0000001c   Code   RO         4156    i.UART_EndTxTransfer  stm32f4xx_hal_uart.o
    0x080041c2   0x080041c2   0x000000c0   Code   RO         4157    i.UART_Receive_IT   stm32f4xx_hal_uart.o
    0x08004282   0x08004282   0x00000002   PAD
    0x08004284   0x08004284   0x0000010c   Code   RO         4158    i.UART_SetConfig    stm32f4xx_hal_uart.o
    0x08004390   0x08004390   0x00000094   Code   RO         4159    i.UART_Start_Receive_DMA  stm32f4xx_hal_uart.o
    0x08004424   0x08004424   0x00000018   Code   RO          727    i.USART1_IRQHandler  stm32f4xx_it.o
    0x0800443c   0x0800443c   0x00000018   Code   RO          728    i.USART3_IRQHandler  stm32f4xx_it.o
    0x08004454   0x08004454   0x0000003c   Code   RO         6308    i.USART3_Init       drv_usart.o
    0x08004490   0x08004490   0x00000194   Code   RO         6419    i.USART3_rxDataHandler  rc_potocal.o
    0x08004624   0x08004624   0x00000018   Code   RO          729    i.USART6_IRQHandler  stm32f4xx_it.o
    0x0800463c   0x0800463c   0x0000003c   Code   RO         6309    i.USART6_Init       drv_usart.o
    0x08004678   0x08004678   0x00000030   Code   RO          730    i.USER_UART_IRQHandler  stm32f4xx_it.o
    0x080046a8   0x080046a8   0x000000d0   Code   RO         6376    i.Update_data       judge.o
    0x08004778   0x08004778   0x00000002   Code   RO          731    i.UsageFault_Handler  stm32f4xx_it.o
    0x0800477a   0x0800477a   0x00000002   PAD
    0x0800477c   0x0800477c   0x0000003c   Code   RO         6459    i.Verify_CRC16_Check_Sum  crc.o
    0x080047b8   0x080047b8   0x00000026   Code   RO         6460    i.Verify_CRC8_Check_Sum  crc.o
    0x080047de   0x080047de   0x00000020   Code   RO         1983    i.__NVIC_SetPriority  stm32f4xx_hal_cortex.o
    0x080047fe   0x080047fe   0x00000002   PAD
    0x08004800   0x08004800   0x00000024   Code   RO         6245    i.can_remote        drv_can.o
    0x08004824   0x08004824   0x0000004c   Code   RO         6310    i.dma_m0_rxcplt_callback  drv_usart.o
    0x08004870   0x08004870   0x00000048   Code   RO         6311    i.dma_m1_rxcplt_callback  drv_usart.o
    0x080048b8   0x080048b8   0x000000c8   Code   RO           17    i.main              main.o
    0x08004980   0x08004980   0x00000020   Code   RO         4968    i.prvResetNextTaskUnblockTime  tasks.o
    0x080049a0   0x080049a0   0x0000009c   Code   RO         6312    i.uart_rx_idle_callback  drv_usart.o
    0x08004a3c   0x08004a3c   0x00000026   Code   RO         4599    i.uxListRemove      list.o
    0x08004a62   0x08004a62   0x00000018   Code   RO         4603    i.vListInsertEnd    list.o
    0x08004a7a   0x08004a7a   0x00000002   PAD
    0x08004a7c   0x08004a7c   0x0000005c   Code   RO         4994    i.vTaskSwitchContext  tasks.o
    0x08004ad8   0x08004ad8   0x000000cc   Code   RO         5005    i.xTaskIncrementTick  tasks.o
    0x08004ba4   0x08004ba4   0x0000000a   Code   RO         6851    x$fpl$fpinit        fz_wm.l(fpinit.o)
    0x08004bae   0x08004bae   0x00000008   Data   RO         1700    .constdata          stm32f4xx_hal_dma.o
    0x08004bb6   0x08004bb6   0x00000010   Data   RO         4462    .constdata          system_stm32f4xx.o
    0x08004bc6   0x08004bc6   0x00000008   Data   RO         4463    .constdata          system_stm32f4xx.o
    0x08004bce   0x08004bce   0x00000300   Data   RO         6462    .constdata          crc.o
    0x08004ece   0x08004ece   0x00000002   PAD
    0x08004ed0   0x08004ed0   0x00000020   Data   RO         6909    Region$$Table       anon$$obj.o


    Execution Region RW_IRAM1 (Exec base: 0x20000000, Load base: 0x08004ef0, Size: 0x00001460, Max: 0x0001c000, ABSOLUTE, COMPRESSED[0x00000020])

    Exec Addr    Load Addr    Size         Type   Attr      Idx    E Section Name        Object

    0x20000000   COMPRESSED   0x00000003   Data   RW           29    .data               main.o
    0x20000003   COMPRESSED   0x00000001   PAD
    0x20000004   COMPRESSED   0x00000004   Data   RW          407    .data               can.o
    0x20000008   COMPRESSED   0x00000008   Data   RW          732    .data               stm32f4xx_it.o
    0x20000010   COMPRESSED   0x0000000c   Data   RW         2127    .data               stm32f4xx_hal.o
    0x2000001c   COMPRESSED   0x00000004   Data   RW         4464    .data               system_stm32f4xx.o
    0x20000020   COMPRESSED   0x0000003c   Data   RW         5014    .data               tasks.o
    0x2000005c   COMPRESSED   0x00000004   PAD
    0x20000060   COMPRESSED   0x00000084   Data   RW         6149    .data               chassis_task.o
    0x200000e4   COMPRESSED   0x00000001   Data   RW         6153    .data               chassis_task.o
    0x200000e5   COMPRESSED   0x00000001   Data   RW         6154    .data               chassis_task.o
    0x200000e6   COMPRESSED   0x00000002   Data   RW         6247    .data               drv_can.o
    0x200000e8   COMPRESSED   0x00000001   Data   RW         6314    .data               drv_usart.o
    0x200000e9   COMPRESSED   0x00000003   PAD
    0x200000ec   COMPRESSED   0x00000014   Data   RW         6378    .data               judge.o
    0x20000100   COMPRESSED   0x0000002c   Data   RW         6421    .data               rc_potocal.o
    0x2000012c   COMPRESSED   0x00000002   Data   RW         6463    .data               crc.o
    0x2000012e   COMPRESSED   0x00000002   PAD
    0x20000130        -       0x00000098   Zero   RW           22    .bss                main.o
    0x200001c8        -       0x00000050   Zero   RW          406    .bss                can.o
    0x20000218        -       0x00000054   Zero   RW          479    .bss                i2c.o
    0x2000026c        -       0x00000118   Zero   RW          521    .bss                spi.o
    0x20000384        -       0x000001b0   Zero   RW          569    .bss                tim.o
    0x20000534        -       0x0000030c   Zero   RW          647    .bss                usart.o
    0x20000840        -       0x00000048   Zero   RW          956    .bss                stm32f4xx_hal_timebase_tim.o
    0x20000888        -       0x000000f0   Zero   RW         5013    .bss                tasks.o
    0x20000978        -       0x000000a4   Zero   RW         5878    .bss                ins_task.o
    0x20000a1c        -       0x00000170   Zero   RW         6148    .bss                chassis_task.o
    0x20000b8c        -       0x000001c0   Zero   RW         6313    .bss                drv_usart.o
    0x20000d4c        -       0x0000009e   Zero   RW         6377    .bss                judge.o
    0x20000dea        -       0x00000016   Zero   RW         6420    .bss                rc_potocal.o
    0x20000e00        -       0x00000060   Zero   RW         6767    .bss                c_w.l(libspace.o)
    0x20000e60        -       0x00000200   Zero   RW            2    HEAP                startup_stm32f407xx.o
    0x20001060        -       0x00000400   Zero   RW            1    STACK               startup_stm32f407xx.o


    Execution Region RW_IRAM2 (Exec base: 0x2001c000, Load base: 0x08004f10, Size: 0x00000000, Max: 0x00004000, ABSOLUTE)

    **** No section assigned to this execution region ****


==============================================================================

Image component sizes


      Code (inc. data)   RO Data    RW Data    ZI Data      Debug   Object Name

       420         42          0          4         80       2458   can.o
         0          0          0        134        368       4686   chassis_task.o
       170         16        768          2          0       3599   crc.o
       172          4          0          0          0        854   dma.o
       312         32          0          2          0       3997   drv_can.o
      1044         84          0          1        448       5928   drv_usart.o
         0          0          0          0          0      15916   event_groups.o
       412         30          0          0          0       1195   gpio.o
       212         32          0          0         84       1697   i2c.o
         0          0          0          0        164     638434   ins_task.o
       628         38          0         20        158       7148   judge.o
        62          0          0          0          0       1696   list.o
       488         54          0          3        152     729751   main.o
       234         22          0          0          0       3990   port.o
       404         16          0         44         22       3958   rc_potocal.o
       340         32          0          0        280       1887   spi.o
        64         26        392          0       1536        836   startup_stm32f407xx.o
       116         18          0         12          0       8674   stm32f4xx_hal.o
      1658          6          0          0          0      14127   stm32f4xx_hal_can.o
       158         14          0          0          0      33142   stm32f4xx_hal_cortex.o
      1084         16          8          0          0       7286   stm32f4xx_hal_dma.o
       532         52          0          0          0       3332   stm32f4xx_hal_gpio.o
       392         16          0          0          0       3103   stm32f4xx_hal_i2c.o
        56          4          0          0          0        854   stm32f4xx_hal_msp.o
      1412         86          0          0          0       5845   stm32f4xx_hal_rcc.o
       458          6          0          0          0       3396   stm32f4xx_hal_spi.o
      2068        136          0          0          0      17353   stm32f4xx_hal_tim.o
       148         28          0          0          0       2425   stm32f4xx_hal_tim_ex.o
       152         20          0          0         72       1459   stm32f4xx_hal_timebase_tim.o
      2116         44          0          0          0      16648   stm32f4xx_hal_uart.o
       592        188          0          8          0      17857   stm32f4xx_it.o
        16          4         24          4          0       1103   system_stm32f4xx.o
       328         26          0         60        240       9772   tasks.o
       920         84          0          0        432       5767   tim.o
       900         78          0          0        780       3738   usart.o

    ----------------------------------------------------------------------
     18106       1254       1226        304       4816    1583911   Object Totals
         0          0         32          0          0          0   (incl. Generated)
        38          0          2         10          0          0   (incl. Padding)

    ----------------------------------------------------------------------

      Code (inc. data)   RO Data    RW Data    ZI Data      Debug   Library Member Name

        58          0          0          0          0          0   __dczerorl.o
         8          0          0          0          0         68   __main.o
         0          0          0          0          0          0   __rtentry.o
        12          0          0          0          0          0   __rtentry2.o
         6          0          0          0          0          0   __rtentry4.o
        52          8          0          0          0          0   __scatter.o
        28          0          0          0          0          0   __scatter_zi.o
        18          0          0          0          0         80   exit.o
         6          0          0          0          0        152   heapauxi.o
         0          0          0          0          0          0   indicate_semi.o
         2          0          0          0          0          0   libinit.o
         6          0          0          0          0          0   libinit2.o
         2          0          0          0          0          0   libshutdown.o
         2          0          0          0          0          0   libshutdown2.o
         8          4          0          0         96         68   libspace.o
       238          0          0          0          0        100   lludivv7m.o
        78          0          0          0          0         80   rt_memclr_w.o
       138          0          0          0          0         68   rt_memcpy_v6.o
       100          0          0          0          0         80   rt_memcpy_w.o
         2          0          0          0          0          0   rtexit.o
        10          0          0          0          0          0   rtexit2.o
        12          4          0          0          0         68   sys_exit.o
        74          0          0          0          0         80   sys_stackheap_outer.o
         2          0          0          0          0         68   use_no_semi.o
        10          0          0          0          0        116   fpinit.o

    ----------------------------------------------------------------------
       876         16          0          0         96       1028   Library Totals
         4          0          0          0          0          0   (incl. Padding)

    ----------------------------------------------------------------------

      Code (inc. data)   RO Data    RW Data    ZI Data      Debug   Library Name

       862         16          0          0         96        912   c_w.l
        10          0          0          0          0        116   fz_wm.l

    ----------------------------------------------------------------------
       876         16          0          0         96       1028   Library Totals

    ----------------------------------------------------------------------

==============================================================================


      Code (inc. data)   RO Data    RW Data    ZI Data      Debug   

     18982       1270       1226        304       4912    1566675   Grand Totals
     18982       1270       1226         32       4912    1566675   ELF Image Totals (compressed)
     18982       1270       1226         32          0          0   ROM Totals

==============================================================================

    Total RO  Size (Code + RO Data)                20208 (  19.73kB)
    Total RW  Size (RW Data + ZI Data)              5216 (   5.09kB)
    Total ROM Size (Code + RO Data + RW Data)      20240 (  19.77kB)

==============================================================================

