Component: ARM Compiler 5.06 update 7 (build 960) Tool: armlink [4d3601]

==============================================================================

Section Cross References

    startup_stm32f407xx.o(STACK) refers (Special) to heapauxi.o(.text) for __use_two_region_memory
    startup_stm32f407xx.o(HEAP) refers (Special) to heapauxi.o(.text) for __use_two_region_memory
    startup_stm32f407xx.o(RESET) refers (Special) to heapauxi.o(.text) for __use_two_region_memory
    startup_stm32f407xx.o(RESET) refers to startup_stm32f407xx.o(STACK) for __initial_sp
    startup_stm32f407xx.o(RESET) refers to startup_stm32f407xx.o(.text) for Reset_Handler
    startup_stm32f407xx.o(RESET) refers to stm32f4xx_it.o(i.NMI_Handler) for NMI_Handler
    startup_stm32f407xx.o(RESET) refers to stm32f4xx_it.o(i.HardFault_Handler) for HardFault_Handler
    startup_stm32f407xx.o(RESET) refers to stm32f4xx_it.o(i.MemManage_Handler) for MemManage_Handler
    startup_stm32f407xx.o(RESET) refers to stm32f4xx_it.o(i.BusFault_Handler) for BusFault_Handler
    startup_stm32f407xx.o(RESET) refers to stm32f4xx_it.o(i.UsageFault_Handler) for UsageFault_Handler
    startup_stm32f407xx.o(RESET) refers to port.o(.emb_text) for SVC_Handler
    startup_stm32f407xx.o(RESET) refers to stm32f4xx_it.o(i.DebugMon_Handler) for DebugMon_Handler
    startup_stm32f407xx.o(RESET) refers to port.o(i.SysTick_Handler) for SysTick_Handler
    startup_stm32f407xx.o(RESET) refers to stm32f4xx_it.o(i.EXTI3_IRQHandler) for EXTI3_IRQHandler
    startup_stm32f407xx.o(RESET) refers to stm32f4xx_it.o(i.EXTI4_IRQHandler) for EXTI4_IRQHandler
    startup_stm32f407xx.o(RESET) refers to stm32f4xx_it.o(i.DMA1_Stream1_IRQHandler) for DMA1_Stream1_IRQHandler
    startup_stm32f407xx.o(RESET) refers to stm32f4xx_it.o(i.DMA1_Stream3_IRQHandler) for DMA1_Stream3_IRQHandler
    startup_stm32f407xx.o(RESET) refers to stm32f4xx_it.o(i.CAN1_TX_IRQHandler) for CAN1_TX_IRQHandler
    startup_stm32f407xx.o(RESET) refers to stm32f4xx_it.o(i.CAN1_RX0_IRQHandler) for CAN1_RX0_IRQHandler
    startup_stm32f407xx.o(RESET) refers to stm32f4xx_it.o(i.EXTI9_5_IRQHandler) for EXTI9_5_IRQHandler
    startup_stm32f407xx.o(RESET) refers to stm32f4xx_it.o(i.TIM1_BRK_TIM9_IRQHandler) for TIM1_BRK_TIM9_IRQHandler
    startup_stm32f407xx.o(RESET) refers to stm32f4xx_it.o(i.TIM2_IRQHandler) for TIM2_IRQHandler
    startup_stm32f407xx.o(RESET) refers to stm32f4xx_it.o(i.TIM3_IRQHandler) for TIM3_IRQHandler
    startup_stm32f407xx.o(RESET) refers to stm32f4xx_it.o(i.TIM4_IRQHandler) for TIM4_IRQHandler
    startup_stm32f407xx.o(RESET) refers to stm32f4xx_it.o(i.SPI1_IRQHandler) for SPI1_IRQHandler
    startup_stm32f407xx.o(RESET) refers to stm32f4xx_it.o(i.USART1_IRQHandler) for USART1_IRQHandler
    startup_stm32f407xx.o(RESET) refers to stm32f4xx_it.o(i.USART3_IRQHandler) for USART3_IRQHandler
    startup_stm32f407xx.o(RESET) refers to stm32f4xx_it.o(i.TIM8_BRK_TIM12_IRQHandler) for TIM8_BRK_TIM12_IRQHandler
    startup_stm32f407xx.o(RESET) refers to stm32f4xx_it.o(i.TIM8_UP_TIM13_IRQHandler) for TIM8_UP_TIM13_IRQHandler
    startup_stm32f407xx.o(RESET) refers to stm32f4xx_it.o(i.DMA2_Stream0_IRQHandler) for DMA2_Stream0_IRQHandler
    startup_stm32f407xx.o(RESET) refers to stm32f4xx_it.o(i.DMA2_Stream1_IRQHandler) for DMA2_Stream1_IRQHandler
    startup_stm32f407xx.o(RESET) refers to stm32f4xx_it.o(i.DMA2_Stream2_IRQHandler) for DMA2_Stream2_IRQHandler
    startup_stm32f407xx.o(RESET) refers to stm32f4xx_it.o(i.DMA2_Stream3_IRQHandler) for DMA2_Stream3_IRQHandler
    startup_stm32f407xx.o(RESET) refers to stm32f4xx_it.o(i.CAN2_TX_IRQHandler) for CAN2_TX_IRQHandler
    startup_stm32f407xx.o(RESET) refers to stm32f4xx_it.o(i.CAN2_RX0_IRQHandler) for CAN2_RX0_IRQHandler
    startup_stm32f407xx.o(RESET) refers to stm32f4xx_it.o(i.DMA2_Stream6_IRQHandler) for DMA2_Stream6_IRQHandler
    startup_stm32f407xx.o(RESET) refers to stm32f4xx_it.o(i.DMA2_Stream7_IRQHandler) for DMA2_Stream7_IRQHandler
    startup_stm32f407xx.o(RESET) refers to stm32f4xx_it.o(i.USART6_IRQHandler) for USART6_IRQHandler
    startup_stm32f407xx.o(.text) refers (Special) to heapauxi.o(.text) for __use_two_region_memory
    startup_stm32f407xx.o(.text) refers to system_stm32f4xx.o(i.SystemInit) for SystemInit
    startup_stm32f407xx.o(.text) refers to __main.o(!!!main) for __main
    startup_stm32f407xx.o(.text) refers to startup_stm32f407xx.o(HEAP) for Heap_Mem
    startup_stm32f407xx.o(.text) refers to startup_stm32f407xx.o(STACK) for Stack_Mem
    main.o(i.HAL_TIM_PeriodElapsedCallback) refers to stm32f4xx_hal.o(i.HAL_IncTick) for HAL_IncTick
    main.o(i.HAL_UART_RxCpltCallback) refers to stm32f4xx_hal_uart.o(i.HAL_UART_DMAStop) for HAL_UART_DMAStop
    main.o(i.HAL_UART_RxCpltCallback) refers to stm32f4xx_hal_uart.o(i.HAL_UART_Transmit_DMA) for HAL_UART_Transmit_DMA
    main.o(i.HAL_UART_RxCpltCallback) refers to stm32f4xx_hal_uart.o(i.HAL_UART_Receive_DMA) for HAL_UART_Receive_DMA
[...]
    DMA2_Stream7_IRQHandler                  0x08000f5d   Thumb Code     6  stm32f4xx_it.o(i.DMA2_Stream7_IRQHandler)
    DRV_USART3_IRQHandler                    0x08001251   Thumb Code    20  drv_usart.o(i.DRV_USART3_IRQHandler)
    DRV_USART6_IRQHandler                    0x08001265   Thumb Code    20  drv_usart.o(i.DRV_USART6_IRQHandler)
    DebugMon_Handler                         0x08001279   Thumb Code     2  stm32f4xx_it.o(i.DebugMon_Handler)
    EXTI3_IRQHandler                         0x0800127b   Thumb Code     6  stm32f4xx_it.o(i.EXTI3_IRQHandler)
    EXTI4_IRQHandler                         0x08001281   Thumb Code     6  stm32f4xx_it.o(i.EXTI4_IRQHandler)
    EXTI9_5_IRQHandler                       0x08001289   Thumb Code    74  stm32f4xx_it.o(i.EXTI9_5_IRQHandler)
    Error_Handler                            0x080012e5   Thumb Code     4  main.o(i.Error_Handler)
    Get_CRC16_Check_Sum                      0x080012e9   Thumb Code    38  crc.o(i.Get_CRC16_Check_Sum)
    Get_CRC8_Check_Sum                       0x08001315   Thumb Code    24  crc.o(i.Get_CRC8_Check_Sum)
    HAL_CAN_ActivateNotification             0x08001331   Thumb Code    36  stm32f4xx_hal_can.o(i.HAL_CAN_ActivateNotification)
    HAL_CAN_AddTxMessage                     0x08001355   Thumb Code   220  stm32f4xx_hal_can.o(i.HAL_CAN_AddTxMessage)
    HAL_CAN_ConfigFilter                     0x08001431   Thumb Code   262  stm32f4xx_hal_can.o(i.HAL_CAN_ConfigFilter)
    HAL_CAN_ErrorCallback                    0x0800153d   Thumb Code     2  stm32f4xx_hal_can.o(i.HAL_CAN_ErrorCallback)
    HAL_CAN_GetRxMessage                     0x0800153f   Thumb Code   232  stm32f4xx_hal_can.o(i.HAL_CAN_GetRxMessage)
    HAL_CAN_IRQHandler                       0x08001627   Thumb Code   508  stm32f4xx_hal_can.o(i.HAL_CAN_IRQHandler)
    HAL_CAN_Init                             0x08001823   Thumb Code   282  stm32f4xx_hal_can.o(i.HAL_CAN_Init)
    HAL_CAN_MspInit                          0x0800193d   Thumb Code   258  can.o(i.HAL_CAN_MspInit)
    HAL_CAN_RxFifo0FullCallback              0x08001a59   Thumb Code     2  stm32f4xx_hal_can.o(i.HAL_CAN_RxFifo0FullCallback)
    HAL_CAN_RxFifo0MsgPendingCallback        0x08001a5d   Thumb Code   136  drv_can.o(i.HAL_CAN_RxFifo0MsgPendingCallback)
    HAL_CAN_RxFifo1FullCallback              0x08001af9   Thumb Code     2  stm32f4xx_hal_can.o(i.HAL_CAN_RxFifo1FullCallback)
    HAL_CAN_RxFifo1MsgPendingCallback        0x08001afb   Thumb Code     2  stm32f4xx_hal_can.o(i.HAL_CAN_RxFifo1MsgPendingCallback)
    HAL_CAN_SleepCallback                    0x08001afd   Thumb Code     2  stm32f4xx_hal_can.o(i.HAL_CAN_SleepCallback)
    HAL_CAN_Start                            0x08001b01   Thumb Code    88  stm32f4xx_hal_can.o(i.HAL_CAN_Start)
    HAL_CAN_TxMailbox0AbortCallback          0x08001b59   Thumb Code     2  stm32f4xx_hal_can.o(i.HAL_CAN_TxMailbox0AbortCallback)
    HAL_CAN_TxMailbox0CompleteCallback       0x08001b5b   Thumb Code     2  stm32f4xx_hal_can.o(i.HAL_CAN_TxMailbox0CompleteCallback)
    HAL_CAN_TxMailbox1AbortCallback          0x08001b5d   Thumb Code     2  stm32f4xx_hal_can.o(i.HAL_CAN_TxMailbox1AbortCallback)
    HAL_CAN_TxMailbox1CompleteCallback       0x08001b5f   Thumb Code     2  stm32f4xx_hal_can.o(i.HAL_CAN_TxMailbox1CompleteCallback)
    HAL_CAN_TxMailbox2AbortCallback          0x08001b61   Thumb Code     2  stm32f4xx_hal_can.o(i.HAL_CAN_TxMailbox2AbortCallback)
    HAL_CAN_TxMailbox2CompleteCallback       0x08001b63   Thumb Code     2  stm32f4xx_hal_can.o(i.HAL_CAN_TxMailbox2CompleteCallback)
    HAL_CAN_WakeUpFromRxMsgCallback          0x08001b65   Thumb Code     2  stm32f4xx_hal_can.o(i.HAL_CAN_WakeUpFromRxMsgCallback)
    HAL_DMA_Abort                            0x08001b67   Thumb Code   146  stm32f4xx_hal_dma.o(i.HAL_DMA_Abort)
    HAL_DMA_Abort_IT                         0x08001bf9   Thumb Code    36  stm32f4xx_hal_dma.o(i.HAL_DMA_Abort_IT)
    HAL_DMA_IRQHandler                       0x08001c1d   Thumb Code   412  stm32f4xx_hal_dma.o(i.HAL_DMA_IRQHandler)
    HAL_DMA_Init                             0x08001dbd   Thumb Code   206  stm32f4xx_hal_dma.o(i.HAL_DMA_Init)
    HAL_DMA_Start_IT                         0x08001e91   Thumb Code   110  stm32f4xx_hal_dma.o(i.HAL_DMA_Start_IT)
    HAL_Delay                                0x08001f01   Thumb Code    32  stm32f4xx_hal.o(i.HAL_Delay)
    HAL_GPIO_EXTI_Callback                   0x08001f25   Thumb Code     2  stm32f4xx_hal_gpio.o(i.HAL_GPIO_EXTI_Callback)
    HAL_GPIO_EXTI_IRQHandler                 0x08001f29   Thumb Code    18  stm32f4xx_hal_gpio.o(i.HAL_GPIO_EXTI_IRQHandler)
    HAL_GPIO_Init                            0x08001f41   Thumb Code   450  stm32f4xx_hal_gpio.o(i.HAL_GPIO_Init)
    HAL_GPIO_WritePin                        0x08002131   Thumb Code    10  stm32f4xx_hal_gpio.o(i.HAL_GPIO_WritePin)
    HAL_GetTick                              0x0800213d   Thumb Code     6  stm32f4xx_hal.o(i.HAL_GetTick)
    HAL_I2C_Init                             0x08002149   Thumb Code   376  stm32f4xx_hal_i2c.o(i.HAL_I2C_Init)
    HAL_I2C_Mem_Write                        0x080022d1   Thumb Code   294  stm32f4xx_hal_i2c.o(i.HAL_I2C_Mem_Write)
    HAL_I2C_MspInit                          0x08002401   Thumb Code   130  i2c.o(i.HAL_I2C_MspInit)
    HAL_IncTick                              0x08002495   Thumb Code    12  stm32f4xx_hal.o(i.HAL_IncTick)
    HAL_Init                                 0x080024a5   Thumb Code    48  stm32f4xx_hal.o(i.HAL_Init)
    HAL_InitTick                             0x080024d9   Thumb Code   132  stm32f4xx_hal_timebase_tim.o(i.HAL_InitTick)
    HAL_MspInit                              0x08002571   Thumb Code    52  stm32f4xx_hal_msp.o(i.HAL_MspInit)
    HAL_NVIC_EnableIRQ                       0x080025a9   Thumb Code    26  stm32f4xx_hal_cortex.o(i.HAL_NVIC_EnableIRQ)
    HAL_NVIC_SetPriority                     0x080025c5   Thumb Code    60  stm32f4xx_hal_cortex.o(i.HAL_NVIC_SetPriority)
    HAL_NVIC_SetPriorityGrouping             0x08002605   Thumb Code    26  stm32f4xx_hal_cortex.o(i.HAL_NVIC_SetPriorityGrouping)
    HAL_RCC_ClockConfig                      0x08002629   Thumb Code   288  stm32f4xx_hal_rcc.o(i.HAL_RCC_ClockConfig)
    HAL_RCC_GetClockConfig                   0x0800275d   Thumb Code    54  stm32f4xx_hal_rcc.o(i.HAL_RCC_GetClockConfig)
    HAL_RCC_GetPCLK1Freq                     0x0800279d   Thumb Code    20  stm32f4xx_hal_rcc.o(i.HAL_RCC_GetPCLK1Freq)
    HAL_RCC_GetPCLK2Freq                     0x080027bd   Thumb Code    20  stm32f4xx_hal_rcc.o(i.HAL_RCC_GetPCLK2Freq)
    HAL_RCC_GetSysClockFreq                  0x080027dd   Thumb Code    88  stm32f4xx_hal_rcc.o(i.HAL_RCC_GetSysClockFreq)
    HAL_RCC_OscConfig                        0x08002841   Thumb Code   856  stm32f4xx_hal_rcc.o(i.HAL_RCC_OscConfig)
    HAL_SPI_ErrorCallback                    0x08002bad   Thumb Code     2  stm32f4xx_hal_spi.o(i.HAL_SPI_ErrorCallback)
    HAL_SPI_GetState                         0x08002baf   Thumb Code     6  stm32f4xx_hal_spi.o(i.HAL_SPI_GetState)
    HAL_SPI_IRQHandler                       0x08002bb5   Thumb Code   246  stm32f4xx_hal_spi.o(i.HAL_SPI_IRQHandler)
    HAL_SPI_Init                             0x08002cb1   Thumb Code   188  stm32f4xx_hal_spi.o(i.HAL_SPI_Init)
    HAL_SPI_MspInit                          0x08002d6d   Thumb Code   244  spi.o(i.HAL_SPI_MspInit)
    HAL_SPI_Receive                          0x08002e79   Thumb Code   346  stm32f4xx_hal_spi.o(i.HAL_SPI_Receive)
    HAL_SPI_Receive_DMA                      0x08002fd5   Thumb Code   230  stm32f4xx_hal_spi.o(i.HAL_SPI_Receive_DMA)
    HAL_SPI_RxCpltCallback                   0x080030c9   Thumb Code     2  stm32f4xx_hal_spi.o(i.HAL_SPI_RxCpltCallback)
    HAL_SPI_RxHalfCpltCallback               0x080030cb   Thumb Code     2  stm32f4xx_hal_spi.o(i.HAL_SPI_RxHalfCpltCallback)
    HAL_SPI_TransmitReceive                  0x080030cd   Thumb Code   482  stm32f4xx_hal_spi.o(i.HAL_SPI_TransmitReceive)
    HAL_SPI_TransmitReceive_DMA              0x080032b1   Thumb Code   270  stm32f4xx_hal_spi.o(i.HAL_SPI_TransmitReceive_DMA)
    HAL_SPI_Transmit_DMA                     0x080033d5   Thumb Code   202  stm32f4xx_hal_spi.o(i.HAL_SPI_Transmit_DMA)
    HAL_SPI_TxCpltCallback                   0x080034ad   Thumb Code     2  stm32f4xx_hal_spi.o(i.HAL_SPI_TxCpltCallback)
    HAL_SPI_TxHalfCpltCallback               0x080034af   Thumb Code     2  stm32f4xx_hal_spi.o(i.HAL_SPI_TxHalfCpltCallback)
    HAL_SPI_TxRxCpltCallback                 0x080034b1   Thumb Code     2  stm32f4xx_hal_spi.o(i.HAL_SPI_TxRxCpltCallback)
    HAL_SPI_TxRxHalfCpltCallback             0x080034b3   Thumb Code     2  stm32f4xx_hal_spi.o(i.HAL_SPI_TxRxHalfCpltCallback)
    HAL_TIMEx_BreakCallback                  0x080034b5   Thumb Code     2  stm32f4xx_hal_tim_ex.o(i.HAL_TIMEx_BreakCallback)
    HAL_TIMEx_CommutCallback                 0x080034b7   Thumb Code     2  stm32f4xx_hal_tim_ex.o(i.HAL_TIMEx_CommutCallback)
    HAL_TIMEx_MasterConfigSynchronization    0x080034b9   Thumb Code   116  stm32f4xx_hal_tim_ex.o(i.HAL_TIMEx_MasterConfigSynchronization)
    HAL_TIM_Base_Init                        0x08003549   Thumb Code    90  stm32f4xx_hal_tim.o(i.HAL_TIM_Base_Init)
    HAL_TIM_Base_MspInit                     0x080035a5   Thumb Code   222  tim.o(i.HAL_TIM_Base_MspInit)
    HAL_TIM_Base_Start_IT                    0x0800369d   Thumb Code   100  stm32f4xx_hal_tim.o(i.HAL_TIM_Base_Start_IT)
    HAL_TIM_Base_Stop_IT                     0x0800371d   Thumb Code    48  stm32f4xx_hal_tim.o(i.HAL_TIM_Base_Stop_IT)
    HAL_TIM_ConfigClockSource                0x0800374d   Thumb Code   220  stm32f4xx_hal_tim.o(i.HAL_TIM_ConfigClockSource)
    HAL_TIM_IC_CaptureCallback               0x08003829   Thumb Code     2  stm32f4xx_hal_tim.o(i.HAL_TIM_IC_CaptureCallback)
    HAL_TIM_IRQHandler                       0x0800382b   Thumb Code   358  stm32f4xx_hal_tim.o(i.HAL_TIM_IRQHandler)
    HAL_TIM_MspPostInit                      0x08003991   Thumb Code    70  tim.o(i.HAL_TIM_MspPostInit)
    HAL_TIM_OC_DelayElapsedCallback          0x080039e5   Thumb Code     2  stm32f4xx_hal_tim.o(i.HAL_TIM_OC_DelayElapsedCallback)
    HAL_TIM_PWM_ConfigChannel                0x080039e7   Thumb Code   204  stm32f4xx_hal_tim.o(i.HAL_TIM_PWM_ConfigChannel)
    HAL_TIM_PWM_Init                         0x08003ab3   Thumb Code    90  stm32f4xx_hal_tim.o(i.HAL_TIM_PWM_Init)
    HAL_TIM_PWM_MspInit                      0x08003b0d   Thumb Code     2  stm32f4xx_hal_tim.o(i.HAL_TIM_PWM_MspInit)
    HAL_TIM_PWM_PulseFinishedCallback        0x08003b0f   Thumb Code     2  stm32f4xx_hal_tim.o(i.HAL_TIM_PWM_PulseFinishedCallback)
    HAL_TIM_PWM_Start                        0x08003b11   Thumb Code   172  stm32f4xx_hal_tim.o(i.HAL_TIM_PWM_Start)
    HAL_TIM_PeriodElapsedCallback            0x08003bd9   Thumb Code    14  main.o(i.HAL_TIM_PeriodElapsedCallback)
    HAL_TIM_TriggerCallback                  0x08003bed   Thumb Code     2  stm32f4xx_hal_tim.o(i.HAL_TIM_TriggerCallback)
    HAL_UARTEx_RxEventCallback               0x08003bef   Thumb Code     2  stm32f4xx_hal_uart.o(i.HAL_UARTEx_RxEventCallback)
    HAL_UART_DMAStop                         0x08003bf1   Thumb Code   112  stm32f4xx_hal_uart.o(i.HAL_UART_DMAStop)
    HAL_UART_ErrorCallback                   0x08003c61   Thumb Code     2  stm32f4xx_hal_uart.o(i.HAL_UART_ErrorCallback)
    HAL_UART_IRQHandler                      0x08003c65   Thumb Code   610  stm32f4xx_hal_uart.o(i.HAL_UART_IRQHandler)
    HAL_UART_Init                            0x08003ecd   Thumb Code    98  stm32f4xx_hal_uart.o(i.HAL_UART_Init)
    HAL_UART_MspInit                         0x08003f31   Thumb Code   680  usart.o(i.HAL_UART_MspInit)
    HAL_UART_Receive_DMA                     0x08004209   Thumb Code    42  stm32f4xx_hal_uart.o(i.HAL_UART_Receive_DMA)
    HAL_UART_RxCpltCallback                  0x08004235   Thumb Code    94  main.o(i.HAL_UART_RxCpltCallback)
    HAL_UART_RxHalfCpltCallback              0x080042a9   Thumb Code     2  stm32f4xx_hal_uart.o(i.HAL_UART_RxHalfCpltCallback)
    HAL_UART_Transmit_DMA                    0x080042ad   Thumb Code   126  stm32f4xx_hal_uart.o(i.HAL_UART_Transmit_DMA)
    HAL_UART_TxCpltCallback                  0x08004339   Thumb Code     2  stm32f4xx_hal_uart.o(i.HAL_UART_TxCpltCallback)
    HAL_UART_TxHalfCpltCallback              0x0800433b   Thumb Code     2  stm32f4xx_hal_uart.o(i.HAL_UART_TxHalfCpltCallback)
    HardFault_Handler                        0x0800433d   Thumb Code     2  stm32f4xx_it.o(i.HardFault_Handler)
    IMU_offset_cali                          0x080045ad   Thumb Code   230  ins_task.o(i.IMU_offset_cali)
    INS_Task                                 0x080046a1   Thumb Code   414  ins_task.o(i.INS_Task)
    JUDGE_Receive                            0x0800484d   Thumb Code   416  judge.o(i.JUDGE_Receive)
    Kalman_Fliter                            0x080049f1   Thumb Code   196  ins_task.o(i.Kalman_Fliter)
    MX_CAN1_Init                             0x08004abd   Thumb Code    60  can.o(i.MX_CAN1_Init)
    MX_CAN2_Init                             0x08004b01   Thumb Code    60  can.o(i.MX_CAN2_Init)
    MX_DMA_Init                              0x08004b45   Thumb Code   168  dma.o(i.MX_DMA_Init)
    MX_FREERTOS_Init                         0x08004bf1   Thumb Code   118  freertos.o(i.MX_FREERTOS_Init)
    MX_GPIO_Init                             0x08004c71   Thumb Code   382  gpio.o(i.MX_GPIO_Init)
    MX_I2C3_Init                             0x08004e0d   Thumb Code    50  i2c.o(i.MX_I2C3_Init)
    MX_SPI1_Init                             0x08004e4d   Thumb Code    64  spi.o(i.MX_SPI1_Init)
    MX_TIM10_Init                            0x08004e95   Thumb Code    92  tim.o(i.MX_TIM10_Init)
    MX_TIM1_Init                             0x08004ef9   Thumb Code    96  tim.o(i.MX_TIM1_Init)
    MX_TIM2_Init                             0x08004f61   Thumb Code    96  tim.o(i.MX_TIM2_Init)
    MX_TIM4_Init                             0x08004fc5   Thumb Code    96  tim.o(i.MX_TIM4_Init)
    MX_TIM8_Init                             0x0800502d   Thumb Code    96  tim.o(i.MX_TIM8_Init)
    MX_TIM9_Init                             0x08005095   Thumb Code    68  tim.o(i.MX_TIM9_Init)
    MX_USART1_UART_Init                      0x080050e1   Thumb Code    48  usart.o(i.MX_USART1_UART_Init)
    MX_USART3_UART_Init                      0x08005119   Thumb Code    46  usart.o(i.MX_USART3_UART_Init)
    MX_USART6_UART_Init                      0x08005155   Thumb Code    48  usart.o(i.MX_USART6_UART_Init)
    MahonyAHRSupdateIMU                      0x0800518d   Thumb Code   466  ins_task.o(i.MahonyAHRSupdateIMU)
    MemManage_Handler                        0x08005371   Thumb Code     2  stm32f4xx_it.o(i.MemManage_Handler)
    Motor_Speed_limiting                     0x08005375   Thumb Code   126  chassis_task.o(i.Motor_Speed_limiting)
    NMI_Handler                              0x080053f3   Thumb Code     2  stm32f4xx_it.o(i.NMI_Handler)
    SPI1_IRQHandler                          0x080053f5   Thumb Code     6  stm32f4xx_it.o(i.SPI1_IRQHandler)
    StartDefaultTask                         0x080056e5   Thumb Code    18  freertos.o(i.StartDefaultTask)
    StartTask02                              0x080056fd   Thumb Code     8  starttask02.o(i.StartTask02)
    StartTask05                              0x08005705   Thumb Code     8  starttask05.o(i.StartTask05)
    SysTick_Handler                          0x0800570d   Thumb Code    38  port.o(i.SysTick_Handler)
    SystemClock_Config                       0x08005739   Thumb Code   140  main.o(i.SystemClock_Config)
    SystemInit                               0x080057cd   Thumb Code    12  system_stm32f4xx.o(i.SystemInit)
    TIM1_BRK_TIM9_IRQHandler                 0x080057dd   Thumb Code    18  stm32f4xx_it.o(i.TIM1_BRK_TIM9_IRQHandler)
    TIM2_IRQHandler                          0x080057f9   Thumb Code     6  stm32f4xx_it.o(i.TIM2_IRQHandler)
    TIM3_IRQHandler                          0x08005805   Thumb Code     6  stm32f4xx_it.o(i.TIM3_IRQHandler)
    TIM4_IRQHandler                          0x08005811   Thumb Code    22  stm32f4xx_it.o(i.TIM4_IRQHandler)
    TIM8_BRK_TIM12_IRQHandler                0x08005835   Thumb Code     6  stm32f4xx_it.o(i.TIM8_BRK_TIM12_IRQHandler)
    TIM8_UP_TIM13_IRQHandler                 0x08005841   Thumb Code    78  stm32f4xx_it.o(i.TIM8_UP_TIM13_IRQHandler)
    TIM_Base_SetConfig                       0x080058a5   Thumb Code   156  stm32f4xx_hal_tim.o(i.TIM_Base_SetConfig)
    TIM_CCxChannelCmd                        0x0800596d   Thumb Code    26  stm32f4xx_hal_tim.o(i.TIM_CCxChannelCmd)
    TIM_ETR_SetConfig                        0x08005987   Thumb Code    20  stm32f4xx_hal_tim.o(i.TIM_ETR_SetConfig)
    TIM_OC2_SetConfig                        0x08005a0d   Thumb Code    98  stm32f4xx_hal_tim.o(i.TIM_OC2_SetConfig)
    UART_Start_Receive_DMA                   0x08005ef1   Thumb Code   134  stm32f4xx_hal_uart.o(i.UART_Start_Receive_DMA)
    USART1_IRQHandler                        0x08005f85   Thumb Code    18  stm32f4xx_it.o(i.USART1_IRQHandler)
    USART3_IRQHandler                        0x08005f9d   Thumb Code    18  stm32f4xx_it.o(i.USART3_IRQHandler)
    USART3_Init                              0x08005fb5   Thumb Code    52  drv_usart.o(i.USART3_Init)
    USART3_rxDataHandler                     0x08005ff1   Thumb Code   388  rc_potocal.o(i.USART3_rxDataHandler)
    USART6_IRQHandler                        0x08006185   Thumb Code    18  stm32f4xx_it.o(i.USART6_IRQHandler)
    USART6_Init                              0x0800619d   Thumb Code    52  drv_usart.o(i.USART6_Init)
    USER_UART_IRQHandler                     0x080061d9   Thumb Code    38  stm32f4xx_it.o(i.USER_UART_IRQHandler)
    Update_data                              0x08006209   Thumb Code   184  judge.o(i.Update_data)
    UsageFault_Handler                       0x080062d9   Thumb Code     2  stm32f4xx_it.o(i.UsageFault_Handler)
    Vector                                   0x080062dd   Thumb Code    30  chassis_task.o(i.Vector)
    Verify_CRC16_Check_Sum                   0x08006305   Thumb Code    54  crc.o(i.Verify_CRC16_Check_Sum)
    Verify_CRC8_Check_Sum                    0x08006341   Thumb Code    38  crc.o(i.Verify_CRC8_Check_Sum)
    __ARM_fpclassifyf                        0x08006367   Thumb Code    38  fpclassifyf.o(i.__ARM_fpclassifyf)
    __hardfp_asinf                           0x080063ad   Thumb Code   258  asinf.o(i.__hardfp_asinf)
    __hardfp_atan2f                          0x080064d9   Thumb Code   594  atan2f.o(i.__hardfp_atan2f)
    __hardfp_fabs                            0x08006785   Thumb Code    20  fabs.o(i.__hardfp_fabs)
    __mathlib_flt_infnan                     0x08006799   Thumb Code     6  funder.o(i.__mathlib_flt_infnan)
    __mathlib_flt_infnan2                    0x0800679f   Thumb Code     6  funder.o(i.__mathlib_flt_infnan2)
    __mathlib_flt_invalid                    0x080067a5   Thumb Code    10  funder.o(i.__mathlib_flt_invalid)
    __mathlib_flt_underflow                  0x080067b5   Thumb Code    10  funder.o(i.__mathlib_flt_underflow)
    can_remote                               0x080067c5   Thumb Code    32  drv_can.o(i.can_remote)
    chassis_current_give                     0x080067e9   Thumb Code    30  chassis_task.o(i.chassis_current_give)
    chassis_motol_speed_calculate            0x0800680d   Thumb Code    94  chassis_task.o(i.chassis_motol_speed_calculate)
    get_angle                                0x08006905   Thumb Code   234  ins_task.o(i.get_angle)
    imu_temp_control                         0x08006a7d   Thumb Code   124  ins_task.o(i.imu_temp_control)
    invSqrt                                  0x08006b11   Thumb Code    40  ins_task.o(i.invSqrt)
    ist8310_IIC_write_single_reg             0x08006b3d   Thumb Code    30  ins_task.o(i.ist8310_IIC_write_single_reg)
    ist8310_init                             0x08006b61   Thumb Code    82  ins_task.o(i.ist8310_init)
    main                                     0x08006bb9   Thumb Code   140  main.o(i.main)
    osDelay                                  0x08006c61   Thumb Code    14  cmsis_os.o(i.osDelay)
    osKernelStart                            0x08006c6f   Thumb Code    10  cmsis_os.o(i.osKernelStart)
    osThreadCreate                           0x08006c79   Thumb Code    84  cmsis_os.o(i.osThreadCreate)
    pid_calc                                 0x08006ccd   Thumb Code   168  pid.o(i.pid_calc)
    pid_init                                 0x08006d75   Thumb Code    86  pid.o(i.pid_init)
    pvPortMalloc                             0x08007135   Thumb Code   216  heap_4.o(i.pvPortMalloc)
    pxPortInitialiseStack                    0x08007211   Thumb Code    40  port.o(i.pxPortInitialiseStack)
    set_motor_current_can2                   0x0800723d   Thumb Code    86  drv_can.o(i.set_motor_current_can2)
    sqrtf                                    0x08007299   Thumb Code    62  sqrtf.o(i.sqrtf)
    uxListRemove                             0x08007375   Thumb Code    38  list.o(i.uxListRemove)
    uxTaskGetStackHighWaterMark              0x0800739d   Thumb Code    28  tasks.o(i.uxTaskGetStackHighWaterMark)
    vApplicationGetIdleTaskMemory            0x080073bd   Thumb Code    16  freertos.o(i.vApplicationGetIdleTaskMemory)
    vListInitialise                          0x080073d1   Thumb Code    22  list.o(i.vListInitialise)
    vListInitialiseItem                      0x080073e7   Thumb Code     6  list.o(i.vListInitialiseItem)
    vListInsert                              0x080073ed   Thumb Code    48  list.o(i.vListInsert)
    vListInsertEnd                           0x0800741d   Thumb Code    24  list.o(i.vListInsertEnd)
    vPortEnterCritical                       0x08007435   Thumb Code    54  port.o(i.vPortEnterCritical)
    vPortExitCritical                        0x08007475   Thumb Code    34  port.o(i.vPortExitCritical)
    vPortFree                                0x0800749d   Thumb Code    94  heap_4.o(i.vPortFree)
    vPortSetupTimerInterrupt                 0x08007501   Thumb Code    32  port.o(i.vPortSetupTimerInterrupt)
    vTaskDelay                               0x08007525   Thumb Code    66  tasks.o(i.vTaskDelay)
    vTaskStartScheduler                      0x08007571   Thumb Code    90  tasks.o(i.vTaskStartScheduler)
    vTaskSuspendAll                          0x080075dd   Thumb Code    10  tasks.o(i.vTaskSuspendAll)
    vTaskSwitchContext                       0x080075ed   Thumb Code    82  tasks.o(i.vTaskSwitchContext)
    xPortStartScheduler                      0x08007649   Thumb Code   222  port.o(i.xPortStartScheduler)
    xTaskCreate                              0x0800773d   Thumb Code    90  tasks.o(i.xTaskCreate)
    xTaskCreateStatic                        0x08007797   Thumb Code    86  tasks.o(i.xTaskCreateStatic)
    xTaskIncrementTick                       0x080077ed   Thumb Code   194  tasks.o(i.xTaskIncrementTick)
    xTaskResumeAll                           0x080078b9   Thumb Code   182  tasks.o(i.xTaskResumeAll)
    __aeabi_d2f                              0x0800797d   Thumb Code     0  d2f.o(x$fpl$d2f)
    _d2f                                     0x0800797d   Thumb Code    98  d2f.o(x$fpl$d2f)
    __aeabi_dadd                             0x080079e1   Thumb Code     0  daddsub_clz.o(x$fpl$dadd)
    _dadd                                    0x080079e1   Thumb Code   332  daddsub_clz.o(x$fpl$dadd)
    __fpl_dcmp_Inf                           0x08007b31   Thumb Code    24  dcmpi.o(x$fpl$dcmpinf)
    __aeabi_ddiv                             0x08007b49   Thumb Code     0  ddiv.o(x$fpl$ddiv)
    _ddiv                                    0x08007b49   Thumb Code   552  ddiv.o(x$fpl$ddiv)
    __aeabi_cdcmpeq                          0x08007df9   Thumb Code     0  deqf.o(x$fpl$deqf)
    _dcmpeq                                  0x08007df9   Thumb Code   120  deqf.o(x$fpl$deqf)
    __aeabi_d2iz                             0x08007e71   Thumb Code     0  dfix.o(x$fpl$dfix)
    _dfix                                    0x08007e71   Thumb Code    94  dfix.o(x$fpl$dfix)
    __aeabi_i2d                              0x08007ecf   Thumb Code     0  dflt_clz.o(x$fpl$dflt)
    _dflt                                    0x08007ecf   Thumb Code    46  dflt_clz.o(x$fpl$dflt)
    __aeabi_dmul                             0x08007efd   Thumb Code     0  dmul.o(x$fpl$dmul)
    _dmul                                    0x08007efd   Thumb Code   332  dmul.o(x$fpl$dmul)
    __fpl_dnaninf                            0x08008051   Thumb Code   156  dnaninf.o(x$fpl$dnaninf)
    __fpl_dretinf                            0x080080ed   Thumb Code    12  dretinf.o(x$fpl$dretinf)
    __aeabi_dsub                             0x080080f9   Thumb Code     0  daddsub_clz.o(x$fpl$dsub)
    _dsub                                    0x080080f9   Thumb Code   464  daddsub_clz.o(x$fpl$dsub)
    __aeabi_f2d                              0x080082cd   Thumb Code     0  f2d.o(x$fpl$f2d)
    _f2d                                     0x080082cd   Thumb Code    86  f2d.o(x$fpl$f2d)
    __fpl_fnaninf                            0x08008323   Thumb Code   140  fnaninf.o(x$fpl$fnaninf)
    _fp_init                                 0x080083af   Thumb Code    10  fpinit.o(x$fpl$fpinit)
    __fplib_config_fpu_vfp                   0x080083b7   Thumb Code     0  fpinit.o(x$fpl$fpinit)
    __fplib_config_pureend_doubles           0x080083b7   Thumb Code     0  fpinit.o(x$fpl$fpinit)
    __fpl_fretinf                            0x080083b9   Thumb Code    10  fretinf.o(x$fpl$fretinf)
    __I$use$fp                               0x080083c2   Number         0  usenofp.o(x$fpl$usenofp)
    AHBPrescTable                            0x08008458   Data          16  system_stm32f4xx.o(.constdata)
    APBPrescTable                            0x08008468   Data           8  system_stm32f4xx.o(.constdata)
    CRC8_TAB                                 0x0800847c   Data         256  crc.o(.constdata)
    wCRC_Table                               0x0800857c   Data         512  crc.o(.constdata)
    Region$$Table$$Base                      0x080087b4   Number         0  anon$$obj.o(Region$$Table)
    Region$$Table$$Limit                     0x080087d4   Number         0  anon$$obj.o(Region$$Table)
    begin                                    0x20000000   Data           1  main.o(.data)
    temp                                     0x20000001   Data           1  main.o(.data)
    data_length                              0x20000002   Data           1  main.o(.data)
    insTaskHandle                            0x20000004   Data           4  freertos.o(.data)
    Chassis_taskHandle                       0x20000008   Data           4  freertos.o(.data)
    myTask02Handle                           0x2000000c   Data           4  freertos.o(.data)
    myTask05Handle                           0x20000010   Data           4  freertos.o(.data)
    defaultTaskHandle                        0x20000014   Data           4  freertos.o(.data)
    first_count_x                            0x2000001c   Data           2  stm32f4xx_it.o(.data)
    first_count_y                            0x2000001e   Data           2  stm32f4xx_it.o(.data)
    t                                        0x20000020   Data           4  stm32f4xx_it.o(.data)
    uwTickFreq                               0x20000024   Data           1  stm32f4xx_hal.o(.data)
    uwTickPrio                               0x20000028   Data           4  stm32f4xx_hal.o(.data)
    uwTick                                   0x2000002c   Data           4  stm32f4xx_hal.o(.data)
    SystemCoreClock                          0x20000030   Data           4  system_stm32f4xx.o(.data)
    pxCurrentTCB                             0x20000034   Data           4  tasks.o(.data)
    Q_angle                                  0x200000a0   Data           4  ins_task.o(.data)
    Q_gyro_bias                              0x200000a4   Data           4  ins_task.o(.data)
    R_measure                                0x200000a8   Data           4  ins_task.o(.data)
    dt                                       0x200000ac   Data           4  ins_task.o(.data)
    first_temperate                          0x200000b0   Data           4  ins_task.o(.data)
    twoKp                                    0x200000b4   Data           4  ins_task.o(.data)
    twoKi                                    0x200000b8   Data           4  ins_task.o(.data)
    integralFBx                              0x200000bc   Data           4  ins_task.o(.data)
    integralFBy                              0x200000c0   Data           4  ins_task.o(.data)
    integralFBz                              0x200000c4   Data           4  ins_task.o(.data)
    accLPFcoef                               0x200000c8   Data           4  ins_task.o(.data)
    UpdateCount                              0x200000cc   Data           4  ins_task.o(.data)
    a                                        0x200000d4   Data           4  ins_task.o(.data)
    yaw_angle                                0x200000d8   Data           4  ins_task.o(.data)
    p                                        0x200000dc   Data          16  ins_task.o(.data)
    gyro_scale_factor                        0x200000ec   Data          36  ins_task.o(.data)
    accel_scale_factor                       0x20000110   Data          36  ins_task.o(.data)
    Down_ins_yaw                             0x20000138   Data           2  chassis_task.o(.data)
    Down_ins_yaw_update                      0x2000013a   Data           2  chassis_task.o(.data)
    Drifting_yaw                             0x2000013c   Data           2  chassis_task.o(.data)
    Temp_Vx                                  0x2000013e   Data           2  chassis_task.o(.data)
    Temp_Vy                                  0x20000140   Data           2  chassis_task.o(.data)
    Up_ins_yaw                               0x20000142   Data           2  chassis_task.o(.data)
    Vx                                       0x20000144   Data           4  chassis_task.o(.data)
    Vy                                       0x20000148   Data           4  chassis_task.o(.data)
    Wz                                       0x2000014c   Data           4  chassis_task.o(.data)
    Klimit                                   0x20000150   Data           4  chassis_task.o(.data)
    Plimit                                   0x20000154   Data           4  chassis_task.o(.data)
    Err_yaw                                  0x20000158   Data           4  chassis_task.o(.data)
    Err_yaw_hudu                             0x2000015c   Data           4  chassis_task.o(.data)
    Down_ins_pitch                           0x20000160   Data           4  chassis_task.o(.data)
    Down_ins_row                             0x20000164   Data           4  chassis_task.o(.data)
    sin_a                                    0x20000168   Data           4  chassis_task.o(.data)
    cos_a                                    0x2000016c   Data           4  chassis_task.o(.data)
    Watch_Power_Max                          0x20000170   Data           4  chassis_task.o(.data)
    Watch_Power                              0x20000174   Data           4  chassis_task.o(.data)
    Watch_Buffer                             0x20000178   Data           4  chassis_task.o(.data)
    Chassis_pidout_max                       0x2000017c   Data           4  chassis_task.o(.data)
    motor_speed_target                       0x200001a0   Data           8  chassis_task.o(.data)
    Chassis_pidout                           0x200001a8   Data           8  chassis_task.o(.data)
    chassis_motor_pid                        0x200001b0   Data          12  chassis_task.o(.data)
    first_x                                  0x200001bc   Data           1  chassis_task.o(.data)
    first_y                                  0x200001bd   Data           1  chassis_task.o(.data)
    can_cnt_1                                0x200001be   Data           2  drv_can.o(.data)
    judge_receive_length                     0x200001c0   Data           1  drv_usart.o(.data)
    Flag_judge                               0x200001c4   Data           1  judge.o(.data)
    Flag_first                               0x200001c5   Data           1  judge.o(.data)
    Hero_level                               0x200001c6   Data           1  judge.o(.data)
    Hero_id                                  0x200001c7   Data           1  judge.o(.data)
    Flag_progress                            0x200001c8   Data           1  judge.o(.data)
    Hero_42mm_speed_limit                    0x200001ca   Data           2  judge.o(.data)
    Hero_chassis_power_limit                 0x200001cc   Data           2  judge.o(.data)
    Hero_chassis_power_buffer                0x200001ce   Data           2  judge.o(.data)
    Hero_chassis_power                       0x200001d0   Data           4  judge.o(.data)
    Hero_42mm_speed                          0x200001d4   Data           4  judge.o(.data)
    press_left                               0x200001d8   Data           1  rc_potocal.o(.data)
    press_right                              0x200001d9   Data           1  rc_potocal.o(.data)
    Rotate_w                                 0x200001da   Data           2  rc_potocal.o(.data)
    w_flag                                   0x200001dc   Data           2  rc_potocal.o(.data)
    s_flag                                   0x200001de   Data           2  rc_potocal.o(.data)
    a_flag                                   0x200001e0   Data           2  rc_potocal.o(.data)
    d_flag                                   0x200001e2   Data           2  rc_potocal.o(.data)
    q_flag                                   0x200001e4   Data           2  rc_potocal.o(.data)
    e_flag                                   0x200001e6   Data           2  rc_potocal.o(.data)
    shift_flag                               0x200001e8   Data           2  rc_potocal.o(.data)
    ctrl_flag                                0x200001ea   Data           2  rc_potocal.o(.data)
    r_flag                                   0x200001ec   Data           2  rc_potocal.o(.data)
    f_flag                                   0x200001ee   Data           2  rc_potocal.o(.data)
    g_flag                                   0x200001f0   Data           2  rc_potocal.o(.data)
    z_flag                                   0x200001f2   Data           2  rc_potocal.o(.data)
    x_flag                                   0x200001f4   Data           2  rc_potocal.o(.data)
    c_flag                                   0x200001f6   Data           2  rc_potocal.o(.data)
    v_flag                                   0x200001f8   Data           2  rc_potocal.o(.data)
    b_flag                                   0x200001fa   Data           2  rc_potocal.o(.data)
    temp_remote                              0x200001fc   Data           8  rc_potocal.o(.data)
    CRC_INIT                                 0x20000204   Data           2  crc.o(.data)
    Rx                                       0x20000208   Data         128  main.o(.bss)
    Tx                                       0x20000288   Data          12  main.o(.bss)
    hcan1                                    0x200004e8   Data          40  can.o(.bss)
    hcan2                                    0x20000510   Data          40  can.o(.bss)
    hi2c3                                    0x20000538   Data          84  i2c.o(.bss)
    hspi1                                    0x2000058c   Data          88  spi.o(.bss)
    hdma_spi1_rx                             0x200005e4   Data          96  spi.o(.bss)
    hdma_spi1_tx                             0x20000644   Data          96  spi.o(.bss)
    htim1                                    0x200006a4   Data          72  tim.o(.bss)
    htim2                                    0x200006ec   Data          72  tim.o(.bss)
    htim4                                    0x20000734   Data          72  tim.o(.bss)
    htim8                                    0x2000077c   Data          72  tim.o(.bss)
    htim9                                    0x200007c4   Data          72  tim.o(.bss)
    htim10                                   0x2000080c   Data          72  tim.o(.bss)
    huart1                                   0x20000854   Data          68  usart.o(.bss)
    huart3                                   0x20000898   Data          68  usart.o(.bss)
    huart6                                   0x200008dc   Data          68  usart.o(.bss)
    hdma_usart1_rx                           0x20000920   Data          96  usart.o(.bss)
    hdma_usart1_tx                           0x20000980   Data          96  usart.o(.bss)
    hdma_usart3_rx                           0x200009e0   Data          96  usart.o(.bss)
    hdma_usart3_tx                           0x20000a40   Data          96  usart.o(.bss)
    hdma_usart6_rx                           0x20000aa0   Data          96  usart.o(.bss)
    hdma_usart6_tx                           0x20000b00   Data          96  usart.o(.bss)
    htim3                                    0x20000b60   Data          72  stm32f4xx_hal_timebase_tim.o(.bss)
    imu_temp_pid                             0x20004898   Data          72  ins_task.o(.bss)
    ins_data                                 0x200048e0   Data          80  ins_task.o(.bss)
    Accel                                    0x20004930   Data          12  ins_task.o(.bss)
    motor_pid_chassis                        0x2000493c   Data         272  chassis_task.o(.bss)
    motor_info_chassis                       0x20004a4c   Data          96  chassis_task.o(.bss)
    judge_dma_buffer                         0x20004aac   Data         400  drv_usart.o(.bss)
    usart3_dma_rxbuf                         0x20004c3c   Data          48  drv_usart.o(.bss)
    Judge_Hero                               0x20004c6c   Data         158  judge.o(.bss)
    rc_ctrl                                  0x20004d0a   Data          22  rc_potocal.o(.bss)
    __libspace_start                         0x20004d20   Data          96  libspace.o(.bss)
    __temporary_stack_top$libspace           0x20004d80   Data           0  libspace.o(.bss)



==============================================================================

Memory Map of the image

  Image Entry point : 0x08000189

  Load Region LR_IROM1 (Base: 0x08000000, Size: 0x000089dc, Max: 0x00100000, ABSOLUTE, COMPRESSED[0x00008824])

    Execution Region ER_IROM1 (Exec base: 0x08000000, Load base: 0x08000000, Size: 0x000087d4, Max: 0x00100000, ABSOLUTE)

    Exec Addr    Load Addr    Size         Type   Attr      Idx    E Section Name        Object

    0x08000000   0x08000000   0x00000188   Data   RO            3    RESET               startup_stm32f407xx.o
    0x08000188   0x08000188   0x00000008   Code   RO         6561  * !!!main             c_w.l(__main.o)
    0x08000190   0x08000190   0x00000034   Code   RO         6912    !!!scatter          c_w.l(__scatter.o)
    0x080001c4   0x080001c4   0x0000005a   Code   RO         6910    !!dczerorl2         c_w.l(__dczerorl2.o)
    0x0800021e   0x0800021e   0x00000002   PAD
    0x08000220   0x08000220   0x0000001c   Code   RO         6914    !!handler_zi        c_w.l(__scatter_zi.o)
    0x0800023c   0x0800023c   0x00000002   Code   RO         6781    .ARM.Collect$$libinit$$00000000  c_w.l(libinit.o)
    0x0800023e   0x0800023e   0x00000004   Code   RO         6790    .ARM.Collect$$libinit$$00000001  c_w.l(libinit2.o)
    0x08000242   0x08000242   0x00000000   Code   RO         6793    .ARM.Collect$$libinit$$00000004  c_w.l(libinit2.o)
    0x08000242   0x08000242   0x00000000   Code   RO         6796    .ARM.Collect$$libinit$$0000000A  c_w.l(libinit2.o)
    0x08000242   0x08000242   0x00000000   Code   RO         6798    .ARM.Collect$$libinit$$0000000C  c_w.l(libinit2.o)
    0x08000242   0x08000242   0x00000000   Code   RO         6800    .ARM.Collect$$libinit$$0000000E  c_w.l(libinit2.o)
    0x08000242   0x08000242   0x00000000   Code   RO         6803    .ARM.Collect$$libinit$$00000011  c_w.l(libinit2.o)
    0x08000242   0x08000242   0x00000000   Code   RO         6805    .ARM.Collect$$libinit$$00000013  c_w.l(libinit2.o)
    0x08000242   0x08000242   0x00000000   Code   RO         6807    .ARM.Collect$$libinit$$00000015  c_w.l(libinit2.o)
    0x08000242   0x08000242   0x00000000   Code   RO         6809    .ARM.Collect$$libinit$$00000017  c_w.l(libinit2.o)
    0x08000242   0x08000242   0x00000000   Code   RO         6811    .ARM.Collect$$libinit$$00000019  c_w.l(libinit2.o)
    0x08000242   0x08000242   0x00000000   Code   RO         6813    .ARM.Collect$$libinit$$0000001B  c_w.l(libinit2.o)
    0x08000242   0x08000242   0x00000000   Code   RO         6815    .ARM.Collect$$libinit$$0000001D  c_w.l(libinit2.o)
    0x08000242   0x08000242   0x00000000   Code   RO         6817    .ARM.Collect$$libinit$$0000001F  c_w.l(libinit2.o)
    0x08000242   0x08000242   0x00000000   Code   RO         6819    .ARM.Collect$$libinit$$00000021  c_w.l(libinit2.o)
    0x08000242   0x08000242   0x00000000   Code   RO         6821    .ARM.Collect$$libinit$$00000023  c_w.l(libinit2.o)
    0x08000242   0x08000242   0x00000000   Code   RO         6823    .ARM.Collect$$libinit$$00000025  c_w.l(libinit2.o)
    0x08000242   0x08000242   0x00000000   Code   RO         6827    .ARM.Collect$$libinit$$0000002C  c_w.l(libinit2.o)
    0x08000242   0x08000242   0x00000000   Code   RO         6829    .ARM.Collect$$libinit$$0000002E  c_w.l(libinit2.o)
    0x08000242   0x08000242   0x00000000   Code   RO         6831    .ARM.Collect$$libinit$$00000030  c_w.l(libinit2.o)
    0x08000242   0x08000242   0x00000000   Code   RO         6833    .ARM.Collect$$libinit$$00000032  c_w.l(libinit2.o)
    0x08000242   0x08000242   0x00000002   Code   RO         6834    .ARM.Collect$$libinit$$00000033  c_w.l(libinit2.o)
    0x08000244   0x08000244   0x00000002   Code   RO         6865    .ARM.Collect$$libshutdown$$00000000  c_w.l(libshutdown.o)
    0x08000246   0x08000246   0x00000000   Code   RO         6891    .ARM.Collect$$libshutdown$$00000002  c_w.l(libshutdown2.o)
    0x08000246   0x08000246   0x00000000   Code   RO         6893    .ARM.Collect$$libshutdown$$00000004  c_w.l(libshutdown2.o)
    0x08000246   0x08000246   0x00000000   Code   RO         6895    .ARM.Collect$$libshutdown$$00000006  c_w.l(libshutdown2.o)
    0x08000246   0x08000246   0x00000000   Code   RO         6898    .ARM.Collect$$libshutdown$$00000009  c_w.l(libshutdown2.o)
    0x08000246   0x08000246   0x00000000   Code   RO         6901    .ARM.Collect$$libshutdown$$0000000C  c_w.l(libshutdown2.o)
    0x08000246   0x08000246   0x00000000   Code   RO         6903    .ARM.Collect$$libshutdown$$0000000E  c_w.l(libshutdown2.o)
    0x08000246   0x08000246   0x00000000   Code   RO         6906    .ARM.Collect$$libshutdown$$00000011  c_w.l(libshutdown2.o)
    0x08000246   0x08000246   0x00000002   Code   RO         6907    .ARM.Collect$$libshutdown$$00000012  c_w.l(libshutdown2.o)
    0x08000248   0x08000248   0x00000000   Code   RO         6657    .ARM.Collect$$rtentry$$00000000  c_w.l(__rtentry.o)
    0x08000248   0x08000248   0x00000000   Code   RO         6740    .ARM.Collect$$rtentry$$00000002  c_w.l(__rtentry2.o)
    0x08000248   0x08000248   0x00000006   Code   RO         6752    .ARM.Collect$$rtentry$$00000004  c_w.l(__rtentry4.o)
    0x0800024e   0x0800024e   0x00000000   Code   RO         6742    .ARM.Collect$$rtentry$$00000009  c_w.l(__rtentry2.o)
    0x0800024e   0x0800024e   0x00000004   Code   RO         6743    .ARM.Collect$$rtentry$$0000000A  c_w.l(__rtentry2.o)
    0x08000252   0x08000252   0x00000000   Code   RO         6745    .ARM.Collect$$rtentry$$0000000C  c_w.l(__rtentry2.o)
    0x08000252   0x08000252   0x00000008   Code   RO         6746    .ARM.Collect$$rtentry$$0000000D  c_w.l(__rtentry2.o)
    0x0800025a   0x0800025a   0x00000002   Code   RO         6782    .ARM.Collect$$rtexit$$00000000  c_w.l(rtexit.o)
    0x0800025c   0x0800025c   0x00000000   Code   RO         6838    .ARM.Collect$$rtexit$$00000002  c_w.l(rtexit2.o)
    0x0800025c   0x0800025c   0x00000004   Code   RO         6839    .ARM.Collect$$rtexit$$00000003  c_w.l(rtexit2.o)
    0x08000260   0x08000260   0x00000006   Code   RO         6840    .ARM.Collect$$rtexit$$00000004  c_w.l(rtexit2.o)
    0x08000266   0x08000266   0x00000002   PAD
    0x08000268   0x08000268   0x000000be   Code   RO         5720    .emb_text           port.o
    0x08000326   0x08000326   0x00000002   PAD
    0x08000328   0x08000328   0x00000040   Code   RO            4    .text               startup_stm32f407xx.o
    0x08000368   0x08000368   0x000000ee   Code   RO         6547    .text               c_w.l(lludivv7m.o)
    0x08000456   0x08000456   0x0000008a   Code   RO         6549    .text               c_w.l(rt_memcpy_v6.o)
    0x080004e0   0x080004e0   0x00000064   Code   RO         6551    .text               c_w.l(rt_memcpy_w.o)
    0x08000544   0x08000544   0x00000010   Code   RO         6555    .text               c_w.l(aeabi_memset.o)
    0x08000554   0x08000554   0x0000004e   Code   RO         6557    .text               c_w.l(rt_memclr_w.o)
    0x080005a2   0x080005a2   0x00000006   Code   RO         6559    .text               c_w.l(heapauxi.o)
    0x080005a8   0x080005a8   0x00000016   Code   RO         6662    .text               c_w.l(_rserrno.o)
    0x080005be   0x080005be   0x00000044   Code   RO         6664    .text               c_w.l(rt_memclr.o)
    0x08000602   0x08000602   0x00000002   PAD
    0x08000604   0x08000604   0x00000008   Code   RO         6759    .text               c_w.l(rt_errno_addr_intlibspace.o)
    0x0800060c   0x0800060c   0x00000008   Code   RO         6765    .text               c_w.l(libspace.o)
    0x08000614   0x08000614   0x0000004a   Code   RO         6768    .text               c_w.l(sys_stackheap_outer.o)
    0x0800065e   0x0800065e   0x00000012   Code   RO         6770    .text               c_w.l(exit.o)
    0x08000670   0x08000670   0x0000000c   Code   RO         6835    .text               c_w.l(sys_exit.o)
    0x0800067c   0x0800067c   0x00000002   Code   RO         6854    .text               c_w.l(use_no_semi.o)
    0x0800067e   0x0800067e   0x00000000   Code   RO         6856    .text               c_w.l(indicate_semi.o)
    0x0800067e   0x0800067e   0x00000002   PAD
    0x08000680   0x08000680   0x00000020   Code   RO         5851    i.AHRS_init         ins_task.o
    0x080006a0   0x080006a0   0x0000005a   Code   RO         5852    i.BMI088_accel_init  ins_task.o
    0x080006fa   0x080006fa   0x00000002   PAD
    0x080006fc   0x080006fc   0x0000008c   Code   RO         5853    i.BMI088_accel_read_muli  ins_task.o
    0x08000788   0x08000788   0x00000050   Code   RO         5854    i.BMI088_accel_write_single  ins_task.o
    0x080007d8   0x080007d8   0x0000003e   Code   RO         5855    i.BMI088_gyro_init  ins_task.o
    0x08000816   0x08000816   0x00000002   PAD
    0x08000818   0x08000818   0x00000070   Code   RO         5856    i.BMI088_gyro_read_muli  ins_task.o
    0x08000888   0x08000888   0x0000004c   Code   RO         5857    i.BMI088_gyro_write_single  ins_task.o
    0x080008d4   0x080008d4   0x000001a0   Code   RO         5858    i.BMI088_read       ins_task.o
    0x08000a74   0x08000a74   0x00000002   Code   RO          699    i.BusFault_Handler  stm32f4xx_it.o
    0x08000a76   0x08000a76   0x00000002   PAD
    0x08000a78   0x08000a78   0x0000003c   Code   RO         6241    i.CAN1_Init         drv_can.o
    0x08000ab4   0x08000ab4   0x0000000c   Code   RO          700    i.CAN1_RX0_IRQHandler  stm32f4xx_it.o
    0x08000ac0   0x08000ac0   0x0000000c   Code   RO          701    i.CAN1_TX_IRQHandler  stm32f4xx_it.o
    0x08000acc   0x08000acc   0x0000003c   Code   RO         6242    i.CAN2_Init         drv_can.o
    0x08000b08   0x08000b08   0x0000000c   Code   RO          702    i.CAN2_RX0_IRQHandler  stm32f4xx_it.o
    0x08000b14   0x08000b14   0x0000000c   Code   RO          703    i.CAN2_TX_IRQHandler  stm32f4xx_it.o
    0x08000b20   0x08000b20   0x00000340   Code   RO         6137    i.Chassis_Power_Limit  chassis_task.o
    0x08000e60   0x08000e60   0x00000074   Code   RO         6140    i.Chassis_task      chassis_task.o
    0x08000ed4   0x08000ed4   0x00000034   Code   RO         5861    i.Complementary_Filter_x  ins_task.o
    0x08000f08   0x08000f08   0x0000000c   Code   RO          704    i.DMA1_Stream1_IRQHandler  stm32f4xx_it.o
    0x08000f14   0x08000f14   0x0000000c   Code   RO          705    i.DMA1_Stream3_IRQHandler  stm32f4xx_it.o
    0x08000f20   0x08000f20   0x0000000c   Code   RO          706    i.DMA2_Stream0_IRQHandler  stm32f4xx_it.o
    0x08000f2c   0x08000f2c   0x0000000c   Code   RO          707    i.DMA2_Stream1_IRQHandler  stm32f4xx_it.o
    0x08000f38   0x08000f38   0x0000000c   Code   RO          708    i.DMA2_Stream2_IRQHandler  stm32f4xx_it.o
    0x08000f44   0x08000f44   0x0000000c   Code   RO          709    i.DMA2_Stream3_IRQHandler  stm32f4xx_it.o
    0x08000f50   0x08000f50   0x0000000c   Code   RO          710    i.DMA2_Stream6_IRQHandler  stm32f4xx_it.o
    0x08000f5c   0x08000f5c   0x0000000c   Code   RO          711    i.DMA2_Stream7_IRQHandler  stm32f4xx_it.o
    0x08000f68   0x08000f68   0x00000244   Code   RO         6304    i.DMAEx_MultiBufferStart_NoIT  drv_usart.o
    0x080011ac   0x080011ac   0x00000028   Code   RO         1684    i.DMA_CalcBaseAndBitshift  stm32f4xx_hal_dma.o
    0x080011d4   0x080011d4   0x00000054   Code   RO         1685    i.DMA_CheckFifoParam  stm32f4xx_hal_dma.o
    0x08001228   0x08001228   0x00000028   Code   RO         1686    i.DMA_SetConfig     stm32f4xx_hal_dma.o
    0x08001250   0x08001250   0x00000014   Code   RO         6305    i.DRV_USART3_IRQHandler  drv_usart.o
    0x08001264   0x08001264   0x00000014   Code   RO         6306    i.DRV_USART6_IRQHandler  drv_usart.o
    0x08001278   0x08001278   0x00000002   Code   RO          712    i.DebugMon_Handler  stm32f4xx_it.o
    0x0800127a   0x0800127a   0x00000006   Code   RO          713    i.EXTI3_IRQHandler  stm32f4xx_it.o
    0x08001280   0x08001280   0x00000006   Code   RO          714    i.EXTI4_IRQHandler  stm32f4xx_it.o
    0x08001286   0x08001286   0x00000002   PAD
    0x08001288   0x08001288   0x0000005c   Code   RO          715    i.EXTI9_5_IRQHandler  stm32f4xx_it.o
    0x080012e4   0x080012e4   0x00000004   Code   RO           13    i.Error_Handler     main.o
    0x080012e8   0x080012e8   0x0000002c   Code   RO         6456    i.Get_CRC16_Check_Sum  crc.o
    0x08001314   0x08001314   0x0000001c   Code   RO         6457    i.Get_CRC8_Check_Sum  crc.o
    0x08001330   0x08001330   0x00000024   Code   RO          992    i.HAL_CAN_ActivateNotification  stm32f4xx_hal_can.o
    0x08001354   0x08001354   0x000000dc   Code   RO          993    i.HAL_CAN_AddTxMessage  stm32f4xx_hal_can.o
    0x08001430   0x08001430   0x0000010c   Code   RO          994    i.HAL_CAN_ConfigFilter  stm32f4xx_hal_can.o
    0x0800153c   0x0800153c   0x00000002   Code   RO          997    i.HAL_CAN_ErrorCallback  stm32f4xx_hal_can.o
    0x0800153e   0x0800153e   0x000000e8   Code   RO         1000    i.HAL_CAN_GetRxMessage  stm32f4xx_hal_can.o
    0x08001626   0x08001626   0x000001fc   Code   RO         1004    i.HAL_CAN_IRQHandler  stm32f4xx_hal_can.o
    0x08001822   0x08001822   0x0000011a   Code   RO         1005    i.HAL_CAN_Init      stm32f4xx_hal_can.o
    0x0800193c   0x0800193c   0x0000011c   Code   RO          402    i.HAL_CAN_MspInit   can.o
    0x08001a58   0x08001a58   0x00000002   Code   RO         1012    i.HAL_CAN_RxFifo0FullCallback  stm32f4xx_hal_can.o
    0x08001a5a   0x08001a5a   0x00000002   PAD
    0x08001a5c   0x08001a5c   0x0000009c   Code   RO         6243    i.HAL_CAN_RxFifo0MsgPendingCallback  drv_can.o
    0x08001af8   0x08001af8   0x00000002   Code   RO         1014    i.HAL_CAN_RxFifo1FullCallback  stm32f4xx_hal_can.o
    0x08001afa   0x08001afa   0x00000002   Code   RO         1015    i.HAL_CAN_RxFifo1MsgPendingCallback  stm32f4xx_hal_can.o
    0x08001afc   0x08001afc   0x00000002   Code   RO         1016    i.HAL_CAN_SleepCallback  stm32f4xx_hal_can.o
    0x08001afe   0x08001afe   0x00000002   PAD
    0x08001b00   0x08001b00   0x00000058   Code   RO         1017    i.HAL_CAN_Start     stm32f4xx_hal_can.o
    0x08001b58   0x08001b58   0x00000002   Code   RO         1019    i.HAL_CAN_TxMailbox0AbortCallback  stm32f4xx_hal_can.o
    0x08001b5a   0x08001b5a   0x00000002   Code   RO         1020    i.HAL_CAN_TxMailbox0CompleteCallback  stm32f4xx_hal_can.o
    0x08001b5c   0x08001b5c   0x00000002   Code   RO         1021    i.HAL_CAN_TxMailbox1AbortCallback  stm32f4xx_hal_can.o
    0x08001b5e   0x08001b5e   0x00000002   Code   RO         1022    i.HAL_CAN_TxMailbox1CompleteCallback  stm32f4xx_hal_can.o
    0x08001b60   0x08001b60   0x00000002   Code   RO         1023    i.HAL_CAN_TxMailbox2AbortCallback  stm32f4xx_hal_can.o
    0x08001b62   0x08001b62   0x00000002   Code   RO         1024    i.HAL_CAN_TxMailbox2CompleteCallback  stm32f4xx_hal_can.o
    0x08001b64   0x08001b64   0x00000002   Code   RO         1026    i.HAL_CAN_WakeUpFromRxMsgCallback  stm32f4xx_hal_can.o
    0x08001b66   0x08001b66   0x00000092   Code   RO         1687    i.HAL_DMA_Abort     stm32f4xx_hal_dma.o
    0x08001bf8   0x08001bf8   0x00000024   Code   RO         1688    i.HAL_DMA_Abort_IT  stm32f4xx_hal_dma.o
    0x08001c1c   0x08001c1c   0x000001a0   Code   RO         1692    i.HAL_DMA_IRQHandler  stm32f4xx_hal_dma.o
    0x08001dbc   0x08001dbc   0x000000d4   Code   RO         1693    i.HAL_DMA_Init      stm32f4xx_hal_dma.o
    0x08001e90   0x08001e90   0x0000006e   Code   RO         1697    i.HAL_DMA_Start_IT  stm32f4xx_hal_dma.o
    0x08001efe   0x08001efe   0x00000002   PAD
    0x08001f00   0x08001f00   0x00000024   Code   RO         2106    i.HAL_Delay         stm32f4xx_hal.o
    0x08001f24   0x08001f24   0x00000002   Code   RO         1578    i.HAL_GPIO_EXTI_Callback  stm32f4xx_hal_gpio.o
    0x08001f26   0x08001f26   0x00000002   PAD
    0x08001f28   0x08001f28   0x00000018   Code   RO         1579    i.HAL_GPIO_EXTI_IRQHandler  stm32f4xx_hal_gpio.o
    0x08001f40   0x08001f40   0x000001f0   Code   RO         1580    i.HAL_GPIO_Init     stm32f4xx_hal_gpio.o
    0x08002130   0x08002130   0x0000000a   Code   RO         1584    i.HAL_GPIO_WritePin  stm32f4xx_hal_gpio.o
    0x0800213a   0x0800213a   0x00000002   PAD
    0x0800213c   0x0800213c   0x0000000c   Code   RO         2112    i.HAL_GetTick       stm32f4xx_hal.o
    0x08002148   0x08002148   0x00000188   Code   RO         2368    i.HAL_I2C_Init      stm32f4xx_hal_i2c.o
    0x080022d0   0x080022d0   0x00000130   Code   RO         2389    i.HAL_I2C_Mem_Write  stm32f4xx_hal_i2c.o
    0x08002400   0x08002400   0x00000094   Code   RO          476    i.HAL_I2C_MspInit   i2c.o
    0x08002494   0x08002494   0x00000010   Code   RO         2118    i.HAL_IncTick       stm32f4xx_hal.o
    0x080024a4   0x080024a4   0x00000034   Code   RO         2119    i.HAL_Init          stm32f4xx_hal.o
    0x080024d8   0x080024d8   0x00000098   Code   RO          952    i.HAL_InitTick      stm32f4xx_hal_timebase_tim.o
    0x08002570   0x08002570   0x00000038   Code   RO          928    i.HAL_MspInit       stm32f4xx_hal_msp.o
    0x080025a8   0x080025a8   0x0000001a   Code   RO         1969    i.HAL_NVIC_EnableIRQ  stm32f4xx_hal_cortex.o
    0x080025c2   0x080025c2   0x00000002   PAD
    0x080025c4   0x080025c4   0x00000040   Code   RO         1975    i.HAL_NVIC_SetPriority  stm32f4xx_hal_cortex.o
    0x08002604   0x08002604   0x00000024   Code   RO         1976    i.HAL_NVIC_SetPriorityGrouping  stm32f4xx_hal_cortex.o
    0x08002628   0x08002628   0x00000134   Code   RO         1226    i.HAL_RCC_ClockConfig  stm32f4xx_hal_rcc.o
    0x0800275c   0x0800275c   0x00000040   Code   RO         1230    i.HAL_RCC_GetClockConfig  stm32f4xx_hal_rcc.o
    0x0800279c   0x0800279c   0x00000020   Code   RO         1233    i.HAL_RCC_GetPCLK1Freq  stm32f4xx_hal_rcc.o
    0x080027bc   0x080027bc   0x00000020   Code   RO         1234    i.HAL_RCC_GetPCLK2Freq  stm32f4xx_hal_rcc.o
    0x080027dc   0x080027dc   0x00000064   Code   RO         1235    i.HAL_RCC_GetSysClockFreq  stm32f4xx_hal_rcc.o
    0x08002840   0x08002840   0x0000036c   Code   RO         1238    i.HAL_RCC_OscConfig  stm32f4xx_hal_rcc.o
    0x08002bac   0x08002bac   0x00000002   Code   RO         2814    i.HAL_SPI_ErrorCallback  stm32f4xx_hal_spi.o
    0x08002bae   0x08002bae   0x00000006   Code   RO         2816    i.HAL_SPI_GetState  stm32f4xx_hal_spi.o
    0x08002bb4   0x08002bb4   0x000000fc   Code   RO         2817    i.HAL_SPI_IRQHandler  stm32f4xx_hal_spi.o
    0x08002cb0   0x08002cb0   0x000000bc   Code   RO         2818    i.HAL_SPI_Init      stm32f4xx_hal_spi.o
    0x08002d6c   0x08002d6c   0x0000010c   Code   RO          518    i.HAL_SPI_MspInit   spi.o
    0x08002e78   0x08002e78   0x0000015a   Code   RO         2821    i.HAL_SPI_Receive   stm32f4xx_hal_spi.o
    0x08002fd2   0x08002fd2   0x00000002   PAD
    0x08002fd4   0x08002fd4   0x000000f4   Code   RO         2822    i.HAL_SPI_Receive_DMA  stm32f4xx_hal_spi.o
    0x080030c8   0x080030c8   0x00000002   Code   RO         2824    i.HAL_SPI_RxCpltCallback  stm32f4xx_hal_spi.o
    0x080030ca   0x080030ca   0x00000002   Code   RO         2825    i.HAL_SPI_RxHalfCpltCallback  stm32f4xx_hal_spi.o
    0x080030cc   0x080030cc   0x000001e2   Code   RO         2827    i.HAL_SPI_TransmitReceive  stm32f4xx_hal_spi.o
    0x080032ae   0x080032ae   0x00000002   PAD
    0x080032b0   0x080032b0   0x00000124   Code   RO         2828    i.HAL_SPI_TransmitReceive_DMA  stm32f4xx_hal_spi.o
    0x080033d4   0x080033d4   0x000000d8   Code   RO         2830    i.HAL_SPI_Transmit_DMA  stm32f4xx_hal_spi.o
    0x080034ac   0x080034ac   0x00000002   Code   RO         2832    i.HAL_SPI_TxCpltCallback  stm32f4xx_hal_spi.o
    0x080034ae   0x080034ae   0x00000002   Code   RO         2833    i.HAL_SPI_TxHalfCpltCallback  stm32f4xx_hal_spi.o
    0x080034b0   0x080034b0   0x00000002   Code   RO         2834    i.HAL_SPI_TxRxCpltCallback  stm32f4xx_hal_spi.o
    0x080034b2   0x080034b2   0x00000002   Code   RO         2835    i.HAL_SPI_TxRxHalfCpltCallback  stm32f4xx_hal_spi.o
    0x080034b4   0x080034b4   0x00000002   Code   RO         3835    i.HAL_TIMEx_BreakCallback  stm32f4xx_hal_tim_ex.o
    0x080034b6   0x080034b6   0x00000002   Code   RO         3836    i.HAL_TIMEx_CommutCallback  stm32f4xx_hal_tim_ex.o
    0x080034b8   0x080034b8   0x00000090   Code   RO         3854    i.HAL_TIMEx_MasterConfigSynchronization  stm32f4xx_hal_tim_ex.o
    0x08003548   0x08003548   0x0000005a   Code   RO         3131    i.HAL_TIM_Base_Init  stm32f4xx_hal_tim.o
    0x080035a2   0x080035a2   0x00000002   PAD
    0x080035a4   0x080035a4   0x000000f8   Code   RO          560    i.HAL_TIM_Base_MspInit  tim.o
    0x0800369c   0x0800369c   0x00000080   Code   RO         3136    i.HAL_TIM_Base_Start_IT  stm32f4xx_hal_tim.o
    0x0800371c   0x0800371c   0x00000030   Code   RO         3139    i.HAL_TIM_Base_Stop_IT  stm32f4xx_hal_tim.o
    0x0800374c   0x0800374c   0x000000dc   Code   RO         3140    i.HAL_TIM_ConfigClockSource  stm32f4xx_hal_tim.o
    0x08003828   0x08003828   0x00000002   Code   RO         3165    i.HAL_TIM_IC_CaptureCallback  stm32f4xx_hal_tim.o
    0x0800382a   0x0800382a   0x00000166   Code   RO         3179    i.HAL_TIM_IRQHandler  stm32f4xx_hal_tim.o
    0x08003990   0x08003990   0x00000054   Code   RO          561    i.HAL_TIM_MspPostInit  tim.o
    0x080039e4   0x080039e4   0x00000002   Code   RO         3182    i.HAL_TIM_OC_DelayElapsedCallback  stm32f4xx_hal_tim.o
    0x080039e6   0x080039e6   0x000000cc   Code   RO         3203    i.HAL_TIM_PWM_ConfigChannel  stm32f4xx_hal_tim.o
    0x08003ab2   0x08003ab2   0x0000005a   Code   RO         3206    i.HAL_TIM_PWM_Init  stm32f4xx_hal_tim.o
    0x08003b0c   0x08003b0c   0x00000002   Code   RO         3208    i.HAL_TIM_PWM_MspInit  stm32f4xx_hal_tim.o
    0x08003b0e   0x08003b0e   0x00000002   Code   RO         3209    i.HAL_TIM_PWM_PulseFinishedCallback  stm32f4xx_hal_tim.o
    0x08003b10   0x08003b10   0x000000c8   Code   RO         3211    i.HAL_TIM_PWM_Start  stm32f4xx_hal_tim.o
    0x08003bd8   0x08003bd8   0x00000014   Code   RO           14    i.HAL_TIM_PeriodElapsedCallback  main.o
    0x08003bec   0x08003bec   0x00000002   Code   RO         3222    i.HAL_TIM_TriggerCallback  stm32f4xx_hal_tim.o
    0x08003bee   0x08003bee   0x00000002   Code   RO         4113    i.HAL_UARTEx_RxEventCallback  stm32f4xx_hal_uart.o
    0x08003bf0   0x08003bf0   0x00000070   Code   RO         4125    i.HAL_UART_DMAStop  stm32f4xx_hal_uart.o
    0x08003c60   0x08003c60   0x00000002   Code   RO         4127    i.HAL_UART_ErrorCallback  stm32f4xx_hal_uart.o
    0x08003c62   0x08003c62   0x00000002   PAD
    0x08003c64   0x08003c64   0x00000268   Code   RO         4130    i.HAL_UART_IRQHandler  stm32f4xx_hal_uart.o
    0x08003ecc   0x08003ecc   0x00000062   Code   RO         4131    i.HAL_UART_Init     stm32f4xx_hal_uart.o
    0x08003f2e   0x08003f2e   0x00000002   PAD
    0x08003f30   0x08003f30   0x000002d8   Code   RO          642    i.HAL_UART_MspInit  usart.o
    0x08004208   0x08004208   0x0000002a   Code   RO         4135    i.HAL_UART_Receive_DMA  stm32f4xx_hal_uart.o
    0x08004232   0x08004232   0x00000002   PAD
    0x08004234   0x08004234   0x00000074   Code   RO           15    i.HAL_UART_RxCpltCallback  main.o
    0x080042a8   0x080042a8   0x00000002   Code   RO         4138    i.HAL_UART_RxHalfCpltCallback  stm32f4xx_hal_uart.o
    0x080042aa   0x080042aa   0x00000002   PAD
    0x080042ac   0x080042ac   0x0000008c   Code   RO         4140    i.HAL_UART_Transmit_DMA  stm32f4xx_hal_uart.o
    0x08004338   0x08004338   0x00000002   Code   RO         4142    i.HAL_UART_TxCpltCallback  stm32f4xx_hal_uart.o
    0x0800433a   0x0800433a   0x00000002   Code   RO         4143    i.HAL_UART_TxHalfCpltCallback  stm32f4xx_hal_uart.o
    0x0800433c   0x0800433c   0x00000002   Code   RO          716    i.HardFault_Handler  stm32f4xx_it.o
    0x0800433e   0x0800433e   0x0000002e   Code   RO         2410    i.I2C_IsAcknowledgeFailed  stm32f4xx_hal_i2c.o
    0x0800436c   0x0800436c   0x000000a8   Code   RO         2421    i.I2C_RequestMemoryWrite  stm32f4xx_hal_i2c.o
    0x08004414   0x08004414   0x0000004c   Code   RO         2425    i.I2C_WaitOnBTFFlagUntilTimeout  stm32f4xx_hal_i2c.o
    0x08004460   0x08004460   0x00000068   Code   RO         2426    i.I2C_WaitOnFlagUntilTimeout  stm32f4xx_hal_i2c.o
    0x080044c8   0x080044c8   0x00000096   Code   RO         2427    i.I2C_WaitOnMasterAddressFlagUntilTimeout  stm32f4xx_hal_i2c.o
    0x0800455e   0x0800455e   0x0000004c   Code   RO         2429    i.I2C_WaitOnTXEFlagUntilTimeout  stm32f4xx_hal_i2c.o
    0x080045aa   0x080045aa   0x00000002   PAD
    0x080045ac   0x080045ac   0x000000f4   Code   RO         5862    i.IMU_offset_cali   ins_task.o
    0x080046a0   0x080046a0   0x000001ac   Code   RO         5863    i.INS_Task          ins_task.o
    0x0800484c   0x0800484c   0x000001a4   Code   RO         6374    i.JUDGE_Receive     judge.o
    0x080049f0   0x080049f0   0x000000cc   Code   RO         5864    i.Kalman_Fliter     ins_task.o
    0x08004abc   0x08004abc   0x00000044   Code   RO          403    i.MX_CAN1_Init      can.o
    0x08004b00   0x08004b00   0x00000044   Code   RO          404    i.MX_CAN2_Init      can.o
    0x08004b44   0x08004b44   0x000000ac   Code   RO          451    i.MX_DMA_Init       dma.o
    0x08004bf0   0x08004bf0   0x00000080   Code   RO          328    i.MX_FREERTOS_Init  freertos.o
    0x08004c70   0x08004c70   0x0000019c   Code   RO          300    i.MX_GPIO_Init      gpio.o
    0x08004e0c   0x08004e0c   0x00000040   Code   RO          477    i.MX_I2C3_Init      i2c.o
    0x08004e4c   0x08004e4c   0x00000048   Code   RO          519    i.MX_SPI1_Init      spi.o
    0x08004e94   0x08004e94   0x00000064   Code   RO          562    i.MX_TIM10_Init     tim.o
    0x08004ef8   0x08004ef8   0x00000068   Code   RO          563    i.MX_TIM1_Init      tim.o
    0x08004f60   0x08004f60   0x00000064   Code   RO          564    i.MX_TIM2_Init      tim.o
    0x08004fc4   0x08004fc4   0x00000068   Code   RO          565    i.MX_TIM4_Init      tim.o
    0x0800502c   0x0800502c   0x00000068   Code   RO          566    i.MX_TIM8_Init      tim.o
    0x08005094   0x08005094   0x0000004c   Code   RO          567    i.MX_TIM9_Init      tim.o
    0x080050e0   0x080050e0   0x00000038   Code   RO          643    i.MX_USART1_UART_Init  usart.o
    0x08005118   0x08005118   0x0000003c   Code   RO          644    i.MX_USART3_UART_Init  usart.o
    0x08005154   0x08005154   0x00000038   Code   RO          645    i.MX_USART6_UART_Init  usart.o
    0x0800518c   0x0800518c   0x000001e4   Code   RO         5866    i.MahonyAHRSupdateIMU  ins_task.o
    0x08005370   0x08005370   0x00000002   Code   RO          717    i.MemManage_Handler  stm32f4xx_it.o
    0x08005372   0x08005372   0x00000002   PAD
    0x08005374   0x08005374   0x0000007e   Code   RO         6142    i.Motor_Speed_limiting  chassis_task.o
    0x080053f2   0x080053f2   0x00000002   Code   RO          718    i.NMI_Handler       stm32f4xx_it.o
    0x080053f4   0x080053f4   0x0000000c   Code   RO          719    i.SPI1_IRQHandler   stm32f4xx_it.o
    0x08005400   0x08005400   0x00000010   Code   RO         2845    i.SPI_DMAAbortOnError  stm32f4xx_hal_spi.o
    0x08005410   0x08005410   0x00000022   Code   RO         2846    i.SPI_DMAError      stm32f4xx_hal_spi.o
    0x08005432   0x08005432   0x0000000a   Code   RO         2847    i.SPI_DMAHalfReceiveCplt  stm32f4xx_hal_spi.o
    0x0800543c   0x0800543c   0x0000000a   Code   RO         2848    i.SPI_DMAHalfTransmitCplt  stm32f4xx_hal_spi.o
    0x08005446   0x08005446   0x0000000a   Code   RO         2849    i.SPI_DMAHalfTransmitReceiveCplt  stm32f4xx_hal_spi.o
    0x08005450   0x08005450   0x0000006a   Code   RO         2850    i.SPI_DMAReceiveCplt  stm32f4xx_hal_spi.o
    0x080054ba   0x080054ba   0x00000064   Code   RO         2852    i.SPI_DMATransmitCplt  stm32f4xx_hal_spi.o
    0x0800551e   0x0800551e   0x0000005a   Code   RO         2853    i.SPI_DMATransmitReceiveCplt  stm32f4xx_hal_spi.o
    0x08005578   0x08005578   0x0000005c   Code   RO         2855    i.SPI_EndRxTransaction  stm32f4xx_hal_spi.o
    0x080055d4   0x080055d4   0x00000058   Code   RO         2856    i.SPI_EndRxTxTransaction  stm32f4xx_hal_spi.o
    0x0800562c   0x0800562c   0x000000b8   Code   RO         2861    i.SPI_WaitFlagStateUntilTimeout  stm32f4xx_hal_spi.o
    0x080056e4   0x080056e4   0x00000018   Code   RO          329    i.StartDefaultTask  freertos.o
    0x080056fc   0x080056fc   0x00000008   Code   RO         5800    i.StartTask02       starttask02.o
    0x08005704   0x08005704   0x00000008   Code   RO         5827    i.StartTask05       starttask05.o
    0x0800570c   0x0800570c   0x0000002c   Code   RO         5721    i.SysTick_Handler   port.o
    0x08005738   0x08005738   0x00000094   Code   RO           16    i.SystemClock_Config  main.o
    0x080057cc   0x080057cc   0x00000010   Code   RO         4460    i.SystemInit        system_stm32f4xx.o
    0x080057dc   0x080057dc   0x0000001c   Code   RO          720    i.TIM1_BRK_TIM9_IRQHandler  stm32f4xx_it.o
    0x080057f8   0x080057f8   0x0000000c   Code   RO          721    i.TIM2_IRQHandler   stm32f4xx_it.o
    0x08005804   0x08005804   0x0000000c   Code   RO          722    i.TIM3_IRQHandler   stm32f4xx_it.o
    0x08005810   0x08005810   0x00000024   Code   RO          723    i.TIM4_IRQHandler   stm32f4xx_it.o
    0x08005834   0x08005834   0x0000000c   Code   RO          724    i.TIM8_BRK_TIM12_IRQHandler  stm32f4xx_it.o
    0x08005840   0x08005840   0x00000064   Code   RO          725    i.TIM8_UP_TIM13_IRQHandler  stm32f4xx_it.o
    0x080058a4   0x080058a4   0x000000c8   Code   RO         3224    i.TIM_Base_SetConfig  stm32f4xx_hal_tim.o
    0x0800596c   0x0800596c   0x0000001a   Code   RO         3225    i.TIM_CCxChannelCmd  stm32f4xx_hal_tim.o
    0x08005986   0x08005986   0x00000014   Code   RO         3235    i.TIM_ETR_SetConfig  stm32f4xx_hal_tim.o
    0x0800599a   0x0800599a   0x00000010   Code   RO         3236    i.TIM_ITRx_SetConfig  stm32f4xx_hal_tim.o
    0x080059aa   0x080059aa   0x00000002   PAD
    0x080059ac   0x080059ac   0x00000060   Code   RO         3237    i.TIM_OC1_SetConfig  stm32f4xx_hal_tim.o
    0x08005a0c   0x08005a0c   0x0000006c   Code   RO         3238    i.TIM_OC2_SetConfig  stm32f4xx_hal_tim.o
    0x08005a78   0x08005a78   0x00000068   Code   RO         3239    i.TIM_OC3_SetConfig  stm32f4xx_hal_tim.o
    0x08005ae0   0x08005ae0   0x00000050   Code   RO         3240    i.TIM_OC4_SetConfig  stm32f4xx_hal_tim.o
    0x08005b30   0x08005b30   0x00000022   Code   RO         3242    i.TIM_TI1_ConfigInputStage  stm32f4xx_hal_tim.o
    0x08005b52   0x08005b52   0x00000024   Code   RO         3244    i.TIM_TI2_ConfigInputStage  stm32f4xx_hal_tim.o
    0x08005b76   0x08005b76   0x00000010   Code   RO         4144    i.UART_DMAAbortOnError  stm32f4xx_hal_uart.o
    0x08005b86   0x08005b86   0x0000004a   Code   RO         4145    i.UART_DMAError     stm32f4xx_hal_uart.o
    0x08005bd0   0x08005bd0   0x00000082   Code   RO         4146    i.UART_DMAReceiveCplt  stm32f4xx_hal_uart.o
    0x08005c52   0x08005c52   0x0000001a   Code   RO         4148    i.UART_DMARxHalfCplt  stm32f4xx_hal_uart.o
    0x08005c6c   0x08005c6c   0x00000042   Code   RO         4150    i.UART_DMATransmitCplt  stm32f4xx_hal_uart.o
    0x08005cae   0x08005cae   0x0000000a   Code   RO         4152    i.UART_DMATxHalfCplt  stm32f4xx_hal_uart.o
    0x08005cb8   0x08005cb8   0x0000004e   Code   RO         4154    i.UART_EndRxTransfer  stm32f4xx_hal_uart.o
    0x08005d06   0x08005d06   0x0000001c   Code   RO         4155    i.UART_EndTxTransfer  stm32f4xx_hal_uart.o
    0x08005d22   0x08005d22   0x000000c0   Code   RO         4156    i.UART_Receive_IT   stm32f4xx_hal_uart.o
    0x08005de2   0x08005de2   0x00000002   PAD
    0x08005de4   0x08005de4   0x0000010c   Code   RO         4157    i.UART_SetConfig    stm32f4xx_hal_uart.o
    0x08005ef0   0x08005ef0   0x00000094   Code   RO         4158    i.UART_Start_Receive_DMA  stm32f4xx_hal_uart.o
    0x08005f84   0x08005f84   0x00000018   Code   RO          726    i.USART1_IRQHandler  stm32f4xx_it.o
    0x08005f9c   0x08005f9c   0x00000018   Code   RO          727    i.USART3_IRQHandler  stm32f4xx_it.o
    0x08005fb4   0x08005fb4   0x0000003c   Code   RO         6307    i.USART3_Init       drv_usart.o
    0x08005ff0   0x08005ff0   0x00000194   Code   RO         6418    i.USART3_rxDataHandler  rc_potocal.o
    0x08006184   0x08006184   0x00000018   Code   RO          728    i.USART6_IRQHandler  stm32f4xx_it.o
    0x0800619c   0x0800619c   0x0000003c   Code   RO         6308    i.USART6_Init       drv_usart.o
    0x080061d8   0x080061d8   0x00000030   Code   RO          729    i.USER_UART_IRQHandler  stm32f4xx_it.o
    0x08006208   0x08006208   0x000000d0   Code   RO         6375    i.Update_data       judge.o
    0x080062d8   0x080062d8   0x00000002   Code   RO          730    i.UsageFault_Handler  stm32f4xx_it.o
    0x080062da   0x080062da   0x00000002   PAD
    0x080062dc   0x080062dc   0x00000028   Code   RO         6144    i.Vector            chassis_task.o
    0x08006304   0x08006304   0x0000003c   Code   RO         6458    i.Verify_CRC16_Check_Sum  crc.o
    0x08006340   0x08006340   0x00000026   Code   RO         6459    i.Verify_CRC8_Check_Sum  crc.o
    0x08006366   0x08006366   0x00000026   Code   RO         6700    i.__ARM_fpclassifyf  m_wm.l(fpclassifyf.o)
    0x0800638c   0x0800638c   0x00000020   Code   RO         1982    i.__NVIC_SetPriority  stm32f4xx_hal_cortex.o
    0x080063ac   0x080063ac   0x0000012c   Code   RO         6591    i.__hardfp_asinf    m_wm.l(asinf.o)
    0x080064d8   0x080064d8   0x000002ac   Code   RO         6603    i.__hardfp_atan2f   m_wm.l(atan2f.o)
    0x08006784   0x08006784   0x00000014   Code   RO         6627    i.__hardfp_fabs     m_wm.l(fabs.o)
    0x08006798   0x08006798   0x00000006   Code   RO         6703    i.__mathlib_flt_infnan  m_wm.l(funder.o)
    0x0800679e   0x0800679e   0x00000006   Code   RO         6704    i.__mathlib_flt_infnan2  m_wm.l(funder.o)
    0x080067a4   0x080067a4   0x00000010   Code   RO         6705    i.__mathlib_flt_invalid  m_wm.l(funder.o)
    0x080067b4   0x080067b4   0x00000010   Code   RO         6708    i.__mathlib_flt_underflow  m_wm.l(funder.o)
    0x080067c4   0x080067c4   0x00000024   Code   RO         6244    i.can_remote        drv_can.o
    0x080067e8   0x080067e8   0x00000024   Code   RO         6145    i.chassis_current_give  chassis_task.o
    0x0800680c   0x0800680c   0x00000064   Code   RO         6146    i.chassis_motol_speed_calculate  chassis_task.o
    0x08006870   0x08006870   0x0000004c   Code   RO         6309    i.dma_m0_rxcplt_callback  drv_usart.o
    0x080068bc   0x080068bc   0x00000048   Code   RO         6310    i.dma_m1_rxcplt_callback  drv_usart.o
    0x08006904   0x08006904   0x000000f4   Code   RO         5867    i.get_angle         ins_task.o
    0x080069f8   0x080069f8   0x00000084   Code   RO         5868    i.imu_cali_slove    ins_task.o
    0x08006a7c   0x08006a7c   0x00000094   Code   RO         5870    i.imu_temp_control  ins_task.o
    0x08006b10   0x08006b10   0x0000002c   Code   RO         5871    i.invSqrt           ins_task.o
    0x08006b3c   0x08006b3c   0x00000024   Code   RO         5873    i.ist8310_IIC_write_single_reg  ins_task.o
    0x08006b60   0x08006b60   0x00000058   Code   RO         5874    i.ist8310_init      ins_task.o
    0x08006bb8   0x08006bb8   0x0000009c   Code   RO           17    i.main              main.o
    0x08006c54   0x08006c54   0x0000000c   Code   RO         5286    i.makeFreeRtosPriority  cmsis_os.o
    0x08006c60   0x08006c60   0x0000000e   Code   RO         5288    i.osDelay           cmsis_os.o
    0x08006c6e   0x08006c6e   0x0000000a   Code   RO         5291    i.osKernelStart     cmsis_os.o
    0x08006c78   0x08006c78   0x00000054   Code   RO         5325    i.osThreadCreate    cmsis_os.o
    0x08006ccc   0x08006ccc   0x000000a8   Code   RO         6515    i.pid_calc          pid.o
    0x08006d74   0x08006d74   0x0000005c   Code   RO         6516    i.pid_init          pid.o
    0x08006dd0   0x08006dd0   0x00000070   Code   RO         4962    i.prvAddCurrentTaskToDelayedList  tasks.o
    0x08006e40   0x08006e40   0x000000d0   Code   RO         4963    i.prvAddNewTaskToReadyList  tasks.o
    0x08006f10   0x08006f10   0x00000034   Code   RO         4964    i.prvDeleteTCB      tasks.o
    0x08006f44   0x08006f44   0x0000004c   Code   RO         5653    i.prvHeapInit       heap_4.o
    0x08006f90   0x08006f90   0x00000060   Code   RO         4965    i.prvIdleTask       tasks.o
    0x08006ff0   0x08006ff0   0x000000b0   Code   RO         4966    i.prvInitialiseNewTask  tasks.o
    0x080070a0   0x080070a0   0x0000004c   Code   RO         5654    i.prvInsertBlockIntoFreeList  heap_4.o
    0x080070ec   0x080070ec   0x00000020   Code   RO         4967    i.prvResetNextTaskUnblockTime  tasks.o
    0x0800710c   0x0800710c   0x00000028   Code   RO         5722    i.prvTaskExitError  port.o
    0x08007134   0x08007134   0x000000dc   Code   RO         5655    i.pvPortMalloc      heap_4.o
    0x08007210   0x08007210   0x0000002c   Code   RO         5723    i.pxPortInitialiseStack  port.o
    0x0800723c   0x0800723c   0x0000005c   Code   RO         6245    i.set_motor_current_can2  drv_can.o
    0x08007298   0x08007298   0x0000003e   Code   RO         6729    i.sqrtf             m_wm.l(sqrtf.o)
    0x080072d6   0x080072d6   0x00000002   PAD
    0x080072d8   0x080072d8   0x0000009c   Code   RO         6311    i.uart_rx_idle_callback  drv_usart.o
    0x08007374   0x08007374   0x00000026   Code   RO         4598    i.uxListRemove      list.o
    0x0800739a   0x0800739a   0x00000002   PAD
    0x0800739c   0x0800739c   0x00000020   Code   RO         4973    i.uxTaskGetStackHighWaterMark  tasks.o
    0x080073bc   0x080073bc   0x00000014   Code   RO          330    i.vApplicationGetIdleTaskMemory  freertos.o
    0x080073d0   0x080073d0   0x00000016   Code   RO         4599    i.vListInitialise   list.o
    0x080073e6   0x080073e6   0x00000006   Code   RO         4600    i.vListInitialiseItem  list.o
    0x080073ec   0x080073ec   0x00000030   Code   RO         4601    i.vListInsert       list.o
    0x0800741c   0x0800741c   0x00000018   Code   RO         4602    i.vListInsertEnd    list.o
    0x08007434   0x08007434   0x00000040   Code   RO         5725    i.vPortEnterCritical  port.o
    0x08007474   0x08007474   0x00000028   Code   RO         5726    i.vPortExitCritical  port.o
    0x0800749c   0x0800749c   0x00000064   Code   RO         5656    i.vPortFree         heap_4.o
    0x08007500   0x08007500   0x00000024   Code   RO         5727    i.vPortSetupTimerInterrupt  port.o
    0x08007524   0x08007524   0x0000004c   Code   RO         4977    i.vTaskDelay        tasks.o
    0x08007570   0x08007570   0x0000006c   Code   RO         4990    i.vTaskStartScheduler  tasks.o
    0x080075dc   0x080075dc   0x00000010   Code   RO         4992    i.vTaskSuspendAll   tasks.o
    0x080075ec   0x080075ec   0x0000005c   Code   RO         4993    i.vTaskSwitchContext  tasks.o
    0x08007648   0x08007648   0x000000f4   Code   RO         5729    i.xPortStartScheduler  port.o
    0x0800773c   0x0800773c   0x0000005a   Code   RO         4996    i.xTaskCreate       tasks.o
    0x08007796   0x08007796   0x00000056   Code   RO         4997    i.xTaskCreateStatic  tasks.o
    0x080077ec   0x080077ec   0x000000cc   Code   RO         5004    i.xTaskIncrementTick  tasks.o
    0x080078b8   0x080078b8   0x000000c4   Code   RO         5010    i.xTaskResumeAll    tasks.o
    0x0800797c   0x0800797c   0x00000062   Code   RO         6563    x$fpl$d2f           fz_wm.l(d2f.o)
    0x080079de   0x080079de   0x00000002   PAD
    0x080079e0   0x080079e0   0x00000150   Code   RO         6565    x$fpl$dadd          fz_wm.l(daddsub_clz.o)
    0x08007b30   0x08007b30   0x00000018   Code   RO         6668    x$fpl$dcmpinf       fz_wm.l(dcmpi.o)
    0x08007b48   0x08007b48   0x000002b0   Code   RO         6572    x$fpl$ddiv          fz_wm.l(ddiv.o)
    0x08007df8   0x08007df8   0x00000078   Code   RO         6575    x$fpl$deqf          fz_wm.l(deqf.o)
    0x08007e70   0x08007e70   0x0000005e   Code   RO         6577    x$fpl$dfix          fz_wm.l(dfix.o)
    0x08007ece   0x08007ece   0x0000002e   Code   RO         6582    x$fpl$dflt          fz_wm.l(dflt_clz.o)
    0x08007efc   0x08007efc   0x00000154   Code   RO         6587    x$fpl$dmul          fz_wm.l(dmul.o)
    0x08008050   0x08008050   0x0000009c   Code   RO         6672    x$fpl$dnaninf       fz_wm.l(dnaninf.o)
    0x080080ec   0x080080ec   0x0000000c   Code   RO         6674    x$fpl$dretinf       fz_wm.l(dretinf.o)
    0x080080f8   0x080080f8   0x000001d4   Code   RO         6567    x$fpl$dsub          fz_wm.l(daddsub_clz.o)
    0x080082cc   0x080082cc   0x00000056   Code   RO         6589    x$fpl$f2d           fz_wm.l(f2d.o)
    0x08008322   0x08008322   0x0000008c   Code   RO         6678    x$fpl$fnaninf       fz_wm.l(fnaninf.o)
    0x080083ae   0x080083ae   0x0000000a   Code   RO         6850    x$fpl$fpinit        fz_wm.l(fpinit.o)
    0x080083b8   0x080083b8   0x0000000a   Code   RO         6680    x$fpl$fretinf       fz_wm.l(fretinf.o)
    0x080083c2   0x080083c2   0x00000000   Code   RO         6682    x$fpl$usenofp       fz_wm.l(usenofp.o)
    0x080083c2   0x080083c2   0x00000002   PAD
    0x080083c4   0x080083c4   0x0000008c   Data   RO          332    .constdata          freertos.o
    0x08008450   0x08008450   0x00000008   Data   RO         1699    .constdata          stm32f4xx_hal_dma.o
    0x08008458   0x08008458   0x00000010   Data   RO         4461    .constdata          system_stm32f4xx.o
    0x08008468   0x08008468   0x00000008   Data   RO         4462    .constdata          system_stm32f4xx.o
    0x08008470   0x08008470   0x0000000c   Data   RO         5878    .constdata          ins_task.o
    0x0800847c   0x0800847c   0x00000300   Data   RO         6461    .constdata          crc.o
    0x0800877c   0x0800877c   0x00000038   Data   RO          333    .conststring        freertos.o
    0x080087b4   0x080087b4   0x00000020   Data   RO         6908    Region$$Table       anon$$obj.o


    Execution Region RW_IRAM1 (Exec base: 0x20000000, Load base: 0x080087d4, Size: 0x00005380, Max: 0x0001c000, ABSOLUTE, COMPRESSED[0x00000050])

    Exec Addr    Load Addr    Size         Type   Attr      Idx    E Section Name        Object

    0x20000000   COMPRESSED   0x00000003   Data   RW           29    .data               main.o
    0x20000003   COMPRESSED   0x00000001   PAD
    0x20000004   COMPRESSED   0x00000014   Data   RW          334    .data               freertos.o
    0x20000018   COMPRESSED   0x00000004   Data   RW          406    .data               can.o
    0x2000001c   COMPRESSED   0x00000008   Data   RW          731    .data               stm32f4xx_it.o
    0x20000024   COMPRESSED   0x0000000c   Data   RW         2126    .data               stm32f4xx_hal.o
    0x20000030   COMPRESSED   0x00000004   Data   RW         4463    .data               system_stm32f4xx.o
    0x20000034   COMPRESSED   0x0000003c   Data   RW         5013    .data               tasks.o
    0x20000070   COMPRESSED   0x00000020   Data   RW         5662    .data               heap_4.o
    0x20000090   COMPRESSED   0x0000000c   Data   RW         5730    .data               port.o
    0x2000009c   COMPRESSED   0x00000098   Data   RW         5879    .data               ins_task.o
    0x20000134   COMPRESSED   0x00000004   PAD
    0x20000138   COMPRESSED   0x00000084   Data   RW         6148    .data               chassis_task.o
    0x200001bc   COMPRESSED   0x00000001   Data   RW         6152    .data               chassis_task.o
    0x200001bd   COMPRESSED   0x00000001   Data   RW         6153    .data               chassis_task.o
    0x200001be   COMPRESSED   0x00000002   Data   RW         6246    .data               drv_can.o
    0x200001c0   COMPRESSED   0x00000001   Data   RW         6313    .data               drv_usart.o
    0x200001c1   COMPRESSED   0x00000003   PAD
    0x200001c4   COMPRESSED   0x00000014   Data   RW         6377    .data               judge.o
    0x200001d8   COMPRESSED   0x0000002c   Data   RW         6420    .data               rc_potocal.o
    0x20000204   COMPRESSED   0x00000002   Data   RW         6462    .data               crc.o
    0x20000206   COMPRESSED   0x00000002   PAD
    0x20000208        -       0x0000008c   Zero   RW           22    .bss                main.o
    0x20000294        -       0x00000254   Zero   RW          331    .bss                freertos.o
    0x200004e8        -       0x00000050   Zero   RW          405    .bss                can.o
    0x20000538        -       0x00000054   Zero   RW          478    .bss                i2c.o
    0x2000058c        -       0x00000118   Zero   RW          520    .bss                spi.o
    0x200006a4        -       0x000001b0   Zero   RW          568    .bss                tim.o
    0x20000854        -       0x0000030c   Zero   RW          646    .bss                usart.o
    0x20000b60        -       0x00000048   Zero   RW          955    .bss                stm32f4xx_hal_timebase_tim.o
    0x20000ba8        -       0x000000f0   Zero   RW         5012    .bss                tasks.o
    0x20000c98        -       0x00003c00   Zero   RW         5661    .bss                heap_4.o
    0x20004898        -       0x000000a4   Zero   RW         5877    .bss                ins_task.o
    0x2000493c        -       0x00000170   Zero   RW         6147    .bss                chassis_task.o
    0x20004aac        -       0x000001c0   Zero   RW         6312    .bss                drv_usart.o
    0x20004c6c        -       0x0000009e   Zero   RW         6376    .bss                judge.o
    0x20004d0a        -       0x00000016   Zero   RW         6419    .bss                rc_potocal.o
    0x20004d20        -       0x00000060   Zero   RW         6766    .bss                c_w.l(libspace.o)
    0x20004d80        -       0x00000200   Zero   RW            2    HEAP                startup_stm32f407xx.o
    0x20004f80        -       0x00000400   Zero   RW            1    STACK               startup_stm32f407xx.o


    Execution Region RW_IRAM2 (Exec base: 0x2001c000, Load base: 0x08008824, Size: 0x00000000, Max: 0x00004000, ABSOLUTE)

    **** No section assigned to this execution region ****


==============================================================================

Image component sizes


      Code (inc. data)   RO Data    RW Data    ZI Data      Debug   Object Name

       420         42          0          4         80       2458   can.o
      1250        112          0        134        368       8468   chassis_task.o
       120          0          0          0          0      23229   cmsis_os.o
       170         16        768          2          0       3599   crc.o
       172          4          0          0          0        854   dma.o
       404         38          0          2          0       4870   drv_can.o
      1044         84          0          1        448       5928   drv_usart.o
         0          0          0          0          0      16884   event_groups.o
       172         20        196         20        596       3045   freertos.o
       412         30          0          0          0       1195   gpio.o
       472         24          0         32      15360       7387   heap_4.o
       212         32          0          0         84       1697   i2c.o
      3112        196         12        152        164     650847   ins_task.o
       628         38          0         20        158       7148   judge.o
       138          0          0          0          0       3522   list.o
       444         52          0          3        140     753760   main.o
       260          6          0          0          0       2226   pid.o
       702         72          0         12          0      10908   port.o
       404         16          0         44         22       3958   rc_potocal.o
       340         32          0          0        280       1887   spi.o
         8          0          0          0          0        478   starttask02.o
         8          0          0          0          0        478   starttask05.o
        64         26        392          0       1536        836   startup_stm32f407xx.o
       116         18          0         12          0       8674   stm32f4xx_hal.o
      1658          6          0          0          0      14127   stm32f4xx_hal_can.o
       158         14          0          0          0      33142   stm32f4xx_hal_cortex.o
      1084         16          8          0          0       7286   stm32f4xx_hal_dma.o
       532         52          0          0          0       3332   stm32f4xx_hal_gpio.o
      1316         32          0          0          0       9371   stm32f4xx_hal_i2c.o
        56          4          0          0          0        854   stm32f4xx_hal_msp.o
      1412         86          0          0          0       5845   stm32f4xx_hal_rcc.o
      2780         68          0          0          0      20552   stm32f4xx_hal_spi.o
      2068        136          0          0          0      17353   stm32f4xx_hal_tim.o
       148         28          0          0          0       2425   stm32f4xx_hal_tim_ex.o
       152         20          0          0         72       1459   stm32f4xx_hal_timebase_tim.o
      2054         44          0          0          0      15869   stm32f4xx_hal_uart.o
       592        188          0          8          0      17857   stm32f4xx_it.o
         0          0          0          0          0        432   stream_buffer.o
        16          4         24          4          0       1103   system_stm32f4xx.o
      1576        116          0         60        240      20224   tasks.o
       920         84          0          0        432       5767   tim.o
       900         78          0          0        780       3738   usart.o

    ----------------------------------------------------------------------
     28542       1834       1432        520      20760    1705072   Object Totals
         0          0         32          0          0          0   (incl. Generated)
        48          0          0         10          0          0   (incl. Padding)

    ----------------------------------------------------------------------

      Code (inc. data)   RO Data    RW Data    ZI Data      Debug   Library Member Name

        90          0          0          0          0          0   __dczerorl2.o
         8          0          0          0          0         68   __main.o
         0          0          0          0          0          0   __rtentry.o
        12          0          0          0          0          0   __rtentry2.o
         6          0          0          0          0          0   __rtentry4.o
        52          8          0          0          0          0   __scatter.o
        28          0          0          0          0          0   __scatter_zi.o
        22          0          0          0          0        100   _rserrno.o
        16          0          0          0          0         68   aeabi_memset.o
        18          0          0          0          0         80   exit.o
         6          0          0          0          0        152   heapauxi.o
         0          0          0          0          0          0   indicate_semi.o
         2          0          0          0          0          0   libinit.o
         6          0          0          0          0          0   libinit2.o
         2          0          0          0          0          0   libshutdown.o
         2          0          0          0          0          0   libshutdown2.o
         8          4          0          0         96         68   libspace.o
       238          0          0          0          0        100   lludivv7m.o
         8          4          0          0          0         68   rt_errno_addr_intlibspace.o
        68          0          0          0          0         68   rt_memclr.o
        78          0          0          0          0         80   rt_memclr_w.o
       138          0          0          0          0         68   rt_memcpy_v6.o
       100          0          0          0          0         80   rt_memcpy_w.o
         2          0          0          0          0          0   rtexit.o
        10          0          0          0          0          0   rtexit2.o
        12          4          0          0          0         68   sys_exit.o
        74          0          0          0          0         80   sys_stackheap_outer.o
         2          0          0          0          0         68   use_no_semi.o
        98          4          0          0          0        140   d2f.o
       804         16          0          0          0        368   daddsub_clz.o
        24          0          0          0          0        116   dcmpi.o
       688        140          0          0          0        256   ddiv.o
       120          4          0          0          0        140   deqf.o
        94          4          0          0          0        140   dfix.o
        46          0          0          0          0        116   dflt_clz.o
       340         12          0          0          0        152   dmul.o
       156          4          0          0          0        140   dnaninf.o
        12          0          0          0          0        116   dretinf.o
        86          4          0          0          0        132   f2d.o
       140          4          0          0          0        132   fnaninf.o
        10          0          0          0          0        116   fpinit.o
        10          0          0          0          0        116   fretinf.o
         0          0          0          0          0          0   usenofp.o
       300         42          0          0          0        176   asinf.o
       684         90          0          0          0        208   atan2f.o
        20          0          0          0          0        124   fabs.o
        38          0          0          0          0        116   fpclassifyf.o
        44         12          0          0          0        464   funder.o
        62          0          0          0          0        136   sqrtf.o

    ----------------------------------------------------------------------
      4798        356          0          0         96       4620   Library Totals
        14          0          0          0          0          0   (incl. Padding)

    ----------------------------------------------------------------------

      Code (inc. data)   RO Data    RW Data    ZI Data      Debug   Library Name

      1008         20          0          0         96       1216   c_w.l
      2628        192          0          0          0       2180   fz_wm.l
      1148        144          0          0          0       1224   m_wm.l

    ----------------------------------------------------------------------
      4798        356          0          0         96       4620   Library Totals

    ----------------------------------------------------------------------

==============================================================================


      Code (inc. data)   RO Data    RW Data    ZI Data      Debug   

     33340       2190       1432        520      20856    1680620   Grand Totals
     33340       2190       1432         80      20856    1680620   ELF Image Totals (compressed)
     33340       2190       1432         80          0          0   ROM Totals

==============================================================================

    Total RO  Size (Code + RO Data)                34772 (  33.96kB)
    Total RW  Size (RW Data + ZI Data)             21376 (  20.88kB)
    Total ROM Size (Code + RO Data + RW Data)      34852 (  34.04kB)

==============================================================================

