<html>
<body>
<pre>
<h1>礦ision Build Log</h1>
<h2>Tool Versions:</h2>
IDE-Version: μVision V5.14.0.0
Copyright (C) 2015 ARM Ltd and ARM Germany GmbH. All rights reserved.
License Information: L LHope, CQU, LIC=----
 
Tool Versions:
Toolchain:       MDK-Lite  Version: 5.14.0.0
Toolchain Path:  C:\Keil_v5\ARM\ARMCC\Bin
C Compiler:      Armcc.exe V5.05 update 1 (build 106)
Assembler:       Armasm.exe V5.05 update 1 (build 106)
Linker/Locator:  ArmLink.exe V5.05 update 1 (build 106)
Library Manager: ArmAr.exe V5.05 update 1 (build 106)
Hex Converter:   FromElf.exe V5.05 update 1 (build 106)
CPU DLL:         SARMCM3.DLL V5.14.0.0
Dialog DLL:      DCM.DLL V1.13.1.0
Target DLL:      STLink\ST-LINKIII-KEIL_SWO.dll V2.0.14.0_KEIL
Dialog DLL:      TCM.DLL V1.14.4.0
 
<h2>Project:</h2>
C:\Users\LHope\Desktop\英雄截至2023.2.367868\YX_down\MDK-ARM\YX_down.uvprojx
Project File Date:  03/09/2023

<h2>Output:</h2>
Rebuild target 'YX_down'
assembling startup_stm32f407xx.s...
compiling bsp_rc.c...
../Drivers/CMSIS/Device/ST/STM32F4xx/Include/stm32f407xx.h(51): warning:  #47-D: incompatible redefinition of macro "__FPU_PRESENT"
  #define __FPU_PRESENT             1U       /*!< FPU present                                   */
../Drivers/CMSIS/Include/core_cm4.h(79): warning:  #47-D: incompatible redefinition of macro "__FPU_USED"
        #define __FPU_USED       1U
..\User\bsp_rc.c: 2 warnings, 0 errors
compiling PID.c...
../Drivers/CMSIS/Device/ST/STM32F4xx/Include/stm32f407xx.h(51): warning:  #47-D: incompatible redefinition of macro "__FPU_PRESENT"
  #define __FPU_PRESENT             1U       /*!< FPU present                                   */
../Drivers/CMSIS/Include/core_cm4.h(79): warning:  #47-D: incompatible redefinition of macro "__FPU_USED"
        #define __FPU_USED       1U
..\User\PID.h(16): warning:  #1295-D: Deprecated declaration down_inherit - give arg types
  void down_inherit();//速度继承                                                        
..\User\PID.h(18): warning:  #1-D: last line of file ends without a newline
                                                        
..\User\PID.c(200): warning:  #1-D: last line of file ends without a newline
  }
..\User\PID.c: 5 warnings, 0 errors
compiling remote_control.c...
../Drivers/CMSIS/Device/ST/STM32F4xx/Include/stm32f407xx.h(51): warning:  #47-D: incompatible redefinition of macro "__FPU_PRESENT"
  #define __FPU_PRESENT             1U       /*!< FPU present                                   */
../Drivers/CMSIS/Include/core_cm4.h(79): warning:  #47-D: incompatible redefinition of macro "__FPU_USED"
        #define __FPU_USED       1U
..\User\remote_control.c: 2 warnings, 0 errors
compiling main.c...
../Drivers/CMSIS/Device/ST/STM32F4xx/Include/stm32f407xx.h(51): warning:  #47-D: incompatible redefinition of macro "__FPU_PRESENT"
  #define __FPU_PRESENT             1U       /*!< FPU present                                   */
../Drivers/CMSIS/Include/core_cm4.h(79): warning:  #47-D: incompatible redefinition of macro "__FPU_USED"
        #define __FPU_USED       1U
../Core/Src/main.c: 2 warnings, 0 errors
compiling gpio.c...
../Drivers/CMSIS/Device/ST/STM32F4xx/Include/stm32f407xx.h(51): warning:  #47-D: incompatible redefinition of macro "__FPU_PRESENT"
  #define __FPU_PRESENT             1U       /*!< FPU present                                   */
../Drivers/CMSIS/Include/core_cm4.h(79): warning:  #47-D: incompatible redefinition of macro "__FPU_USED"
        #define __FPU_USED       1U
../Core/Src/gpio.c: 2 warnings, 0 errors
compiling freertos.c...
../Drivers/CMSIS/Device/ST/STM32F4xx/Include/stm32f407xx.h(51): warning:  #47-D: incompatible redefinition of macro "__FPU_PRESENT"
  #define __FPU_PRESENT             1U       /*!< FPU present                                   */
../Drivers/CMSIS/Include/core_cm4.h(79): warning:  #47-D: incompatible redefinition of macro "__FPU_USED"
        #define __FPU_USED       1U
../User/PID.h(16): warning:  #1295-D: Deprecated declaration down_inherit - give arg types
  void down_inherit();//速度继承                                                        
../User/PID.h(18): warning:  #1-D: last line of file ends without a newline
                                                        
../User/time_user.h(2): warning:  #1-D: last line of file ends without a newline
  void TIM1_UP_TIM10_IRQHandler(void);
../User/StartTask02.h(1): warning:  #1-D: last line of file ends without a newline
  void StartTask02(void const * argument);
../User/StartTask03.h(1): warning:  #1-D: last line of file ends without a newline
  void StartTask03(void const * argument);
../User/StartTask04.h(1): warning:  #1-D: last line of file ends without a newline
  void StartTask04(void const * argument);
../User/StartTask05.h(1): warning:  #1-D: last line of file ends without a newline
  void StartTask05(void const * argument);
../Core/Src/freertos.c: 9 warnings, 0 errors
compiling can.c...
../Drivers/CMSIS/Device/ST/STM32F4xx/Include/stm32f407xx.h(51): warning:  #47-D: incompatible redefinition of macro "__FPU_PRESENT"
  #define __FPU_PRESENT             1U       /*!< FPU present                                   */
../Drivers/CMSIS/Include/core_cm4.h(79): warning:  #47-D: incompatible redefinition of macro "__FPU_USED"
        #define __FPU_USED       1U
../Core/Src/can.c: 2 warnings, 0 errors
compiling dma.c...
../Drivers/CMSIS/Device/ST/STM32F4xx/Include/stm32f407xx.h(51): warning:  #47-D: incompatible redefinition of macro "__FPU_PRESENT"
  #define __FPU_PRESENT             1U       /*!< FPU present                                   */
../Drivers/CMSIS/Include/core_cm4.h(79): warning:  #47-D: incompatible redefinition of macro "__FPU_USED"
        #define __FPU_USED       1U
../Core/Src/dma.c: 2 warnings, 0 errors
compiling tim.c...
../Drivers/CMSIS/Device/ST/STM32F4xx/Include/stm32f407xx.h(51): warning:  #47-D: incompatible redefinition of macro "__FPU_PRESENT"
  #define __FPU_PRESENT             1U       /*!< FPU present                                   */
../Drivers/CMSIS/Include/core_cm4.h(79): warning:  #47-D: incompatible redefinition of macro "__FPU_USED"
        #define __FPU_USED       1U
../Core/Src/tim.c: 2 warnings, 0 errors
compiling usart.c...
../Drivers/CMSIS/Device/ST/STM32F4xx/Include/stm32f407xx.h(51): warning:  #47-D: incompatible redefinition of macro "__FPU_PRESENT"
  #define __FPU_PRESENT             1U       /*!< FPU present                                   */
../Drivers/CMSIS/Include/core_cm4.h(79): warning:  #47-D: incompatible redefinition of macro "__FPU_USED"
        #define __FPU_USED       1U
../Core/Src/usart.c: 2 warnings, 0 errors
compiling stm32f4xx_it.c...
../Drivers/CMSIS/Device/ST/STM32F4xx/Include/stm32f407xx.h(51): warning:  #47-D: incompatible redefinition of macro "__FPU_PRESENT"
  #define __FPU_PRESENT             1U       /*!< FPU present                                   */
../Drivers/CMSIS/Include/core_cm4.h(79): warning:  #47-D: incompatible redefinition of macro "__FPU_USED"
        #define __FPU_USED       1U
../Core/Src/stm32f4xx_it.c(274): warning:  #9-D: nested comment is not allowed
  /**
../Core/Src/stm32f4xx_it.c: 3 warnings, 0 errors
compiling stm32f4xx_hal_msp.c...
../Drivers/CMSIS/Device/ST/STM32F4xx/Include/stm32f407xx.h(51): warning:  #47-D: incompatible redefinition of macro "__FPU_PRESENT"
  #define __FPU_PRESENT             1U       /*!< FPU present                                   */
../Drivers/CMSIS/Include/core_cm4.h(79): warning:  #47-D: incompatible redefinition of macro "__FPU_USED"
        #define __FPU_USED       1U
../Core/Src/stm32f4xx_hal_msp.c: 2 warnings, 0 errors
compiling time_user.c...
../Drivers/CMSIS/Device/ST/STM32F4xx/Include/stm32f407xx.h(51): warning:  #47-D: incompatible redefinition of macro "__FPU_PRESENT"
  #define __FPU_PRESENT             1U       /*!< FPU present                                   */
../Drivers/CMSIS/Include/core_cm4.h(79): warning:  #47-D: incompatible redefinition of macro "__FPU_USED"
        #define __FPU_USED       1U
..\User\time_user.h(2): warning:  #1-D: last line of file ends without a newline
  void TIM1_UP_TIM10_IRQHandler(void);
..\User\time_user.c(24): warning:  #1-D: last line of file ends without a newline
  }
..\User\time_user.c: 4 warnings, 0 errors
compiling stm32f4xx_hal_can.c...
../Drivers/CMSIS/Device/ST/STM32F4xx/Include/stm32f407xx.h(51): warning:  #47-D: incompatible redefinition of macro "__FPU_PRESENT"
  #define __FPU_PRESENT             1U       /*!< FPU present                                   */
../Drivers/CMSIS/Include/core_cm4.h(79): warning:  #47-D: incompatible redefinition of macro "__FPU_USED"
        #define __FPU_USED       1U
../Drivers/STM32F4xx_HAL_Driver/Src/stm32f4xx_hal_can.c: 2 warnings, 0 errors
compiling stm32f4xx_hal_rcc.c...
../Drivers/CMSIS/Device/ST/STM32F4xx/Include/stm32f407xx.h(51): warning:  #47-D: incompatible redefinition of macro "__FPU_PRESENT"
  #define __FPU_PRESENT             1U       /*!< FPU present                                   */
../Drivers/CMSIS/Include/core_cm4.h(79): warning:  #47-D: incompatible redefinition of macro "__FPU_USED"
        #define __FPU_USED       1U
../Drivers/STM32F4xx_HAL_Driver/Src/stm32f4xx_hal_rcc.c: 2 warnings, 0 errors
compiling stm32f4xx_hal_rcc_ex.c...
../Drivers/CMSIS/Device/ST/STM32F4xx/Include/stm32f407xx.h(51): warning:  #47-D: incompatible redefinition of macro "__FPU_PRESENT"
  #define __FPU_PRESENT             1U       /*!< FPU present                                   */
../Drivers/CMSIS/Include/core_cm4.h(79): warning:  #47-D: incompatible redefinition of macro "__FPU_USED"
        #define __FPU_USED       1U
../Drivers/STM32F4xx_HAL_Driver/Src/stm32f4xx_hal_rcc_ex.c: 2 warnings, 0 errors
compiling stm32f4xx_hal_flash.c...
../Drivers/CMSIS/Device/ST/STM32F4xx/Include/stm32f407xx.h(51): warning:  #47-D: incompatible redefinition of macro "__FPU_PRESENT"
  #define __FPU_PRESENT             1U       /*!< FPU present                                   */
../Drivers/CMSIS/Include/core_cm4.h(79): warning:  #47-D: incompatible redefinition of macro "__FPU_USED"
        #define __FPU_USED       1U
../Drivers/STM32F4xx_HAL_Driver/Src/stm32f4xx_hal_flash.c: 2 warnings, 0 errors
compiling stm32f4xx_hal_flash_ex.c...
../Drivers/CMSIS/Device/ST/STM32F4xx/Include/stm32f407xx.h(51): warning:  #47-D: incompatible redefinition of macro "__FPU_PRESENT"
  #define __FPU_PRESENT             1U       /*!< FPU present                                   */
../Drivers/CMSIS/Include/core_cm4.h(79): warning:  #47-D: incompatible redefinition of macro "__FPU_USED"
        #define __FPU_USED       1U
../Drivers/STM32F4xx_HAL_Driver/Src/stm32f4xx_hal_flash_ex.c: 2 warnings, 0 errors
compiling stm32f4xx_hal_flash_ramfunc.c...
../Drivers/CMSIS/Device/ST/STM32F4xx/Include/stm32f407xx.h(51): warning:  #47-D: incompatible redefinition of macro "__FPU_PRESENT"
  #define __FPU_PRESENT             1U       /*!< FPU present                                   */
../Drivers/CMSIS/Include/core_cm4.h(79): warning:  #47-D: incompatible redefinition of macro "__FPU_USED"
        #define __FPU_USED       1U
../Drivers/STM32F4xx_HAL_Driver/Src/stm32f4xx_hal_flash_ramfunc.c: 2 warnings, 0 errors
compiling stm32f4xx_hal_gpio.c...
../Drivers/CMSIS/Device/ST/STM32F4xx/Include/stm32f407xx.h(51): warning:  #47-D: incompatible redefinition of macro "__FPU_PRESENT"
  #define __FPU_PRESENT             1U       /*!< FPU present                                   */
../Drivers/CMSIS/Include/core_cm4.h(79): warning:  #47-D: incompatible redefinition of macro "__FPU_USED"
        #define __FPU_USED       1U
../Drivers/STM32F4xx_HAL_Driver/Src/stm32f4xx_hal_gpio.c: 2 warnings, 0 errors
compiling stm32f4xx_hal_dma_ex.c...
../Drivers/CMSIS/Device/ST/STM32F4xx/Include/stm32f407xx.h(51): warning:  #47-D: incompatible redefinition of macro "__FPU_PRESENT"
  #define __FPU_PRESENT             1U       /*!< FPU present                                   */
../Drivers/CMSIS/Include/core_cm4.h(79): warning:  #47-D: incompatible redefinition of macro "__FPU_USED"
        #define __FPU_USED       1U
../Drivers/STM32F4xx_HAL_Driver/Src/stm32f4xx_hal_dma_ex.c: 2 warnings, 0 errors
compiling stm32f4xx_hal_dma.c...
../Drivers/CMSIS/Device/ST/STM32F4xx/Include/stm32f407xx.h(51): warning:  #47-D: incompatible redefinition of macro "__FPU_PRESENT"
  #define __FPU_PRESENT             1U       /*!< FPU present                                   */
../Drivers/CMSIS/Include/core_cm4.h(79): warning:  #47-D: incompatible redefinition of macro "__FPU_USED"
        #define __FPU_USED       1U
../Drivers/STM32F4xx_HAL_Driver/Src/stm32f4xx_hal_dma.c: 2 warnings, 0 errors
compiling stm32f4xx_hal_pwr.c...
../Drivers/CMSIS/Device/ST/STM32F4xx/Include/stm32f407xx.h(51): warning:  #47-D: incompatible redefinition of macro "__FPU_PRESENT"
  #define __FPU_PRESENT             1U       /*!< FPU present                                   */
../Drivers/CMSIS/Include/core_cm4.h(79): warning:  #47-D: incompatible redefinition of macro "__FPU_USED"
        #define __FPU_USED       1U
../Drivers/STM32F4xx_HAL_Driver/Src/stm32f4xx_hal_pwr.c: 2 warnings, 0 errors
compiling stm32f4xx_hal_pwr_ex.c...
../Drivers/CMSIS/Device/ST/STM32F4xx/Include/stm32f407xx.h(51): warning:  #47-D: incompatible redefinition of macro "__FPU_PRESENT"
  #define __FPU_PRESENT             1U       /*!< FPU present                                   */
../Drivers/CMSIS/Include/core_cm4.h(79): warning:  #47-D: incompatible redefinition of macro "__FPU_USED"
        #define __FPU_USED       1U
../Drivers/STM32F4xx_HAL_Driver/Src/stm32f4xx_hal_pwr_ex.c: 2 warnings, 0 errors
compiling stm32f4xx_hal_cortex.c...
../Drivers/CMSIS/Device/ST/STM32F4xx/Include/stm32f407xx.h(51): warning:  #47-D: incompatible redefinition of macro "__FPU_PRESENT"
  #define __FPU_PRESENT             1U       /*!< FPU present                                   */
../Drivers/CMSIS/Include/core_cm4.h(79): warning:  #47-D: incompatible redefinition of macro "__FPU_USED"
        #define __FPU_USED       1U
../Drivers/STM32F4xx_HAL_Driver/Src/stm32f4xx_hal_cortex.c: 2 warnings, 0 errors
compiling stm32f4xx_hal.c...
../Drivers/CMSIS/Device/ST/STM32F4xx/Include/stm32f407xx.h(51): warning:  #47-D: incompatible redefinition of macro "__FPU_PRESENT"
  #define __FPU_PRESENT             1U       /*!< FPU present                                   */
../Drivers/CMSIS/Include/core_cm4.h(79): warning:  #47-D: incompatible redefinition of macro "__FPU_USED"
        #define __FPU_USED       1U
../Drivers/STM32F4xx_HAL_Driver/Src/stm32f4xx_hal.c: 2 warnings, 0 errors
compiling stm32f4xx_hal_exti.c...
../Drivers/CMSIS/Device/ST/STM32F4xx/Include/stm32f407xx.h(51): warning:  #47-D: incompatible redefinition of macro "__FPU_PRESENT"
  #define __FPU_PRESENT             1U       /*!< FPU present                                   */
../Drivers/CMSIS/Include/core_cm4.h(79): warning:  #47-D: incompatible redefinition of macro "__FPU_USED"
        #define __FPU_USED       1U
../Drivers/STM32F4xx_HAL_Driver/Src/stm32f4xx_hal_exti.c: 2 warnings, 0 errors
compiling stm32f4xx_hal_tim.c...
../Drivers/CMSIS/Device/ST/STM32F4xx/Include/stm32f407xx.h(51): warning:  #47-D: incompatible redefinition of macro "__FPU_PRESENT"
  #define __FPU_PRESENT             1U       /*!< FPU present                                   */
../Drivers/CMSIS/Include/core_cm4.h(79): warning:  #47-D: incompatible redefinition of macro "__FPU_USED"
        #define __FPU_USED       1U
../Drivers/STM32F4xx_HAL_Driver/Src/stm32f4xx_hal_tim.c: 2 warnings, 0 errors
compiling stm32f4xx_hal_tim_ex.c...
../Drivers/CMSIS/Device/ST/STM32F4xx/Include/stm32f407xx.h(51): warning:  #47-D: incompatible redefinition of macro "__FPU_PRESENT"
  #define __FPU_PRESENT             1U       /*!< FPU present                                   */
../Drivers/CMSIS/Include/core_cm4.h(79): warning:  #47-D: incompatible redefinition of macro "__FPU_USED"
        #define __FPU_USED       1U
../Drivers/STM32F4xx_HAL_Driver/Src/stm32f4xx_hal_tim_ex.c: 2 warnings, 0 errors
compiling stm32f4xx_hal_uart.c...
../Drivers/CMSIS/Device/ST/STM32F4xx/Include/stm32f407xx.h(51): warning:  #47-D: incompatible redefinition of macro "__FPU_PRESENT"
  #define __FPU_PRESENT             1U       /*!< FPU present                                   */
../Drivers/CMSIS/Include/core_cm4.h(79): warning:  #47-D: incompatible redefinition of macro "__FPU_USED"
        #define __FPU_USED       1U
../Drivers/STM32F4xx_HAL_Driver/Src/stm32f4xx_hal_uart.c: 2 warnings, 0 errors
compiling system_stm32f4xx.c...
../Drivers/CMSIS/Device/ST/STM32F4xx/Include/stm32f407xx.h(51): warning:  #47-D: incompatible redefinition of macro "__FPU_PRESENT"
  #define __FPU_PRESENT             1U       /*!< FPU present                                   */
../Drivers/CMSIS/Include/core_cm4.h(79): warning:  #47-D: incompatible redefinition of macro "__FPU_USED"
        #define __FPU_USED       1U
../Core/Src/system_stm32f4xx.c: 2 warnings, 0 errors
compiling croutine.c...
compiling event_groups.c...
compiling list.c...
compiling queue.c...
compiling stream_buffer.c...
compiling tasks.c...
compiling timers.c...
compiling cmsis_os.c...
compiling heap_4.c...
compiling port.c...
compiling StartTask02.c...
../Drivers/CMSIS/Device/ST/STM32F4xx/Include/stm32f407xx.h(51): warning:  #47-D: incompatible redefinition of macro "__FPU_PRESENT"
  #define __FPU_PRESENT             1U       /*!< FPU present                                   */
../Drivers/CMSIS/Include/core_cm4.h(79): warning:  #47-D: incompatible redefinition of macro "__FPU_USED"
        #define __FPU_USED       1U
../User/PID.h(16): warning:  #1295-D: Deprecated declaration down_inherit - give arg types
  void down_inherit();//速度继承                                                        
../User/PID.h(18): warning:  #1-D: last line of file ends without a newline
                                                        
../User/time_user.h(2): warning:  #1-D: last line of file ends without a newline
  void TIM1_UP_TIM10_IRQHandler(void);
..\Core\Src\StartTask02.c: 5 warnings, 0 errors
compiling StartTask03.c...
../Drivers/CMSIS/Device/ST/STM32F4xx/Include/stm32f407xx.h(51): warning:  #47-D: incompatible redefinition of macro "__FPU_PRESENT"
  #define __FPU_PRESENT             1U       /*!< FPU present                                   */
../Drivers/CMSIS/Include/core_cm4.h(79): warning:  #47-D: incompatible redefinition of macro "__FPU_USED"
        #define __FPU_USED       1U
../User/PID.h(16): warning:  #1295-D: Deprecated declaration down_inherit - give arg types
  void down_inherit();//速度继承                                                        
../User/PID.h(18): warning:  #1-D: last line of file ends without a newline
                                                        
../User/time_user.h(2): warning:  #1-D: last line of file ends without a newline
  void TIM1_UP_TIM10_IRQHandler(void);
..\Core\Src\StartTask03.c: 5 warnings, 0 errors
compiling StartTask04.c...
../Drivers/CMSIS/Device/ST/STM32F4xx/Include/stm32f407xx.h(51): warning:  #47-D: incompatible redefinition of macro "__FPU_PRESENT"
  #define __FPU_PRESENT             1U       /*!< FPU present                                   */
../Drivers/CMSIS/Include/core_cm4.h(79): warning:  #47-D: incompatible redefinition of macro "__FPU_USED"
        #define __FPU_USED       1U
../User/PID.h(16): warning:  #1295-D: Deprecated declaration down_inherit - give arg types
  void down_inherit();//速度继承                                                        
../User/PID.h(18): warning:  #1-D: last line of file ends without a newline
                                                        
../User/time_user.h(2): warning:  #1-D: last line of file ends without a newline
  void TIM1_UP_TIM10_IRQHandler(void);
..\Core\Src\StartTask04.c(85): warning:  #1-D: last line of file ends without a newline
  }
..\Core\Src\StartTask04.c: 6 warnings, 0 errors
compiling StartTask05.c...
../Drivers/CMSIS/Device/ST/STM32F4xx/Include/stm32f407xx.h(51): warning:  #47-D: incompatible redefinition of macro "__FPU_PRESENT"
  #define __FPU_PRESENT             1U       /*!< FPU present                                   */
../Drivers/CMSIS/Include/core_cm4.h(79): warning:  #47-D: incompatible redefinition of macro "__FPU_USED"
        #define __FPU_USED       1U
../User/PID.h(16): warning:  #1295-D: Deprecated declaration down_inherit - give arg types
  void down_inherit();//速度继承                                                        
../User/PID.h(18): warning:  #1-D: last line of file ends without a newline
                                                        
../User/time_user.h(2): warning:  #1-D: last line of file ends without a newline
  void TIM1_UP_TIM10_IRQHandler(void);
..\Core\Src\StartTask05.c(76): warning:  #1-D: last line of file ends without a newline
  }
..\Core\Src\StartTask05.c(15): warning:  #550-D: variable "err_yaw_angel" was set but never used
        uint16_t err_yaw_angel;
..\Core\Src\StartTask05.c: 7 warnings, 0 errors
linking...
Program Size: Code=21064 RO-data=976 RW-data=292 ZI-data=20028  
FromELF: creating hex file...
"YX_down\YX_down.axf" - 0 Error(s), 98 Warning(s).

<h2>Software Packages used:</h2>

Package Vendor: ARM
                http://www.keil.com/pack/ARM.CMSIS.4.2.0.pack
                ARM::CMSIS:CORE:3.40.0
                CMSIS (Cortex Microcontroller Software Interface Standard)
   * Component: CORE Version: 3.40.0

<h2>Collection of Component include folders:</h2>
  C:\Users\LHope\Desktop\英雄截至2023.2.367868\YX_down\MDK-ARM\RTE
  C:\Keil_v5\ARM\PACK\ARM\CMSIS\4.2.0\CMSIS\Include
  C:\Keil_v5\ARM\PACK\Keil\STM32F4xx_DFP\2.16.0

<h2>Collection of Component Files used:</h2>

   * Component: ARM::CMSIS:CORE:3.40.0
      Source file:   CMSIS\UserCodeTemplates\ARM\ITM_Retarget.c
</pre>
</body>
</html>
